  random seed set to 20260619
=== Musical_Instruments: load splits ===
  n_users=57,439  n_items=24,587  pad_id=24587
  built sequences for 57,439 users
  built timestamp sequences (12 time buckets)
  loading SBERT embeddings from C:\Users\rayxc\Documents\R\cache_5core\sbert_titles_Musical_Instruments.npy...
  TAPE: k-means 24,587 text embeddings into K=512 prototypes (tau=0.05)...
  TAPE: K=512 mean max-assignment weight = 0.526 (1.0 = hard clustering)

=== Build SASRec-SBERT (d=64, layers=4, heads=2) ===
  total params: 11,186,047  device=cuda
  57,439 training examples / 225 batches per epoch
  LR schedule: warmup_cosine (225 warmup + 4275 cosine steps)

=== Train for 20 epochs ===
  evaluating 57,439 users in batches of 512...
    [512/57,439  elapsed 0.2s]
    [5,632/57,439  elapsed 1.6s]
    [10,752/57,439  elapsed 3.0s]
    [15,872/57,439  elapsed 4.3s]
    [20,992/57,439  elapsed 5.7s]
    [26,112/57,439  elapsed 7.1s]
    [31,232/57,439  elapsed 8.5s]
    [36,352/57,439  elapsed 9.9s]
    [41,472/57,439  elapsed 11.3s]
    [46,592/57,439  elapsed 12.7s]
    [51,712/57,439  elapsed 14.1s]
    [56,832/57,439  elapsed 15.5s]
  eval done in 15.6s
  by-popularity NDCG@10: tail=0.0001(n=7,762)  mid=0.0002(n=8,169)  head=0.0375(n=41,508)
  evaluating 57,439 users in batches of 512...
    [512/57,439  elapsed 0.1s]
    [5,632/57,439  elapsed 1.5s]
    [10,752/57,439  elapsed 2.9s]
    [15,872/57,439  elapsed 4.3s]
    [20,992/57,439  elapsed 5.7s]
    [26,112/57,439  elapsed 7.1s]
    [31,232/57,439  elapsed 8.5s]
    [36,352/57,439  elapsed 9.9s]
    [41,472/57,439  elapsed 11.3s]
    [46,592/57,439  elapsed 12.7s]
    [51,712/57,439  elapsed 14.1s]
    [56,832/57,439  elapsed 15.5s]
  eval done in 15.6s
  by-popularity NDCG@10: tail=0.0000(n=8,800)  mid=0.0003(n=8,657)  head=0.0349(n=39,982)
  epoch   1  loss=9.6277  val_NDCG=0.0272  test_NDCG=0.0243  test_HR=0.0463  (6.2s)
  evaluating 57,439 users in batches of 512...
    [512/57,439  elapsed 0.2s]
    [5,632/57,439  elapsed 1.6s]
    [10,752/57,439  elapsed 3.0s]
    [15,872/57,439  elapsed 4.5s]
    [20,992/57,439  elapsed 5.9s]
    [26,112/57,439  elapsed 7.3s]
    [31,232/57,439  elapsed 8.7s]
    [36,352/57,439  elapsed 10.1s]
    [41,472/57,439  elapsed 11.5s]
    [46,592/57,439  elapsed 12.9s]
    [51,712/57,439  elapsed 14.4s]
    [56,832/57,439  elapsed 15.8s]
  eval done in 15.9s
  by-popularity NDCG@10: tail=0.0000(n=7,762)  mid=0.0004(n=8,169)  head=0.0464(n=41,508)
  evaluating 57,439 users in batches of 512...
    [512/57,439  elapsed 0.1s]
    [5,632/57,439  elapsed 1.6s]
    [10,752/57,439  elapsed 3.0s]
    [15,872/57,439  elapsed 4.4s]
    [20,992/57,439  elapsed 5.8s]
    [26,112/57,439  elapsed 7.3s]
    [31,232/57,439  elapsed 8.7s]
    [36,352/57,439  elapsed 10.1s]
    [41,472/57,439  elapsed 11.5s]
    [46,592/57,439  elapsed 12.9s]
    [51,712/57,439  elapsed 14.3s]
    [56,832/57,439  elapsed 15.8s]
  eval done in 15.9s
  by-popularity NDCG@10: tail=0.0000(n=8,800)  mid=0.0005(n=8,657)  head=0.0442(n=39,982)
  epoch   2  loss=9.0937  val_NDCG=0.0336  test_NDCG=0.0308  test_HR=0.0575  (6.0s)
  evaluating 57,439 users in batches of 512...
    [512/57,439  elapsed 0.2s]
    [5,632/57,439  elapsed 1.6s]
    [10,752/57,439  elapsed 3.0s]
    [15,872/57,439  elapsed 4.5s]
    [20,992/57,439  elapsed 5.9s]
    [26,112/57,439  elapsed 7.3s]
    [31,232/57,439  elapsed 8.7s]
    [36,352/57,439  elapsed 10.1s]
    [41,472/57,439  elapsed 11.5s]
    [46,592/57,439  elapsed 13.0s]
    [51,712/57,439  elapsed 14.4s]
    [56,832/57,439  elapsed 15.8s]
  eval done in 15.9s
  by-popularity NDCG@10: tail=0.0000(n=7,762)  mid=0.0013(n=8,169)  head=0.0532(n=41,508)
  evaluating 57,439 users in batches of 512...
    [512/57,439  elapsed 0.1s]
    [5,632/57,439  elapsed 1.6s]
    [10,752/57,439  elapsed 3.0s]
    [15,872/57,439  elapsed 4.4s]
    [20,992/57,439  elapsed 5.8s]
    [26,112/57,439  elapsed 7.2s]
    [31,232/57,439  elapsed 8.6s]
    [36,352/57,439  elapsed 10.1s]
    [41,472/57,439  elapsed 11.5s]
    [46,592/57,439  elapsed 12.9s]
    [51,712/57,439  elapsed 14.3s]
    [56,832/57,439  elapsed 15.7s]
  eval done in 15.9s
  by-popularity NDCG@10: tail=0.0000(n=8,800)  mid=0.0012(n=8,657)  head=0.0504(n=39,982)
  epoch   3  loss=8.9324  val_NDCG=0.0386  test_NDCG=0.0353  test_HR=0.0652  (6.0s)
  evaluating 57,439 users in batches of 512...
    [512/57,439  elapsed 0.2s]
    [5,632/57,439  elapsed 1.6s]
    [10,752/57,439  elapsed 3.0s]
    [15,872/57,439  elapsed 4.4s]
    [20,992/57,439  elapsed 5.9s]
    [26,112/57,439  elapsed 7.3s]
    [31,232/57,439  elapsed 8.7s]
    [36,352/57,439  elapsed 10.1s]
    [41,472/57,439  elapsed 11.5s]
    [46,592/57,439  elapsed 12.9s]
    [51,712/57,439  elapsed 14.3s]
    [56,832/57,439  elapsed 15.6s]
  eval done in 15.8s
  by-popularity NDCG@10: tail=0.0001(n=7,762)  mid=0.0016(n=8,169)  head=0.0562(n=41,508)
  evaluating 57,439 users in batches of 512...
    [512/57,439  elapsed 0.1s]
    [5,632/57,439  elapsed 1.5s]
    [10,752/57,439  elapsed 2.9s]
    [15,872/57,439  elapsed 4.3s]
    [20,992/57,439  elapsed 5.7s]
    [26,112/57,439  elapsed 7.2s]
    [31,232/57,439  elapsed 8.6s]
    [36,352/57,439  elapsed 10.0s]
    [41,472/57,439  elapsed 11.4s]
    [46,592/57,439  elapsed 12.8s]
    [51,712/57,439  elapsed 14.2s]
    [56,832/57,439  elapsed 15.6s]
  eval done in 15.7s
  by-popularity NDCG@10: tail=0.0001(n=8,800)  mid=0.0014(n=8,657)  head=0.0528(n=39,982)
  epoch   4  loss=8.8267  val_NDCG=0.0408  test_NDCG=0.0370  test_HR=0.0688  (6.0s)
  evaluating 57,439 users in batches of 512...
    [512/57,439  elapsed 0.1s]
    [5,632/57,439  elapsed 1.5s]
    [10,752/57,439  elapsed 2.9s]
    [15,872/57,439  elapsed 4.3s]
    [20,992/57,439  elapsed 5.7s]
    [26,112/57,439  elapsed 7.1s]
    [31,232/57,439  elapsed 8.5s]
    [36,352/57,439  elapsed 9.9s]
    [41,472/57,439  elapsed 11.2s]
    [46,592/57,439  elapsed 12.6s]
    [51,712/57,439  elapsed 14.0s]
    [56,832/57,439  elapsed 15.4s]
  eval done in 15.6s
  by-popularity NDCG@10: tail=0.0001(n=7,762)  mid=0.0022(n=8,169)  head=0.0580(n=41,508)
  evaluating 57,439 users in batches of 512...
    [512/57,439  elapsed 0.1s]
    [5,632/57,439  elapsed 1.5s]
    [10,752/57,439  elapsed 2.9s]
    [15,872/57,439  elapsed 4.3s]
    [20,992/57,439  elapsed 5.7s]
    [26,112/57,439  elapsed 7.1s]
    [31,232/57,439  elapsed 8.5s]
    [36,352/57,439  elapsed 9.9s]
    [41,472/57,439  elapsed 11.3s]
    [46,592/57,439  elapsed 12.7s]
    [51,712/57,439  elapsed 14.1s]
    [56,832/57,439  elapsed 15.5s]
  eval done in 15.6s
  by-popularity NDCG@10: tail=0.0003(n=8,800)  mid=0.0018(n=8,657)  head=0.0556(n=39,982)
  epoch   5  loss=8.7482  val_NDCG=0.0423  test_NDCG=0.0390  test_HR=0.0723  (6.0s)
  evaluating 57,439 users in batches of 512...
    [512/57,439  elapsed 0.2s]
    [5,632/57,439  elapsed 1.6s]
    [10,752/57,439  elapsed 2.9s]
    [15,872/57,439  elapsed 4.3s]
    [20,992/57,439  elapsed 5.7s]
    [26,112/57,439  elapsed 7.1s]
    [31,232/57,439  elapsed 8.5s]
    [36,352/57,439  elapsed 9.8s]
    [41,472/57,439  elapsed 11.2s]
    [46,592/57,439  elapsed 12.6s]
    [51,712/57,439  elapsed 14.0s]
    [56,832/57,439  elapsed 15.4s]
  eval done in 15.5s
  by-popularity NDCG@10: tail=0.0005(n=7,762)  mid=0.0031(n=8,169)  head=0.0598(n=41,508)
  evaluating 57,439 users in batches of 512...
    [512/57,439  elapsed 0.1s]
    [5,632/57,439  elapsed 1.5s]
    [10,752/57,439  elapsed 2.9s]
    [15,872/57,439  elapsed 4.3s]
    [20,992/57,439  elapsed 5.7s]
    [26,112/57,439  elapsed 7.1s]
    [31,232/57,439  elapsed 8.5s]
    [36,352/57,439  elapsed 9.9s]
    [41,472/57,439  elapsed 11.3s]
    [46,592/57,439  elapsed 12.7s]
    [51,712/57,439  elapsed 14.1s]
    [56,832/57,439  elapsed 15.5s]
  eval done in 15.7s
  by-popularity NDCG@10: tail=0.0005(n=8,800)  mid=0.0028(n=8,657)  head=0.0561(n=39,982)
  epoch   6  loss=8.6809  val_NDCG=0.0437  test_NDCG=0.0396  test_HR=0.0724  (6.0s)
  evaluating 57,439 users in batches of 512...
    [512/57,439  elapsed 0.2s]
    [5,632/57,439  elapsed 1.6s]
    [10,752/57,439  elapsed 3.0s]
    [15,872/57,439  elapsed 4.4s]
    [20,992/57,439  elapsed 5.8s]
    [26,112/57,439  elapsed 7.2s]
    [31,232/57,439  elapsed 8.5s]
    [36,352/57,439  elapsed 9.9s]
    [41,472/57,439  elapsed 11.3s]
    [46,592/57,439  elapsed 12.7s]
    [51,712/57,439  elapsed 14.1s]
    [56,832/57,439  elapsed 15.5s]
  eval done in 15.6s
  by-popularity NDCG@10: tail=0.0007(n=7,762)  mid=0.0038(n=8,169)  head=0.0603(n=41,508)
  evaluating 57,439 users in batches of 512...
    [512/57,439  elapsed 0.1s]
    [5,632/57,439  elapsed 1.5s]
    [10,752/57,439  elapsed 2.9s]
    [15,872/57,439  elapsed 4.3s]
    [20,992/57,439  elapsed 5.7s]
    [26,112/57,439  elapsed 7.1s]
    [31,232/57,439  elapsed 8.4s]
    [36,352/57,439  elapsed 9.8s]
    [41,472/57,439  elapsed 11.2s]
    [46,592/57,439  elapsed 12.6s]
    [51,712/57,439  elapsed 14.0s]
    [56,832/57,439  elapsed 15.4s]
  eval done in 15.6s
  by-popularity NDCG@10: tail=0.0008(n=8,800)  mid=0.0040(n=8,657)  head=0.0574(n=39,982)
  epoch   7  loss=8.6211  val_NDCG=0.0442  test_NDCG=0.0407  test_HR=0.0731  (6.0s)
  evaluating 57,439 users in batches of 512...
    [512/57,439  elapsed 0.2s]
    [5,632/57,439  elapsed 1.6s]
    [10,752/57,439  elapsed 3.0s]
    [15,872/57,439  elapsed 4.4s]
    [20,992/57,439  elapsed 5.8s]
    [26,112/57,439  elapsed 7.1s]
    [31,232/57,439  elapsed 8.5s]
    [36,352/57,439  elapsed 9.9s]
    [41,472/57,439  elapsed 11.3s]
    [46,592/57,439  elapsed 12.7s]
    [51,712/57,439  elapsed 14.0s]
    [56,832/57,439  elapsed 15.4s]
  eval done in 15.6s
  by-popularity NDCG@10: tail=0.0010(n=7,762)  mid=0.0046(n=8,169)  head=0.0610(n=41,508)
  evaluating 57,439 users in batches of 512...
    [512/57,439  elapsed 0.1s]
    [5,632/57,439  elapsed 1.5s]
    [10,752/57,439  elapsed 2.9s]
    [15,872/57,439  elapsed 4.3s]
    [20,992/57,439  elapsed 5.7s]
    [26,112/57,439  elapsed 7.1s]
    [31,232/57,439  elapsed 8.5s]
    [36,352/57,439  elapsed 9.9s]
    [41,472/57,439  elapsed 11.3s]
    [46,592/57,439  elapsed 12.7s]
    [51,712/57,439  elapsed 14.0s]
    [56,832/57,439  elapsed 15.4s]
  eval done in 15.6s
  by-popularity NDCG@10: tail=0.0010(n=8,800)  mid=0.0045(n=8,657)  head=0.0579(n=39,982)
  epoch   8  loss=8.5700  val_NDCG=0.0449  test_NDCG=0.0411  test_HR=0.0745  (6.0s)
  evaluating 57,439 users in batches of 512...
    [512/57,439  elapsed 0.2s]
    [5,632/57,439  elapsed 1.5s]
    [10,752/57,439  elapsed 2.9s]
    [15,872/57,439  elapsed 4.3s]
    [20,992/57,439  elapsed 5.7s]
    [26,112/57,439  elapsed 7.0s]
    [31,232/57,439  elapsed 8.4s]
    [36,352/57,439  elapsed 9.8s]
    [41,472/57,439  elapsed 11.2s]
    [46,592/57,439  elapsed 12.6s]
    [51,712/57,439  elapsed 14.0s]
    [56,832/57,439  elapsed 15.4s]
  eval done in 15.5s
  by-popularity NDCG@10: tail=0.0012(n=7,762)  mid=0.0048(n=8,169)  head=0.0610(n=41,508)
  evaluating 57,439 users in batches of 512...
    [512/57,439  elapsed 0.1s]
    [5,632/57,439  elapsed 1.5s]
    [10,752/57,439  elapsed 3.0s]
    [15,872/57,439  elapsed 4.3s]
    [20,992/57,439  elapsed 5.7s]
    [26,112/57,439  elapsed 7.1s]
    [31,232/57,439  elapsed 8.5s]
    [36,352/57,439  elapsed 9.9s]
    [41,472/57,439  elapsed 11.3s]
    [46,592/57,439  elapsed 12.7s]
    [51,712/57,439  elapsed 14.1s]
    [56,832/57,439  elapsed 15.5s]
  eval done in 15.7s
  by-popularity NDCG@10: tail=0.0009(n=8,800)  mid=0.0052(n=8,657)  head=0.0569(n=39,982)
  epoch   9  loss=8.5207  val_NDCG=0.0449  test_NDCG=0.0406  test_HR=0.0728  (5.9s)
  evaluating 57,439 users in batches of 512...
    [512/57,439  elapsed 0.2s]
    [5,632/57,439  elapsed 1.6s]
    [10,752/57,439  elapsed 3.0s]
    [15,872/57,439  elapsed 4.4s]
    [20,992/57,439  elapsed 5.8s]
    [26,112/57,439  elapsed 7.1s]
    [31,232/57,439  elapsed 8.5s]
    [36,352/57,439  elapsed 9.9s]
    [41,472/57,439  elapsed 11.3s]
    [46,592/57,439  elapsed 12.7s]
    [51,712/57,439  elapsed 14.1s]
    [56,832/57,439  elapsed 15.5s]
  eval done in 15.6s
  by-popularity NDCG@10: tail=0.0015(n=7,762)  mid=0.0054(n=8,169)  head=0.0618(n=41,508)
  evaluating 57,439 users in batches of 512...
    [512/57,439  elapsed 0.1s]
    [5,632/57,439  elapsed 1.5s]
    [10,752/57,439  elapsed 2.9s]
    [15,872/57,439  elapsed 4.3s]
    [20,992/57,439  elapsed 5.7s]
    [26,112/57,439  elapsed 7.1s]
    [31,232/57,439  elapsed 8.5s]
    [36,352/57,439  elapsed 9.9s]
    [41,472/57,439  elapsed 11.3s]
    [46,592/57,439  elapsed 12.7s]
    [51,712/57,439  elapsed 14.1s]
    [56,832/57,439  elapsed 15.5s]
  eval done in 15.6s
  by-popularity NDCG@10: tail=0.0010(n=8,800)  mid=0.0056(n=8,657)  head=0.0574(n=39,982)
  epoch  10  loss=8.4777  val_NDCG=0.0456  test_NDCG=0.0410  test_HR=0.0742  (6.0s)
  evaluating 57,439 users in batches of 512...
    [512/57,439  elapsed 0.2s]
    [5,632/57,439  elapsed 1.6s]
    [10,752/57,439  elapsed 2.9s]
    [15,872/57,439  elapsed 4.3s]
    [20,992/57,439  elapsed 5.7s]
    [26,112/57,439  elapsed 7.1s]
    [31,232/57,439  elapsed 8.4s]
    [36,352/57,439  elapsed 9.8s]
    [41,472/57,439  elapsed 11.2s]
    [46,592/57,439  elapsed 12.6s]
    [51,712/57,439  elapsed 14.0s]
    [56,832/57,439  elapsed 15.3s]
  eval done in 15.5s
  by-popularity NDCG@10: tail=0.0017(n=7,762)  mid=0.0056(n=8,169)  head=0.0619(n=41,508)
  evaluating 57,439 users in batches of 512...
    [512/57,439  elapsed 0.1s]
    [5,632/57,439  elapsed 1.5s]
    [10,752/57,439  elapsed 2.9s]
    [15,872/57,439  elapsed 4.3s]
    [20,992/57,439  elapsed 5.7s]
    [26,112/57,439  elapsed 7.1s]
    [31,232/57,439  elapsed 8.5s]
    [36,352/57,439  elapsed 9.9s]
    [41,472/57,439  elapsed 11.3s]
    [46,592/57,439  elapsed 12.7s]
    [51,712/57,439  elapsed 14.0s]
    [56,832/57,439  elapsed 15.4s]
  eval done in 15.6s
  by-popularity NDCG@10: tail=0.0014(n=8,800)  mid=0.0056(n=8,657)  head=0.0578(n=39,982)
  epoch  11  loss=8.4381  val_NDCG=0.0457  test_NDCG=0.0413  test_HR=0.0747  (6.0s)
  evaluating 57,439 users in batches of 512...
    [512/57,439  elapsed 0.1s]
    [5,632/57,439  elapsed 1.5s]
    [10,752/57,439  elapsed 2.9s]
    [15,872/57,439  elapsed 4.3s]
    [20,992/57,439  elapsed 5.7s]
    [26,112/57,439  elapsed 7.0s]
    [31,232/57,439  elapsed 8.4s]
    [36,352/57,439  elapsed 9.8s]
    [41,472/57,439  elapsed 11.2s]
    [46,592/57,439  elapsed 12.5s]
    [51,712/57,439  elapsed 13.9s]
    [56,832/57,439  elapsed 15.3s]
  eval done in 15.5s
  by-popularity NDCG@10: tail=0.0018(n=7,762)  mid=0.0062(n=8,169)  head=0.0617(n=41,508)
  evaluating 57,439 users in batches of 512...
    [512/57,439  elapsed 0.1s]
    [5,632/57,439  elapsed 1.5s]
    [10,752/57,439  elapsed 2.9s]
    [15,872/57,439  elapsed 4.3s]
    [20,992/57,439  elapsed 5.7s]
    [26,112/57,439  elapsed 7.1s]
    [31,232/57,439  elapsed 8.5s]
    [36,352/57,439  elapsed 9.9s]
    [41,472/57,439  elapsed 11.2s]
    [46,592/57,439  elapsed 12.7s]
    [51,712/57,439  elapsed 14.1s]
    [56,832/57,439  elapsed 15.5s]
  eval done in 15.6s
  by-popularity NDCG@10: tail=0.0015(n=8,800)  mid=0.0062(n=8,657)  head=0.0571(n=39,982)
  epoch  12  loss=8.4035  val_NDCG=0.0457  test_NDCG=0.0409  test_HR=0.0739  (6.0s)
  evaluating 57,439 users in batches of 512...
    [512/57,439  elapsed 0.2s]
    [5,632/57,439  elapsed 1.6s]
    [10,752/57,439  elapsed 2.9s]
    [15,872/57,439  elapsed 4.3s]
    [20,992/57,439  elapsed 5.7s]
    [26,112/57,439  elapsed 7.1s]
    [31,232/57,439  elapsed 8.5s]
    [36,352/57,439  elapsed 9.8s]
    [41,472/57,439  elapsed 11.2s]
    [46,592/57,439  elapsed 12.6s]
    [51,712/57,439  elapsed 14.0s]
    [56,832/57,439  elapsed 15.4s]
  eval done in 15.5s
  by-popularity NDCG@10: tail=0.0021(n=7,762)  mid=0.0065(n=8,169)  head=0.0610(n=41,508)
  evaluating 57,439 users in batches of 512...
    [512/57,439  elapsed 0.1s]
    [5,632/57,439  elapsed 1.5s]
    [10,752/57,439  elapsed 2.9s]
    [15,872/57,439  elapsed 4.3s]
    [20,992/57,439  elapsed 5.7s]
    [26,112/57,439  elapsed 7.1s]
    [31,232/57,439  elapsed 8.5s]
    [36,352/57,439  elapsed 9.9s]
    [41,472/57,439  elapsed 11.3s]
    [46,592/57,439  elapsed 12.6s]
    [51,712/57,439  elapsed 14.0s]
    [56,832/57,439  elapsed 15.4s]
  eval done in 15.6s
  by-popularity NDCG@10: tail=0.0017(n=8,800)  mid=0.0061(n=8,657)  head=0.0570(n=39,982)
  epoch  13  loss=8.3714  val_NDCG=0.0453  test_NDCG=0.0409  test_HR=0.0740  (5.9s)
  evaluating 57,439 users in batches of 512...
    [512/57,439  elapsed 0.2s]
    [5,632/57,439  elapsed 1.6s]
    [10,752/57,439  elapsed 3.0s]
    [15,872/57,439  elapsed 4.3s]
    [20,992/57,439  elapsed 5.7s]
    [26,112/57,439  elapsed 7.1s]
    [31,232/57,439  elapsed 8.5s]
    [36,352/57,439  elapsed 9.9s]
    [41,472/57,439  elapsed 11.3s]
    [46,592/57,439  elapsed 12.7s]
    [51,712/57,439  elapsed 14.1s]
    [56,832/57,439  elapsed 15.5s]
  eval done in 15.6s
  by-popularity NDCG@10: tail=0.0022(n=7,762)  mid=0.0067(n=8,169)  head=0.0612(n=41,508)
  evaluating 57,439 users in batches of 512...
    [512/57,439  elapsed 0.1s]
    [5,632/57,439  elapsed 1.5s]
    [10,752/57,439  elapsed 2.9s]
    [15,872/57,439  elapsed 4.3s]
    [20,992/57,439  elapsed 5.7s]
    [26,112/57,439  elapsed 7.1s]
    [31,232/57,439  elapsed 8.5s]
    [36,352/57,439  elapsed 9.9s]
    [41,472/57,439  elapsed 11.3s]
    [46,592/57,439  elapsed 12.7s]
    [51,712/57,439  elapsed 14.1s]
    [56,832/57,439  elapsed 15.5s]
  eval done in 15.6s
  by-popularity NDCG@10: tail=0.0019(n=8,800)  mid=0.0064(n=8,657)  head=0.0568(n=39,982)
  epoch  14  loss=8.3438  val_NDCG=0.0455  test_NDCG=0.0408  test_HR=0.0738  (5.9s)
  evaluating 57,439 users in batches of 512...
    [512/57,439  elapsed 0.2s]
    [5,632/57,439  elapsed 1.6s]
    [10,752/57,439  elapsed 3.0s]
    [15,872/57,439  elapsed 4.4s]
    [20,992/57,439  elapsed 5.8s]
    [26,112/57,439  elapsed 7.1s]
    [31,232/57,439  elapsed 8.5s]
    [36,352/57,439  elapsed 9.9s]
    [41,472/57,439  elapsed 11.3s]
    [46,592/57,439  elapsed 12.7s]
    [51,712/57,439  elapsed 14.0s]
    [56,832/57,439  elapsed 15.4s]
  eval done in 15.6s
  by-popularity NDCG@10: tail=0.0024(n=7,762)  mid=0.0068(n=8,169)  head=0.0615(n=41,508)
  evaluating 57,439 users in batches of 512...
    [512/57,439  elapsed 0.1s]
    [5,632/57,439  elapsed 1.5s]
    [10,752/57,439  elapsed 2.9s]
    [15,872/57,439  elapsed 4.3s]
    [20,992/57,439  elapsed 5.7s]
    [26,112/57,439  elapsed 7.1s]
    [31,232/57,439  elapsed 8.5s]
    [36,352/57,439  elapsed 9.9s]
    [41,472/57,439  elapsed 11.3s]
    [46,592/57,439  elapsed 12.6s]
    [51,712/57,439  elapsed 14.0s]
    [56,832/57,439  elapsed 15.4s]
  eval done in 15.6s
  by-popularity NDCG@10: tail=0.0019(n=8,800)  mid=0.0066(n=8,657)  head=0.0574(n=39,982)
  epoch  15  loss=8.3226  val_NDCG=0.0457  test_NDCG=0.0412  test_HR=0.0742  (5.9s)
  evaluating 57,439 users in batches of 512...
    [512/57,439  elapsed 0.2s]
    [5,632/57,439  elapsed 1.6s]
    [10,752/57,439  elapsed 3.0s]
    [15,872/57,439  elapsed 4.4s]
    [20,992/57,439  elapsed 5.8s]
    [26,112/57,439  elapsed 7.1s]
    [31,232/57,439  elapsed 8.5s]
    [36,352/57,439  elapsed 9.9s]
    [41,472/57,439  elapsed 11.3s]
    [46,592/57,439  elapsed 12.7s]
    [51,712/57,439  elapsed 14.1s]
    [56,832/57,439  elapsed 15.5s]
  eval done in 15.6s
  by-popularity NDCG@10: tail=0.0024(n=7,762)  mid=0.0070(n=8,169)  head=0.0615(n=41,508)
  evaluating 57,439 users in batches of 512...
    [512/57,439  elapsed 0.1s]
    [5,632/57,439  elapsed 1.5s]
    [10,752/57,439  elapsed 2.9s]
    [15,872/57,439  elapsed 4.3s]
    [20,992/57,439  elapsed 5.7s]
    [26,112/57,439  elapsed 7.1s]
    [31,232/57,439  elapsed 8.5s]
    [36,352/57,439  elapsed 9.9s]
    [41,472/57,439  elapsed 11.3s]
    [46,592/57,439  elapsed 12.7s]
    [51,712/57,439  elapsed 14.1s]
    [56,832/57,439  elapsed 15.5s]
  eval done in 15.6s
  by-popularity NDCG@10: tail=0.0020(n=8,800)  mid=0.0069(n=8,657)  head=0.0569(n=39,982)
  epoch  16  loss=8.3044  val_NDCG=0.0457  test_NDCG=0.0410  test_HR=0.0737  (6.0s)
  evaluating 57,439 users in batches of 512...
    [512/57,439  elapsed 0.2s]
    [5,632/57,439  elapsed 1.6s]
    [10,752/57,439  elapsed 3.0s]
    [15,872/57,439  elapsed 4.3s]
    [20,992/57,439  elapsed 5.7s]
    [26,112/57,439  elapsed 7.1s]
    [31,232/57,439  elapsed 8.5s]
    [36,352/57,439  elapsed 9.9s]
    [41,472/57,439  elapsed 11.3s]
    [46,592/57,439  elapsed 12.7s]
    [51,712/57,439  elapsed 14.1s]
    [56,832/57,439  elapsed 15.5s]
  eval done in 15.7s
  by-popularity NDCG@10: tail=0.0025(n=7,762)  mid=0.0070(n=8,169)  head=0.0615(n=41,508)
  evaluating 57,439 users in batches of 512...
    [512/57,439  elapsed 0.1s]
    [5,632/57,439  elapsed 1.6s]
    [10,752/57,439  elapsed 3.0s]
    [15,872/57,439  elapsed 4.4s]
    [20,992/57,439  elapsed 5.7s]
    [26,112/57,439  elapsed 7.1s]
    [31,232/57,439  elapsed 8.5s]
    [36,352/57,439  elapsed 9.9s]
    [41,472/57,439  elapsed 11.3s]
    [46,592/57,439  elapsed 12.7s]
    [51,712/57,439  elapsed 14.1s]
    [56,832/57,439  elapsed 15.5s]
  eval done in 15.6s
  by-popularity NDCG@10: tail=0.0020(n=8,800)  mid=0.0068(n=8,657)  head=0.0572(n=39,982)
  epoch  17  loss=8.2888  val_NDCG=0.0458  test_NDCG=0.0411  test_HR=0.0740  (6.0s)
  evaluating 57,439 users in batches of 512...
    [512/57,439  elapsed 0.2s]
    [5,632/57,439  elapsed 1.6s]
    [10,752/57,439  elapsed 3.0s]
    [15,872/57,439  elapsed 4.4s]
    [20,992/57,439  elapsed 5.8s]
    [26,112/57,439  elapsed 7.1s]
    [31,232/57,439  elapsed 8.5s]
    [36,352/57,439  elapsed 9.9s]
    [41,472/57,439  elapsed 11.3s]
    [46,592/57,439  elapsed 12.7s]
    [51,712/57,439  elapsed 14.0s]
    [56,832/57,439  elapsed 15.4s]
  eval done in 15.6s
  by-popularity NDCG@10: tail=0.0025(n=7,762)  mid=0.0071(n=8,169)  head=0.0614(n=41,508)
  evaluating 57,439 users in batches of 512...
    [512/57,439  elapsed 0.1s]
    [5,632/57,439  elapsed 1.5s]
    [10,752/57,439  elapsed 2.9s]
    [15,872/57,439  elapsed 4.3s]
    [20,992/57,439  elapsed 5.7s]
    [26,112/57,439  elapsed 7.1s]
    [31,232/57,439  elapsed 8.5s]
    [36,352/57,439  elapsed 9.9s]
    [41,472/57,439  elapsed 11.3s]
    [46,592/57,439  elapsed 12.7s]
    [51,712/57,439  elapsed 14.1s]
    [56,832/57,439  elapsed 15.5s]
  eval done in 15.6s
  by-popularity NDCG@10: tail=0.0021(n=8,800)  mid=0.0068(n=8,657)  head=0.0572(n=39,982)
  epoch  18  loss=8.2813  val_NDCG=0.0457  test_NDCG=0.0411  test_HR=0.0741  (6.0s)
  evaluating 57,439 users in batches of 512...
    [512/57,439  elapsed 0.2s]
    [5,632/57,439  elapsed 1.6s]
    [10,752/57,439  elapsed 3.0s]
    [15,872/57,439  elapsed 4.3s]
    [20,992/57,439  elapsed 5.7s]
    [26,112/57,439  elapsed 7.1s]
    [31,232/57,439  elapsed 8.5s]
    [36,352/57,439  elapsed 9.9s]
    [41,472/57,439  elapsed 11.2s]
    [46,592/57,439  elapsed 12.6s]
    [51,712/57,439  elapsed 14.0s]
    [56,832/57,439  elapsed 15.4s]
  eval done in 15.6s
  by-popularity NDCG@10: tail=0.0025(n=7,762)  mid=0.0071(n=8,169)  head=0.0615(n=41,508)
  evaluating 57,439 users in batches of 512...
    [512/57,439  elapsed 0.1s]
    [5,632/57,439  elapsed 1.5s]
    [10,752/57,439  elapsed 2.9s]
    [15,872/57,439  elapsed 4.3s]
    [20,992/57,439  elapsed 5.7s]
    [26,112/57,439  elapsed 7.0s]
    [31,232/57,439  elapsed 8.4s]
    [36,352/57,439  elapsed 9.8s]
    [41,472/57,439  elapsed 11.2s]
    [46,592/57,439  elapsed 12.6s]
    [51,712/57,439  elapsed 14.0s]
    [56,832/57,439  elapsed 15.4s]
  eval done in 15.5s
  by-popularity NDCG@10: tail=0.0020(n=8,800)  mid=0.0069(n=8,657)  head=0.0571(n=39,982)
  epoch  19  loss=8.2745  val_NDCG=0.0458  test_NDCG=0.0411  test_HR=0.0738  (6.0s)
  evaluating 57,439 users in batches of 512...
    [512/57,439  elapsed 0.2s]
    [5,632/57,439  elapsed 1.6s]
    [10,752/57,439  elapsed 3.0s]
    [15,872/57,439  elapsed 4.4s]
    [20,992/57,439  elapsed 5.8s]
    [26,112/57,439  elapsed 7.1s]
    [31,232/57,439  elapsed 8.5s]
    [36,352/57,439  elapsed 9.9s]
    [41,472/57,439  elapsed 11.3s]
    [46,592/57,439  elapsed 12.7s]
    [51,712/57,439  elapsed 14.1s]
    [56,832/57,439  elapsed 15.4s]
  eval done in 15.6s
  by-popularity NDCG@10: tail=0.0025(n=7,762)  mid=0.0071(n=8,169)  head=0.0615(n=41,508)
  evaluating 57,439 users in batches of 512...
    [512/57,439  elapsed 0.1s]
    [5,632/57,439  elapsed 1.5s]
    [10,752/57,439  elapsed 2.9s]
    [15,872/57,439  elapsed 4.3s]
    [20,992/57,439  elapsed 5.7s]
    [26,112/57,439  elapsed 7.1s]
    [31,232/57,439  elapsed 8.5s]
    [36,352/57,439  elapsed 9.9s]
    [41,472/57,439  elapsed 11.3s]
    [46,592/57,439  elapsed 12.7s]
    [51,712/57,439  elapsed 14.1s]
    [56,832/57,439  elapsed 15.5s]
  eval done in 15.6s
  by-popularity NDCG@10: tail=0.0020(n=8,800)  mid=0.0068(n=8,657)  head=0.0571(n=39,982)
  epoch  20  loss=8.2688  val_NDCG=0.0458  test_NDCG=0.0411  test_HR=0.0737  (6.0s)

=== Best by val NDCG@10 ===
  val_NDCG=0.0458
  test: {'NDCG@10': 0.04108055203529, 'HR@10': 0.07373039224220478, 'MRR': 0.03750620798317515, 'n_eval': 57439, 'by_popularity': {'tail': {'NDCG@10': 0.00204729214197019, 'HR@10': 0.004431818181818182, 'n': 8800, 'n_hit@10': 39, 'HR@20': 0.007613636363636363, 'n_hit@20': 67, 'HR@50': 0.020681818181818183, 'n_hit@50': 182, 'HR@100': 0.035, 'n_hit@100': 308}, 'mid': {'NDCG@10': 0.006849490380418089, 'HR@10': 0.013053020676908859, 'n': 8657, 'n_hit@10': 113, 'HR@20': 0.022640637634284394, 'n_hit@20': 196, 'HR@50': 0.04747603095760656, 'n_hit@50': 411, 'HR@100': 0.08293866235416426, 'n_hit@100': 718}, 'head': {'NDCG@10': 0.05708352806969148, 'HR@10': 0.10212095442949327, 'n': 39982, 'n_hit@10': 4083, 'HR@20': 0.14721624731129007, 'n_hit@20': 5886, 'HR@50': 0.22892801760792356, 'n_hit@50': 9153, 'HR@100': 0.30558751438147164, 'n_hit@100': 12218}}}
wrote _bestrec_run\rebuild_v2\results_SOTACONF_V2_k16_MI_seed20260619.users.jsonl.gz (57,439 per-user records, best epoch 20, sha256 ed604eecb17d…)

wrote _bestrec_run\rebuild_v2\results_SOTACONF_V2_k16_MI_seed20260619.json
