  random seed set to 20260620
=== Musical_Instruments: load splits ===
  n_users=57,439  n_items=24,587  pad_id=24587
  built sequences for 57,439 users
  built timestamp sequences (12 time buckets)
  loading SBERT embeddings from C:\Users\rayxc\Documents\R\cache_5core\sbert_titles_Musical_Instruments.npy...
  TAPE: k-means 24,587 text embeddings into K=512 prototypes (tau=0.05)...
  TAPE: K=512 mean max-assignment weight = 0.528 (1.0 = hard clustering)

=== Build SASRec-SBERT (d=64, layers=4, heads=2) ===
  total params: 11,185,535  device=cuda
  57,439 training examples / 225 batches per epoch
  LR schedule: warmup_cosine (225 warmup + 4275 cosine steps)

=== Train for 20 epochs ===
  evaluating 57,439 users in batches of 512...
    [512/57,439  elapsed 0.2s]
    [5,632/57,439  elapsed 1.9s]
    [10,752/57,439  elapsed 3.7s]
    [15,872/57,439  elapsed 5.5s]
    [20,992/57,439  elapsed 7.3s]
    [26,112/57,439  elapsed 9.1s]
    [31,232/57,439  elapsed 10.9s]
    [36,352/57,439  elapsed 12.7s]
    [41,472/57,439  elapsed 14.5s]
    [46,592/57,439  elapsed 16.2s]
    [51,712/57,439  elapsed 17.9s]
    [56,832/57,439  elapsed 19.7s]
  eval done in 19.9s
  by-popularity NDCG@10: tail=0.0004(n=7,762)  mid=0.0002(n=8,169)  head=0.0372(n=41,508)
  evaluating 57,439 users in batches of 512...
    [512/57,439  elapsed 0.2s]
    [5,632/57,439  elapsed 2.0s]
    [10,752/57,439  elapsed 3.8s]
    [15,872/57,439  elapsed 5.7s]
    [20,992/57,439  elapsed 7.6s]
    [26,112/57,439  elapsed 9.4s]
    [31,232/57,439  elapsed 11.1s]
    [36,352/57,439  elapsed 13.0s]
    [41,472/57,439  elapsed 14.8s]
    [46,592/57,439  elapsed 16.5s]
    [51,712/57,439  elapsed 18.2s]
    [56,832/57,439  elapsed 20.0s]
  eval done in 20.2s
  by-popularity NDCG@10: tail=0.0003(n=8,800)  mid=0.0001(n=8,657)  head=0.0334(n=39,982)
  epoch   1  loss=9.6257  val_NDCG=0.0270  test_NDCG=0.0233  test_HR=0.0448  (7.6s)
  evaluating 57,439 users in batches of 512...
    [512/57,439  elapsed 0.1s]
    [5,632/57,439  elapsed 2.0s]
    [10,752/57,439  elapsed 4.0s]
    [15,872/57,439  elapsed 6.0s]
    [20,992/57,439  elapsed 7.9s]
    [26,112/57,439  elapsed 9.8s]
    [31,232/57,439  elapsed 11.8s]
    [36,352/57,439  elapsed 13.7s]
    [41,472/57,439  elapsed 15.8s]
    [46,592/57,439  elapsed 17.6s]
    [51,712/57,439  elapsed 19.4s]
    [56,832/57,439  elapsed 21.2s]
  eval done in 21.4s
  by-popularity NDCG@10: tail=0.0000(n=7,762)  mid=0.0002(n=8,169)  head=0.0466(n=41,508)
  evaluating 57,439 users in batches of 512...
    [512/57,439  elapsed 0.2s]
    [5,632/57,439  elapsed 2.0s]
    [10,752/57,439  elapsed 3.7s]
    [15,872/57,439  elapsed 5.5s]
    [20,992/57,439  elapsed 7.3s]
    [26,112/57,439  elapsed 9.1s]
    [31,232/57,439  elapsed 10.9s]
    [36,352/57,439  elapsed 12.7s]
    [41,472/57,439  elapsed 14.5s]
    [46,592/57,439  elapsed 16.3s]
    [51,712/57,439  elapsed 18.1s]
    [56,832/57,439  elapsed 19.9s]
  eval done in 20.1s
  by-popularity NDCG@10: tail=0.0000(n=8,800)  mid=0.0002(n=8,657)  head=0.0440(n=39,982)
  epoch   2  loss=9.0955  val_NDCG=0.0337  test_NDCG=0.0306  test_HR=0.0568  (7.6s)
  evaluating 57,439 users in batches of 512...
    [512/57,439  elapsed 0.1s]
    [5,632/57,439  elapsed 1.9s]
    [10,752/57,439  elapsed 3.6s]
    [15,872/57,439  elapsed 5.3s]
    [20,992/57,439  elapsed 7.1s]
    [26,112/57,439  elapsed 8.8s]
    [31,232/57,439  elapsed 10.6s]
    [36,352/57,439  elapsed 12.5s]
    [41,472/57,439  elapsed 14.3s]
    [46,592/57,439  elapsed 16.2s]
    [51,712/57,439  elapsed 18.1s]
    [56,832/57,439  elapsed 20.0s]
  eval done in 20.2s
  by-popularity NDCG@10: tail=0.0001(n=7,762)  mid=0.0009(n=8,169)  head=0.0532(n=41,508)
  evaluating 57,439 users in batches of 512...
    [512/57,439  elapsed 0.2s]
    [5,632/57,439  elapsed 2.1s]
    [10,752/57,439  elapsed 4.0s]
    [15,872/57,439  elapsed 5.9s]
    [20,992/57,439  elapsed 7.8s]
    [26,112/57,439  elapsed 9.7s]
    [31,232/57,439  elapsed 11.6s]
    [36,352/57,439  elapsed 13.4s]
    [41,472/57,439  elapsed 15.3s]
    [46,592/57,439  elapsed 17.1s]
    [51,712/57,439  elapsed 18.9s]
    [56,832/57,439  elapsed 20.8s]
  eval done in 21.0s
  by-popularity NDCG@10: tail=0.0001(n=8,800)  mid=0.0007(n=8,657)  head=0.0506(n=39,982)
  epoch   3  loss=8.9332  val_NDCG=0.0386  test_NDCG=0.0354  test_HR=0.0649  (7.3s)
  evaluating 57,439 users in batches of 512...
    [512/57,439  elapsed 0.1s]
    [5,632/57,439  elapsed 2.1s]
    [10,752/57,439  elapsed 4.1s]
    [15,872/57,439  elapsed 6.1s]
    [20,992/57,439  elapsed 7.9s]
    [26,112/57,439  elapsed 9.6s]
    [31,232/57,439  elapsed 11.4s]
    [36,352/57,439  elapsed 13.2s]
    [41,472/57,439  elapsed 14.9s]
    [46,592/57,439  elapsed 16.7s]
    [51,712/57,439  elapsed 18.4s]
    [56,832/57,439  elapsed 20.2s]
  eval done in 20.4s
  by-popularity NDCG@10: tail=0.0001(n=7,762)  mid=0.0015(n=8,169)  head=0.0564(n=41,508)
  evaluating 57,439 users in batches of 512...
    [512/57,439  elapsed 0.2s]
    [5,632/57,439  elapsed 2.0s]
    [10,752/57,439  elapsed 4.0s]
    [15,872/57,439  elapsed 5.9s]
    [20,992/57,439  elapsed 7.8s]
    [26,112/57,439  elapsed 9.7s]
    [31,232/57,439  elapsed 11.7s]
    [36,352/57,439  elapsed 13.5s]
    [41,472/57,439  elapsed 15.3s]
    [46,592/57,439  elapsed 17.2s]
    [51,712/57,439  elapsed 19.1s]
    [56,832/57,439  elapsed 20.9s]
  eval done in 21.1s
  by-popularity NDCG@10: tail=0.0001(n=8,800)  mid=0.0010(n=8,657)  head=0.0536(n=39,982)
  epoch   4  loss=8.8279  val_NDCG=0.0410  test_NDCG=0.0375  test_HR=0.0691  (7.6s)
  evaluating 57,439 users in batches of 512...
    [512/57,439  elapsed 0.1s]
    [5,632/57,439  elapsed 1.9s]
    [10,752/57,439  elapsed 3.6s]
    [15,872/57,439  elapsed 5.4s]
    [20,992/57,439  elapsed 7.2s]
    [26,112/57,439  elapsed 9.0s]
    [31,232/57,439  elapsed 10.8s]
    [36,352/57,439  elapsed 12.6s]
    [41,472/57,439  elapsed 14.4s]
    [46,592/57,439  elapsed 16.2s]
    [51,712/57,439  elapsed 18.1s]
    [56,832/57,439  elapsed 20.0s]
  eval done in 20.2s
  by-popularity NDCG@10: tail=0.0002(n=7,762)  mid=0.0024(n=8,169)  head=0.0585(n=41,508)
  evaluating 57,439 users in batches of 512...
    [512/57,439  elapsed 0.2s]
    [5,632/57,439  elapsed 2.1s]
    [10,752/57,439  elapsed 3.9s]
    [15,872/57,439  elapsed 5.8s]
    [20,992/57,439  elapsed 7.7s]
    [26,112/57,439  elapsed 9.7s]
    [31,232/57,439  elapsed 11.6s]
    [36,352/57,439  elapsed 13.5s]
    [41,472/57,439  elapsed 15.3s]
    [46,592/57,439  elapsed 17.1s]
    [51,712/57,439  elapsed 18.9s]
    [56,832/57,439  elapsed 20.8s]
  eval done in 21.0s
  by-popularity NDCG@10: tail=0.0002(n=8,800)  mid=0.0026(n=8,657)  head=0.0543(n=39,982)
  epoch   5  loss=8.7470  val_NDCG=0.0426  test_NDCG=0.0382  test_HR=0.0701  (7.4s)
  evaluating 57,439 users in batches of 512...
    [512/57,439  elapsed 0.1s]
    [5,632/57,439  elapsed 2.0s]
    [10,752/57,439  elapsed 3.9s]
    [15,872/57,439  elapsed 5.7s]
    [20,992/57,439  elapsed 7.6s]
    [26,112/57,439  elapsed 9.3s]
    [31,232/57,439  elapsed 11.2s]
    [36,352/57,439  elapsed 13.2s]
    [41,472/57,439  elapsed 15.3s]
    [46,592/57,439  elapsed 17.3s]
    [51,712/57,439  elapsed 19.3s]
    [56,832/57,439  elapsed 21.1s]
  eval done in 21.3s
  by-popularity NDCG@10: tail=0.0006(n=7,762)  mid=0.0034(n=8,169)  head=0.0601(n=41,508)
  evaluating 57,439 users in batches of 512...
    [512/57,439  elapsed 0.2s]
    [5,632/57,439  elapsed 2.0s]
    [10,752/57,439  elapsed 3.8s]
    [15,872/57,439  elapsed 5.7s]
    [20,992/57,439  elapsed 7.4s]
    [26,112/57,439  elapsed 9.2s]
    [31,232/57,439  elapsed 11.1s]
    [36,352/57,439  elapsed 13.0s]
    [41,472/57,439  elapsed 14.9s]
    [46,592/57,439  elapsed 16.7s]
    [51,712/57,439  elapsed 18.6s]
    [56,832/57,439  elapsed 20.5s]
  eval done in 20.7s
  by-popularity NDCG@10: tail=0.0003(n=8,800)  mid=0.0031(n=8,657)  head=0.0562(n=39,982)
  epoch   6  loss=8.6796  val_NDCG=0.0440  test_NDCG=0.0396  test_HR=0.0726  (7.5s)
  evaluating 57,439 users in batches of 512...
    [512/57,439  elapsed 0.1s]
    [5,632/57,439  elapsed 2.1s]
    [10,752/57,439  elapsed 4.0s]
    [15,872/57,439  elapsed 6.0s]
    [20,992/57,439  elapsed 7.9s]
    [26,112/57,439  elapsed 9.8s]
    [31,232/57,439  elapsed 11.7s]
    [36,352/57,439  elapsed 13.5s]
    [41,472/57,439  elapsed 15.4s]
    [46,592/57,439  elapsed 17.2s]
    [51,712/57,439  elapsed 19.1s]
    [56,832/57,439  elapsed 21.0s]
  eval done in 21.2s
  by-popularity NDCG@10: tail=0.0008(n=7,762)  mid=0.0044(n=8,169)  head=0.0603(n=41,508)
  evaluating 57,439 users in batches of 512...
    [512/57,439  elapsed 0.2s]
    [5,632/57,439  elapsed 2.1s]
    [10,752/57,439  elapsed 3.9s]
    [15,872/57,439  elapsed 5.7s]
    [20,992/57,439  elapsed 7.6s]
    [26,112/57,439  elapsed 9.4s]
    [31,232/57,439  elapsed 11.4s]
    [36,352/57,439  elapsed 13.3s]
    [41,472/57,439  elapsed 15.2s]
    [46,592/57,439  elapsed 17.1s]
    [51,712/57,439  elapsed 18.9s]
    [56,832/57,439  elapsed 20.8s]
  eval done in 21.0s
  by-popularity NDCG@10: tail=0.0005(n=8,800)  mid=0.0041(n=8,657)  head=0.0571(n=39,982)
  epoch   7  loss=8.6214  val_NDCG=0.0443  test_NDCG=0.0404  test_HR=0.0730  (7.6s)
  evaluating 57,439 users in batches of 512...
    [512/57,439  elapsed 0.1s]
    [5,632/57,439  elapsed 2.0s]
    [10,752/57,439  elapsed 4.0s]
    [15,872/57,439  elapsed 6.0s]
    [20,992/57,439  elapsed 8.0s]
    [26,112/57,439  elapsed 10.0s]
    [31,232/57,439  elapsed 11.7s]
    [36,352/57,439  elapsed 13.5s]
    [41,472/57,439  elapsed 14.9s]
    [46,592/57,439  elapsed 16.1s]
    [51,712/57,439  elapsed 17.2s]
    [56,832/57,439  elapsed 18.4s]
  eval done in 18.5s
  by-popularity NDCG@10: tail=0.0010(n=7,762)  mid=0.0054(n=8,169)  head=0.0610(n=41,508)
  evaluating 57,439 users in batches of 512...
    [512/57,439  elapsed 0.1s]
    [5,632/57,439  elapsed 1.3s]
    [10,752/57,439  elapsed 2.6s]
    [15,872/57,439  elapsed 3.9s]
    [20,992/57,439  elapsed 5.2s]
    [26,112/57,439  elapsed 6.5s]
    [31,232/57,439  elapsed 7.8s]
    [36,352/57,439  elapsed 9.1s]
    [41,472/57,439  elapsed 10.5s]
    [46,592/57,439  elapsed 11.8s]
    [51,712/57,439  elapsed 13.2s]
    [56,832/57,439  elapsed 14.6s]
  eval done in 14.8s
  by-popularity NDCG@10: tail=0.0008(n=8,800)  mid=0.0046(n=8,657)  head=0.0573(n=39,982)
  epoch   8  loss=8.5700  val_NDCG=0.0450  test_NDCG=0.0407  test_HR=0.0737  (7.4s)
  evaluating 57,439 users in batches of 512...
    [512/57,439  elapsed 0.1s]
    [5,632/57,439  elapsed 1.5s]
    [10,752/57,439  elapsed 2.7s]
    [15,872/57,439  elapsed 4.0s]
    [20,992/57,439  elapsed 5.2s]
    [26,112/57,439  elapsed 6.4s]
    [31,232/57,439  elapsed 7.7s]
    [36,352/57,439  elapsed 9.0s]
    [41,472/57,439  elapsed 10.5s]
    [46,592/57,439  elapsed 11.9s]
    [51,712/57,439  elapsed 13.3s]
    [56,832/57,439  elapsed 14.7s]
  eval done in 14.9s
  by-popularity NDCG@10: tail=0.0011(n=7,762)  mid=0.0055(n=8,169)  head=0.0622(n=41,508)
  evaluating 57,439 users in batches of 512...
    [512/57,439  elapsed 0.1s]
    [5,632/57,439  elapsed 1.6s]
    [10,752/57,439  elapsed 3.0s]
    [15,872/57,439  elapsed 4.4s]
    [20,992/57,439  elapsed 5.8s]
    [26,112/57,439  elapsed 7.2s]
    [31,232/57,439  elapsed 8.7s]
    [36,352/57,439  elapsed 10.1s]
    [41,472/57,439  elapsed 11.5s]
    [46,592/57,439  elapsed 12.9s]
    [51,712/57,439  elapsed 14.4s]
    [56,832/57,439  elapsed 15.8s]
  eval done in 15.9s
  by-popularity NDCG@10: tail=0.0009(n=8,800)  mid=0.0044(n=8,657)  head=0.0582(n=39,982)
  epoch   9  loss=8.5230  val_NDCG=0.0459  test_NDCG=0.0413  test_HR=0.0747  (6.2s)
  evaluating 57,439 users in batches of 512...
    [512/57,439  elapsed 0.2s]
    [5,632/57,439  elapsed 1.6s]
    [10,752/57,439  elapsed 2.9s]
    [15,872/57,439  elapsed 4.3s]
    [20,992/57,439  elapsed 5.7s]
    [26,112/57,439  elapsed 7.1s]
    [31,232/57,439  elapsed 8.5s]
    [36,352/57,439  elapsed 9.9s]
    [41,472/57,439  elapsed 11.3s]
    [46,592/57,439  elapsed 12.6s]
    [51,712/57,439  elapsed 14.1s]
    [56,832/57,439  elapsed 15.4s]
  eval done in 15.6s
  by-popularity NDCG@10: tail=0.0015(n=7,762)  mid=0.0063(n=8,169)  head=0.0621(n=41,508)
  evaluating 57,439 users in batches of 512...
    [512/57,439  elapsed 0.1s]
    [5,632/57,439  elapsed 1.5s]
    [10,752/57,439  elapsed 2.9s]
    [15,872/57,439  elapsed 4.3s]
    [20,992/57,439  elapsed 5.7s]
    [26,112/57,439  elapsed 7.2s]
    [31,232/57,439  elapsed 8.7s]
    [36,352/57,439  elapsed 10.2s]
    [41,472/57,439  elapsed 11.6s]
    [46,592/57,439  elapsed 13.1s]
    [51,712/57,439  elapsed 14.5s]
    [56,832/57,439  elapsed 16.0s]
  eval done in 16.1s
  by-popularity NDCG@10: tail=0.0009(n=8,800)  mid=0.0054(n=8,657)  head=0.0580(n=39,982)
  epoch  10  loss=8.4811  val_NDCG=0.0460  test_NDCG=0.0413  test_HR=0.0741  (6.0s)
  evaluating 57,439 users in batches of 512...
    [512/57,439  elapsed 0.2s]
    [5,632/57,439  elapsed 1.6s]
    [10,752/57,439  elapsed 3.0s]
    [15,872/57,439  elapsed 4.4s]
    [20,992/57,439  elapsed 5.8s]
    [26,112/57,439  elapsed 7.2s]
    [31,232/57,439  elapsed 8.6s]
    [36,352/57,439  elapsed 10.1s]
    [41,472/57,439  elapsed 11.5s]
    [46,592/57,439  elapsed 12.9s]
    [51,712/57,439  elapsed 14.3s]
    [56,832/57,439  elapsed 15.7s]
  eval done in 15.9s
  by-popularity NDCG@10: tail=0.0014(n=7,762)  mid=0.0065(n=8,169)  head=0.0621(n=41,508)
  evaluating 57,439 users in batches of 512...
    [512/57,439  elapsed 0.1s]
    [5,632/57,439  elapsed 1.6s]
    [10,752/57,439  elapsed 3.0s]
    [15,872/57,439  elapsed 4.4s]
    [20,992/57,439  elapsed 5.8s]
    [26,112/57,439  elapsed 7.2s]
    [31,232/57,439  elapsed 8.7s]
    [36,352/57,439  elapsed 10.1s]
    [41,472/57,439  elapsed 11.5s]
    [46,592/57,439  elapsed 13.0s]
    [51,712/57,439  elapsed 14.4s]
    [56,832/57,439  elapsed 15.8s]
  eval done in 16.0s
  by-popularity NDCG@10: tail=0.0010(n=8,800)  mid=0.0059(n=8,657)  head=0.0578(n=39,982)
  epoch  11  loss=8.4412  val_NDCG=0.0460  test_NDCG=0.0413  test_HR=0.0744  (6.2s)
  evaluating 57,439 users in batches of 512...
    [512/57,439  elapsed 0.2s]
    [5,632/57,439  elapsed 1.6s]
    [10,752/57,439  elapsed 3.0s]
    [15,872/57,439  elapsed 4.4s]
    [20,992/57,439  elapsed 5.8s]
    [26,112/57,439  elapsed 7.2s]
    [31,232/57,439  elapsed 8.6s]
    [36,352/57,439  elapsed 10.0s]
    [41,472/57,439  elapsed 11.4s]
    [46,592/57,439  elapsed 12.8s]
    [51,712/57,439  elapsed 14.2s]
    [56,832/57,439  elapsed 15.6s]
  eval done in 15.8s
  by-popularity NDCG@10: tail=0.0015(n=7,762)  mid=0.0068(n=8,169)  head=0.0615(n=41,508)
  evaluating 57,439 users in batches of 512...
    [512/57,439  elapsed 0.1s]
    [5,632/57,439  elapsed 1.5s]
    [10,752/57,439  elapsed 3.0s]
    [15,872/57,439  elapsed 4.4s]
    [20,992/57,439  elapsed 5.8s]
    [26,112/57,439  elapsed 7.2s]
    [31,232/57,439  elapsed 8.6s]
    [36,352/57,439  elapsed 10.0s]
    [41,472/57,439  elapsed 11.4s]
    [46,592/57,439  elapsed 12.8s]
    [51,712/57,439  elapsed 14.3s]
    [56,832/57,439  elapsed 15.7s]
  eval done in 15.8s
  by-popularity NDCG@10: tail=0.0012(n=8,800)  mid=0.0063(n=8,657)  head=0.0581(n=39,982)
  epoch  12  loss=8.4050  val_NDCG=0.0456  test_NDCG=0.0416  test_HR=0.0753  (6.2s)
  evaluating 57,439 users in batches of 512...
    [512/57,439  elapsed 0.2s]
    [5,632/57,439  elapsed 1.6s]
    [10,752/57,439  elapsed 3.0s]
    [15,872/57,439  elapsed 4.4s]
    [20,992/57,439  elapsed 5.8s]
    [26,112/57,439  elapsed 7.2s]
    [31,232/57,439  elapsed 8.6s]
    [36,352/57,439  elapsed 10.0s]
    [41,472/57,439  elapsed 11.4s]
    [46,592/57,439  elapsed 12.9s]
    [51,712/57,439  elapsed 14.3s]
    [56,832/57,439  elapsed 15.7s]
  eval done in 15.8s
  by-popularity NDCG@10: tail=0.0018(n=7,762)  mid=0.0071(n=8,169)  head=0.0618(n=41,508)
  evaluating 57,439 users in batches of 512...
    [512/57,439  elapsed 0.1s]
    [5,632/57,439  elapsed 1.6s]
    [10,752/57,439  elapsed 3.0s]
    [15,872/57,439  elapsed 4.4s]
    [20,992/57,439  elapsed 5.8s]
    [26,112/57,439  elapsed 7.2s]
    [31,232/57,439  elapsed 8.6s]
    [36,352/57,439  elapsed 10.0s]
    [41,472/57,439  elapsed 11.4s]
    [46,592/57,439  elapsed 12.9s]
    [51,712/57,439  elapsed 14.3s]
    [56,832/57,439  elapsed 15.7s]
  eval done in 15.8s
  by-popularity NDCG@10: tail=0.0014(n=8,800)  mid=0.0064(n=8,657)  head=0.0576(n=39,982)
  epoch  13  loss=8.3753  val_NDCG=0.0459  test_NDCG=0.0413  test_HR=0.0744  (6.1s)
  evaluating 57,439 users in batches of 512...
    [512/57,439  elapsed 0.2s]
    [5,632/57,439  elapsed 1.6s]
    [10,752/57,439  elapsed 3.0s]
    [15,872/57,439  elapsed 4.4s]
    [20,992/57,439  elapsed 5.8s]
    [26,112/57,439  elapsed 7.2s]
    [31,232/57,439  elapsed 8.6s]
    [36,352/57,439  elapsed 10.0s]
    [41,472/57,439  elapsed 11.4s]
    [46,592/57,439  elapsed 12.8s]
    [51,712/57,439  elapsed 14.2s]
    [56,832/57,439  elapsed 15.6s]
  eval done in 15.8s
  by-popularity NDCG@10: tail=0.0019(n=7,762)  mid=0.0074(n=8,169)  head=0.0620(n=41,508)
  evaluating 57,439 users in batches of 512...
    [512/57,439  elapsed 0.2s]
    [5,632/57,439  elapsed 1.6s]
    [10,752/57,439  elapsed 3.0s]
    [15,872/57,439  elapsed 4.4s]
    [20,992/57,439  elapsed 5.9s]
    [26,112/57,439  elapsed 7.3s]
    [31,232/57,439  elapsed 8.7s]
    [36,352/57,439  elapsed 10.1s]
    [41,472/57,439  elapsed 11.6s]
    [46,592/57,439  elapsed 13.0s]
    [51,712/57,439  elapsed 14.4s]
    [56,832/57,439  elapsed 15.9s]
  eval done in 16.1s
  by-popularity NDCG@10: tail=0.0015(n=8,800)  mid=0.0065(n=8,657)  head=0.0575(n=39,982)
  epoch  14  loss=8.3484  val_NDCG=0.0461  test_NDCG=0.0413  test_HR=0.0744  (6.1s)
  evaluating 57,439 users in batches of 512...
    [512/57,439  elapsed 0.2s]
    [5,632/57,439  elapsed 1.6s]
    [10,752/57,439  elapsed 3.0s]
    [15,872/57,439  elapsed 4.4s]
    [20,992/57,439  elapsed 5.8s]
    [26,112/57,439  elapsed 7.2s]
    [31,232/57,439  elapsed 8.6s]
    [36,352/57,439  elapsed 10.0s]
    [41,472/57,439  elapsed 11.3s]
    [46,592/57,439  elapsed 12.7s]
    [51,712/57,439  elapsed 14.1s]
    [56,832/57,439  elapsed 15.5s]
  eval done in 15.7s
  by-popularity NDCG@10: tail=0.0021(n=7,762)  mid=0.0076(n=8,169)  head=0.0625(n=41,508)
  evaluating 57,439 users in batches of 512...
    [512/57,439  elapsed 0.1s]
    [5,632/57,439  elapsed 1.6s]
    [10,752/57,439  elapsed 3.0s]
    [15,872/57,439  elapsed 4.4s]
    [20,992/57,439  elapsed 5.8s]
    [26,112/57,439  elapsed 7.2s]
    [31,232/57,439  elapsed 8.5s]
    [36,352/57,439  elapsed 9.9s]
    [41,472/57,439  elapsed 11.4s]
    [46,592/57,439  elapsed 12.8s]
    [51,712/57,439  elapsed 14.2s]
    [56,832/57,439  elapsed 15.6s]
  eval done in 15.7s
  by-popularity NDCG@10: tail=0.0016(n=8,800)  mid=0.0067(n=8,657)  head=0.0579(n=39,982)
  epoch  15  loss=8.3257  val_NDCG=0.0465  test_NDCG=0.0415  test_HR=0.0749  (6.1s)
  evaluating 57,439 users in batches of 512...
    [512/57,439  elapsed 0.1s]
    [5,632/57,439  elapsed 1.5s]
    [10,752/57,439  elapsed 2.9s]
    [15,872/57,439  elapsed 4.3s]
    [20,992/57,439  elapsed 5.7s]
    [26,112/57,439  elapsed 7.1s]
    [31,232/57,439  elapsed 8.5s]
    [36,352/57,439  elapsed 9.9s]
    [41,472/57,439  elapsed 11.3s]
    [46,592/57,439  elapsed 12.7s]
    [51,712/57,439  elapsed 14.1s]
    [56,832/57,439  elapsed 15.5s]
  eval done in 15.7s
  by-popularity NDCG@10: tail=0.0021(n=7,762)  mid=0.0074(n=8,169)  head=0.0624(n=41,508)
  evaluating 57,439 users in batches of 512...
    [512/57,439  elapsed 0.1s]
    [5,632/57,439  elapsed 1.5s]
    [10,752/57,439  elapsed 3.0s]
    [15,872/57,439  elapsed 4.4s]
    [20,992/57,439  elapsed 5.8s]
    [26,112/57,439  elapsed 7.2s]
    [31,232/57,439  elapsed 8.6s]
    [36,352/57,439  elapsed 10.0s]
    [41,472/57,439  elapsed 11.5s]
    [46,592/57,439  elapsed 12.9s]
    [51,712/57,439  elapsed 14.3s]
    [56,832/57,439  elapsed 15.7s]
  eval done in 15.9s
  by-popularity NDCG@10: tail=0.0016(n=8,800)  mid=0.0069(n=8,657)  head=0.0577(n=39,982)
  epoch  16  loss=8.3065  val_NDCG=0.0464  test_NDCG=0.0415  test_HR=0.0748  (6.0s)
  evaluating 57,439 users in batches of 512...
    [512/57,439  elapsed 0.2s]
    [5,632/57,439  elapsed 1.6s]
    [10,752/57,439  elapsed 3.0s]
    [15,872/57,439  elapsed 4.4s]
    [20,992/57,439  elapsed 5.8s]
    [26,112/57,439  elapsed 7.2s]
    [31,232/57,439  elapsed 8.5s]
    [36,352/57,439  elapsed 9.9s]
    [41,472/57,439  elapsed 11.3s]
    [46,592/57,439  elapsed 12.7s]
    [51,712/57,439  elapsed 14.1s]
    [56,832/57,439  elapsed 15.5s]
  eval done in 15.7s
  by-popularity NDCG@10: tail=0.0022(n=7,762)  mid=0.0076(n=8,169)  head=0.0620(n=41,508)
  evaluating 57,439 users in batches of 512...
    [512/57,439  elapsed 0.1s]
    [5,632/57,439  elapsed 1.5s]
    [10,752/57,439  elapsed 2.9s]
    [15,872/57,439  elapsed 4.3s]
    [20,992/57,439  elapsed 5.7s]
    [26,112/57,439  elapsed 7.1s]
    [31,232/57,439  elapsed 8.5s]
    [36,352/57,439  elapsed 9.9s]
    [41,472/57,439  elapsed 11.3s]
    [46,592/57,439  elapsed 12.7s]
    [51,712/57,439  elapsed 14.2s]
    [56,832/57,439  elapsed 15.6s]
  eval done in 15.7s
  by-popularity NDCG@10: tail=0.0017(n=8,800)  mid=0.0067(n=8,657)  head=0.0575(n=39,982)
  epoch  17  loss=8.2941  val_NDCG=0.0462  test_NDCG=0.0413  test_HR=0.0745  (6.0s)
  evaluating 57,439 users in batches of 512...
    [512/57,439  elapsed 0.2s]
    [5,632/57,439  elapsed 1.6s]
    [10,752/57,439  elapsed 3.0s]
    [15,872/57,439  elapsed 4.4s]
    [20,992/57,439  elapsed 5.8s]
    [26,112/57,439  elapsed 7.2s]
    [31,232/57,439  elapsed 8.6s]
    [36,352/57,439  elapsed 10.0s]
    [41,472/57,439  elapsed 11.4s]
    [46,592/57,439  elapsed 12.8s]
    [51,712/57,439  elapsed 14.2s]
    [56,832/57,439  elapsed 15.6s]
  eval done in 15.8s
  by-popularity NDCG@10: tail=0.0023(n=7,762)  mid=0.0076(n=8,169)  head=0.0621(n=41,508)
  evaluating 57,439 users in batches of 512...
    [512/57,439  elapsed 0.1s]
    [5,632/57,439  elapsed 1.6s]
    [10,752/57,439  elapsed 2.9s]
    [15,872/57,439  elapsed 4.3s]
    [20,992/57,439  elapsed 5.7s]
    [26,112/57,439  elapsed 7.1s]
    [31,232/57,439  elapsed 8.6s]
    [36,352/57,439  elapsed 10.0s]
    [41,472/57,439  elapsed 11.5s]
    [46,592/57,439  elapsed 12.9s]
    [51,712/57,439  elapsed 14.4s]
    [56,832/57,439  elapsed 15.8s]
  eval done in 16.0s
  by-popularity NDCG@10: tail=0.0017(n=8,800)  mid=0.0070(n=8,657)  head=0.0574(n=39,982)
  epoch  18  loss=8.2826  val_NDCG=0.0463  test_NDCG=0.0413  test_HR=0.0745  (6.1s)
  evaluating 57,439 users in batches of 512...
    [512/57,439  elapsed 0.2s]
    [5,632/57,439  elapsed 1.6s]
    [10,752/57,439  elapsed 3.0s]
    [15,872/57,439  elapsed 4.4s]
    [20,992/57,439  elapsed 5.8s]
    [26,112/57,439  elapsed 7.2s]
    [31,232/57,439  elapsed 8.6s]
    [36,352/57,439  elapsed 10.0s]
    [41,472/57,439  elapsed 11.4s]
    [46,592/57,439  elapsed 12.8s]
    [51,712/57,439  elapsed 14.2s]
    [56,832/57,439  elapsed 15.6s]
  eval done in 15.7s
  by-popularity NDCG@10: tail=0.0023(n=7,762)  mid=0.0076(n=8,169)  head=0.0620(n=41,508)
  evaluating 57,439 users in batches of 512...
    [512/57,439  elapsed 0.1s]
    [5,632/57,439  elapsed 1.6s]
    [10,752/57,439  elapsed 3.0s]
    [15,872/57,439  elapsed 4.4s]
    [20,992/57,439  elapsed 5.8s]
    [26,112/57,439  elapsed 7.2s]
    [31,232/57,439  elapsed 8.6s]
    [36,352/57,439  elapsed 10.1s]
    [41,472/57,439  elapsed 11.5s]
    [46,592/57,439  elapsed 13.0s]
    [51,712/57,439  elapsed 14.4s]
    [56,832/57,439  elapsed 15.9s]
  eval done in 16.0s
  by-popularity NDCG@10: tail=0.0017(n=8,800)  mid=0.0069(n=8,657)  head=0.0574(n=39,982)
  epoch  19  loss=8.2749  val_NDCG=0.0462  test_NDCG=0.0413  test_HR=0.0745  (6.2s)
  evaluating 57,439 users in batches of 512...
    [512/57,439  elapsed 0.2s]
    [5,632/57,439  elapsed 1.7s]
    [10,752/57,439  elapsed 3.1s]
    [15,872/57,439  elapsed 4.5s]
    [20,992/57,439  elapsed 5.9s]
    [26,112/57,439  elapsed 7.3s]
    [31,232/57,439  elapsed 8.7s]
    [36,352/57,439  elapsed 10.1s]
    [41,472/57,439  elapsed 11.5s]
    [46,592/57,439  elapsed 12.9s]
    [51,712/57,439  elapsed 14.3s]
    [56,832/57,439  elapsed 15.7s]
  eval done in 15.9s
  by-popularity NDCG@10: tail=0.0023(n=7,762)  mid=0.0076(n=8,169)  head=0.0621(n=41,508)
  evaluating 57,439 users in batches of 512...
    [512/57,439  elapsed 0.1s]
    [5,632/57,439  elapsed 1.5s]
    [10,752/57,439  elapsed 3.0s]
    [15,872/57,439  elapsed 4.4s]
    [20,992/57,439  elapsed 5.8s]
    [26,112/57,439  elapsed 7.2s]
    [31,232/57,439  elapsed 8.6s]
    [36,352/57,439  elapsed 10.0s]
    [41,472/57,439  elapsed 11.4s]
    [46,592/57,439  elapsed 12.9s]
    [51,712/57,439  elapsed 14.3s]
    [56,832/57,439  elapsed 15.7s]
  eval done in 15.9s
  by-popularity NDCG@10: tail=0.0017(n=8,800)  mid=0.0070(n=8,657)  head=0.0574(n=39,982)
  epoch  20  loss=8.2730  val_NDCG=0.0463  test_NDCG=0.0413  test_HR=0.0745  (6.1s)

=== Best by val NDCG@10 ===
  val_NDCG=0.0465
  test: {'NDCG@10': 0.04154018073125906, 'HR@10': 0.07486202754226223, 'MRR': 0.03771039465991749, 'n_eval': 57439, 'by_popularity': {'tail': {'NDCG@10': 0.0015808842014857713, 'HR@10': 0.003522727272727273, 'n': 8800, 'n_hit@10': 31, 'HR@20': 0.007045454545454546, 'n_hit@20': 62, 'HR@50': 0.016363636363636365, 'n_hit@50': 144, 'HR@100': 0.03318181818181818, 'n_hit@100': 292}, 'mid': {'NDCG@10': 0.006707550599732055, 'HR@10': 0.01259096684763775, 'n': 8657, 'n_hit@10': 109, 'HR@20': 0.021716529975742173, 'n_hit@20': 188, 'HR@50': 0.04840013861614878, 'n_hit@50': 419, 'HR@100': 0.08062839320780871, 'n_hit@100': 698}, 'head': {'NDCG@10': 0.05787722961602307, 'HR@10': 0.10404682106948127, 'n': 39982, 'n_hit@10': 4160, 'HR@20': 0.14836676504426993, 'n_hit@20': 5932, 'HR@50': 0.2281526687009154, 'n_hit@50': 9122, 'HR@100': 0.3071882347056175, 'n_hit@100': 12282}}}
wrote _bestrec_run\rebuild_v2\results_SOTACONF_V2_k8_MI_seed20260620.users.jsonl.gz (57,439 per-user records, best epoch 15, sha256 bc461ef5bb3e…)

wrote _bestrec_run\rebuild_v2\results_SOTACONF_V2_k8_MI_seed20260620.json
