  random seed set to 20260618
=== Musical_Instruments: load splits ===
  n_users=57,439  n_items=24,587  pad_id=24587
  built sequences for 57,439 users
  built timestamp sequences (12 time buckets)
  loading SBERT embeddings from C:\Users\rayxc\Documents\R\cache_5core\sbert_titles_Musical_Instruments.npy...
  TAPE: k-means 24,587 text embeddings into K=512 prototypes (tau=0.05)...
  TAPE: K=512 mean max-assignment weight = 0.516 (1.0 = hard clustering)

=== Build SASRec-SBERT (d=64, layers=4, heads=2) ===
  total params: 11,185,535  device=cuda
  57,439 training examples / 225 batches per epoch
  LR schedule: warmup_cosine (225 warmup + 4275 cosine steps)

=== Train for 20 epochs ===
  evaluating 57,439 users in batches of 512...
    [512/57,439  elapsed 0.2s]
    [5,632/57,439  elapsed 1.5s]
    [10,752/57,439  elapsed 2.9s]
    [15,872/57,439  elapsed 4.2s]
    [20,992/57,439  elapsed 5.6s]
    [26,112/57,439  elapsed 6.9s]
    [31,232/57,439  elapsed 8.3s]
    [36,352/57,439  elapsed 9.6s]
    [41,472/57,439  elapsed 11.0s]
    [46,592/57,439  elapsed 12.4s]
    [51,712/57,439  elapsed 13.7s]
    [56,832/57,439  elapsed 15.1s]
  eval done in 15.2s
  by-popularity NDCG@10: tail=0.0002(n=7,762)  mid=0.0003(n=8,169)  head=0.0374(n=41,508)
  evaluating 57,439 users in batches of 512...
    [512/57,439  elapsed 0.1s]
    [5,632/57,439  elapsed 1.5s]
    [10,752/57,439  elapsed 2.9s]
    [15,872/57,439  elapsed 4.2s]
    [20,992/57,439  elapsed 5.6s]
    [26,112/57,439  elapsed 7.0s]
    [31,232/57,439  elapsed 8.3s]
    [36,352/57,439  elapsed 9.7s]
    [41,472/57,439  elapsed 11.0s]
    [46,592/57,439  elapsed 12.4s]
    [51,712/57,439  elapsed 13.8s]
    [56,832/57,439  elapsed 15.1s]
  eval done in 15.3s
  by-popularity NDCG@10: tail=0.0000(n=8,800)  mid=0.0004(n=8,657)  head=0.0339(n=39,982)
  epoch   1  loss=9.6208  val_NDCG=0.0271  test_NDCG=0.0236  test_HR=0.0442  (6.1s)
  evaluating 57,439 users in batches of 512...
    [512/57,439  elapsed 0.1s]
    [5,632/57,439  elapsed 1.5s]
    [10,752/57,439  elapsed 2.8s]
    [15,872/57,439  elapsed 4.1s]
    [20,992/57,439  elapsed 5.5s]
    [26,112/57,439  elapsed 6.9s]
    [31,232/57,439  elapsed 8.2s]
    [36,352/57,439  elapsed 9.6s]
    [41,472/57,439  elapsed 10.9s]
    [46,592/57,439  elapsed 12.3s]
    [51,712/57,439  elapsed 13.7s]
    [56,832/57,439  elapsed 15.0s]
  eval done in 15.2s
  by-popularity NDCG@10: tail=0.0000(n=7,762)  mid=0.0002(n=8,169)  head=0.0451(n=41,508)
  evaluating 57,439 users in batches of 512...
    [512/57,439  elapsed 0.1s]
    [5,632/57,439  elapsed 1.5s]
    [10,752/57,439  elapsed 2.9s]
    [15,872/57,439  elapsed 4.2s]
    [20,992/57,439  elapsed 5.6s]
    [26,112/57,439  elapsed 7.0s]
    [31,232/57,439  elapsed 8.3s]
    [36,352/57,439  elapsed 9.7s]
    [41,472/57,439  elapsed 11.1s]
    [46,592/57,439  elapsed 12.4s]
    [51,712/57,439  elapsed 13.8s]
    [56,832/57,439  elapsed 15.2s]
  eval done in 15.3s
  by-popularity NDCG@10: tail=0.0001(n=8,800)  mid=0.0004(n=8,657)  head=0.0422(n=39,982)
  epoch   2  loss=9.0946  val_NDCG=0.0326  test_NDCG=0.0295  test_HR=0.0556  (5.8s)
  evaluating 57,439 users in batches of 512...
    [512/57,439  elapsed 0.2s]
    [5,632/57,439  elapsed 1.5s]
    [10,752/57,439  elapsed 2.8s]
    [15,872/57,439  elapsed 4.2s]
    [20,992/57,439  elapsed 5.5s]
    [26,112/57,439  elapsed 6.9s]
    [31,232/57,439  elapsed 8.2s]
    [36,352/57,439  elapsed 9.6s]
    [41,472/57,439  elapsed 10.9s]
    [46,592/57,439  elapsed 12.3s]
    [51,712/57,439  elapsed 13.6s]
    [56,832/57,439  elapsed 14.9s]
  eval done in 15.1s
  by-popularity NDCG@10: tail=0.0000(n=7,762)  mid=0.0005(n=8,169)  head=0.0532(n=41,508)
  evaluating 57,439 users in batches of 512...
    [512/57,439  elapsed 0.1s]
    [5,632/57,439  elapsed 1.5s]
    [10,752/57,439  elapsed 2.8s]
    [15,872/57,439  elapsed 4.2s]
    [20,992/57,439  elapsed 5.5s]
    [26,112/57,439  elapsed 6.9s]
    [31,232/57,439  elapsed 8.2s]
    [36,352/57,439  elapsed 9.6s]
    [41,472/57,439  elapsed 10.9s]
    [46,592/57,439  elapsed 12.3s]
    [51,712/57,439  elapsed 13.7s]
    [56,832/57,439  elapsed 15.0s]
  eval done in 15.2s
  by-popularity NDCG@10: tail=0.0001(n=8,800)  mid=0.0006(n=8,657)  head=0.0504(n=39,982)
  epoch   3  loss=8.9338  val_NDCG=0.0386  test_NDCG=0.0352  test_HR=0.0650  (5.8s)
  evaluating 57,439 users in batches of 512...
    [512/57,439  elapsed 0.2s]
    [5,632/57,439  elapsed 1.5s]
    [10,752/57,439  elapsed 2.9s]
    [15,872/57,439  elapsed 4.2s]
    [20,992/57,439  elapsed 5.6s]
    [26,112/57,439  elapsed 7.0s]
    [31,232/57,439  elapsed 8.3s]
    [36,352/57,439  elapsed 9.7s]
    [41,472/57,439  elapsed 11.0s]
    [46,592/57,439  elapsed 12.4s]
    [51,712/57,439  elapsed 13.8s]
    [56,832/57,439  elapsed 15.2s]
  eval done in 15.3s
  by-popularity NDCG@10: tail=0.0001(n=7,762)  mid=0.0019(n=8,169)  head=0.0562(n=41,508)
  evaluating 57,439 users in batches of 512...
    [512/57,439  elapsed 0.1s]
    [5,632/57,439  elapsed 1.5s]
    [10,752/57,439  elapsed 2.9s]
    [15,872/57,439  elapsed 4.3s]
    [20,992/57,439  elapsed 5.7s]
    [26,112/57,439  elapsed 7.0s]
    [31,232/57,439  elapsed 8.4s]
    [36,352/57,439  elapsed 9.8s]
    [41,472/57,439  elapsed 11.2s]
    [46,592/57,439  elapsed 12.6s]
    [51,712/57,439  elapsed 14.0s]
    [56,832/57,439  elapsed 15.4s]
  eval done in 15.5s
  by-popularity NDCG@10: tail=0.0001(n=8,800)  mid=0.0018(n=8,657)  head=0.0524(n=39,982)
  epoch   4  loss=8.8303  val_NDCG=0.0409  test_NDCG=0.0368  test_HR=0.0672  (5.8s)
  evaluating 57,439 users in batches of 512...
    [512/57,439  elapsed 0.2s]
    [5,632/57,439  elapsed 1.5s]
    [10,752/57,439  elapsed 2.9s]
    [15,872/57,439  elapsed 4.2s]
    [20,992/57,439  elapsed 5.6s]
    [26,112/57,439  elapsed 6.9s]
    [31,232/57,439  elapsed 8.3s]
    [36,352/57,439  elapsed 9.6s]
    [41,472/57,439  elapsed 11.0s]
    [46,592/57,439  elapsed 12.3s]
    [51,712/57,439  elapsed 13.7s]
    [56,832/57,439  elapsed 15.1s]
  eval done in 15.2s
  by-popularity NDCG@10: tail=0.0000(n=7,762)  mid=0.0025(n=8,169)  head=0.0574(n=41,508)
  evaluating 57,439 users in batches of 512...
    [512/57,439  elapsed 0.1s]
    [5,632/57,439  elapsed 1.5s]
    [10,752/57,439  elapsed 2.9s]
    [15,872/57,439  elapsed 4.2s]
    [20,992/57,439  elapsed 5.6s]
    [26,112/57,439  elapsed 7.0s]
    [31,232/57,439  elapsed 8.3s]
    [36,352/57,439  elapsed 9.7s]
    [41,472/57,439  elapsed 11.1s]
    [46,592/57,439  elapsed 12.5s]
    [51,712/57,439  elapsed 13.8s]
    [56,832/57,439  elapsed 15.2s]
  eval done in 15.4s
  by-popularity NDCG@10: tail=0.0003(n=8,800)  mid=0.0025(n=8,657)  head=0.0539(n=39,982)
  epoch   5  loss=8.7507  val_NDCG=0.0418  test_NDCG=0.0380  test_HR=0.0690  (5.8s)
  evaluating 57,439 users in batches of 512...
    [512/57,439  elapsed 0.2s]
    [5,632/57,439  elapsed 1.5s]
    [10,752/57,439  elapsed 2.9s]
    [15,872/57,439  elapsed 4.2s]
    [20,992/57,439  elapsed 5.6s]
    [26,112/57,439  elapsed 6.9s]
    [31,232/57,439  elapsed 8.3s]
    [36,352/57,439  elapsed 9.6s]
    [41,472/57,439  elapsed 11.0s]
    [46,592/57,439  elapsed 12.3s]
    [51,712/57,439  elapsed 13.7s]
    [56,832/57,439  elapsed 15.0s]
  eval done in 15.2s
  by-popularity NDCG@10: tail=0.0003(n=7,762)  mid=0.0037(n=8,169)  head=0.0585(n=41,508)
  evaluating 57,439 users in batches of 512...
    [512/57,439  elapsed 0.1s]
    [5,632/57,439  elapsed 1.5s]
    [10,752/57,439  elapsed 2.9s]
    [15,872/57,439  elapsed 4.2s]
    [20,992/57,439  elapsed 5.6s]
    [26,112/57,439  elapsed 6.9s]
    [31,232/57,439  elapsed 8.3s]
    [36,352/57,439  elapsed 9.6s]
    [41,472/57,439  elapsed 11.0s]
    [46,592/57,439  elapsed 12.3s]
    [51,712/57,439  elapsed 13.7s]
    [56,832/57,439  elapsed 15.1s]
  eval done in 15.3s
  by-popularity NDCG@10: tail=0.0005(n=8,800)  mid=0.0036(n=8,657)  head=0.0543(n=39,982)
  epoch   6  loss=8.6825  val_NDCG=0.0429  test_NDCG=0.0384  test_HR=0.0694  (5.7s)
  evaluating 57,439 users in batches of 512...
    [512/57,439  elapsed 0.2s]
    [5,632/57,439  elapsed 1.5s]
    [10,752/57,439  elapsed 2.9s]
    [15,872/57,439  elapsed 4.2s]
    [20,992/57,439  elapsed 5.6s]
    [26,112/57,439  elapsed 6.9s]
    [31,232/57,439  elapsed 8.3s]
    [36,352/57,439  elapsed 9.7s]
    [41,472/57,439  elapsed 11.0s]
    [46,592/57,439  elapsed 12.4s]
    [51,712/57,439  elapsed 13.8s]
    [56,832/57,439  elapsed 15.1s]
  eval done in 15.3s
  by-popularity NDCG@10: tail=0.0005(n=7,762)  mid=0.0042(n=8,169)  head=0.0602(n=41,508)
  evaluating 57,439 users in batches of 512...
    [512/57,439  elapsed 0.1s]
    [5,632/57,439  elapsed 1.5s]
    [10,752/57,439  elapsed 2.9s]
    [15,872/57,439  elapsed 4.3s]
    [20,992/57,439  elapsed 5.6s]
    [26,112/57,439  elapsed 7.0s]
    [31,232/57,439  elapsed 8.4s]
    [36,352/57,439  elapsed 9.8s]
    [41,472/57,439  elapsed 11.1s]
    [46,592/57,439  elapsed 12.5s]
    [51,712/57,439  elapsed 13.9s]
    [56,832/57,439  elapsed 15.3s]
  eval done in 15.4s
  by-popularity NDCG@10: tail=0.0005(n=8,800)  mid=0.0041(n=8,657)  head=0.0558(n=39,982)
  epoch   7  loss=8.6250  val_NDCG=0.0442  test_NDCG=0.0395  test_HR=0.0708  (5.8s)
  evaluating 57,439 users in batches of 512...
    [512/57,439  elapsed 0.2s]
    [5,632/57,439  elapsed 1.5s]
    [10,752/57,439  elapsed 2.9s]
    [15,872/57,439  elapsed 4.2s]
    [20,992/57,439  elapsed 5.6s]
    [26,112/57,439  elapsed 6.9s]
    [31,232/57,439  elapsed 8.3s]
    [36,352/57,439  elapsed 9.6s]
    [41,472/57,439  elapsed 11.0s]
    [46,592/57,439  elapsed 12.3s]
    [51,712/57,439  elapsed 13.7s]
    [56,832/57,439  elapsed 15.0s]
  eval done in 15.2s
  by-popularity NDCG@10: tail=0.0008(n=7,762)  mid=0.0050(n=8,169)  head=0.0610(n=41,508)
  evaluating 57,439 users in batches of 512...
    [512/57,439  elapsed 0.1s]
    [5,632/57,439  elapsed 1.5s]
    [10,752/57,439  elapsed 2.9s]
    [15,872/57,439  elapsed 4.2s]
    [20,992/57,439  elapsed 5.6s]
    [26,112/57,439  elapsed 7.0s]
    [31,232/57,439  elapsed 8.3s]
    [36,352/57,439  elapsed 9.7s]
    [41,472/57,439  elapsed 11.1s]
    [46,592/57,439  elapsed 12.5s]
    [51,712/57,439  elapsed 13.8s]
    [56,832/57,439  elapsed 15.2s]
  eval done in 15.4s
  by-popularity NDCG@10: tail=0.0008(n=8,800)  mid=0.0046(n=8,657)  head=0.0558(n=39,982)
  epoch   8  loss=8.5722  val_NDCG=0.0449  test_NDCG=0.0396  test_HR=0.0715  (5.8s)
  evaluating 57,439 users in batches of 512...
    [512/57,439  elapsed 0.2s]
    [5,632/57,439  elapsed 1.5s]
    [10,752/57,439  elapsed 2.9s]
    [15,872/57,439  elapsed 4.2s]
    [20,992/57,439  elapsed 5.6s]
    [26,112/57,439  elapsed 6.9s]
    [31,232/57,439  elapsed 8.3s]
    [36,352/57,439  elapsed 9.6s]
    [41,472/57,439  elapsed 11.0s]
    [46,592/57,439  elapsed 12.3s]
    [51,712/57,439  elapsed 13.7s]
    [56,832/57,439  elapsed 15.1s]
  eval done in 15.2s
  by-popularity NDCG@10: tail=0.0010(n=7,762)  mid=0.0056(n=8,169)  head=0.0617(n=41,508)
  evaluating 57,439 users in batches of 512...
    [512/57,439  elapsed 0.1s]
    [5,632/57,439  elapsed 1.5s]
    [10,752/57,439  elapsed 2.8s]
    [15,872/57,439  elapsed 4.2s]
    [20,992/57,439  elapsed 5.6s]
    [26,112/57,439  elapsed 6.9s]
    [31,232/57,439  elapsed 8.3s]
    [36,352/57,439  elapsed 9.6s]
    [41,472/57,439  elapsed 11.0s]
    [46,592/57,439  elapsed 12.4s]
    [51,712/57,439  elapsed 13.7s]
    [56,832/57,439  elapsed 15.1s]
  eval done in 15.3s
  by-popularity NDCG@10: tail=0.0009(n=8,800)  mid=0.0048(n=8,657)  head=0.0577(n=39,982)
  epoch   9  loss=8.5242  val_NDCG=0.0455  test_NDCG=0.0410  test_HR=0.0738  (5.8s)
  evaluating 57,439 users in batches of 512...
    [512/57,439  elapsed 0.1s]
    [5,632/57,439  elapsed 1.5s]
    [10,752/57,439  elapsed 2.8s]
    [15,872/57,439  elapsed 4.2s]
    [20,992/57,439  elapsed 5.6s]
    [26,112/57,439  elapsed 7.0s]
    [31,232/57,439  elapsed 8.3s]
    [36,352/57,439  elapsed 9.7s]
    [41,472/57,439  elapsed 11.0s]
    [46,592/57,439  elapsed 12.4s]
    [51,712/57,439  elapsed 13.8s]
    [56,832/57,439  elapsed 15.1s]
  eval done in 15.3s
  by-popularity NDCG@10: tail=0.0015(n=7,762)  mid=0.0059(n=8,169)  head=0.0607(n=41,508)
  evaluating 57,439 users in batches of 512...
    [512/57,439  elapsed 0.1s]
    [5,632/57,439  elapsed 1.5s]
    [10,752/57,439  elapsed 2.9s]
    [15,872/57,439  elapsed 4.3s]
    [20,992/57,439  elapsed 5.7s]
    [26,112/57,439  elapsed 7.0s]
    [31,232/57,439  elapsed 8.4s]
    [36,352/57,439  elapsed 9.8s]
    [41,472/57,439  elapsed 11.2s]
    [46,592/57,439  elapsed 12.5s]
    [51,712/57,439  elapsed 13.9s]
    [56,832/57,439  elapsed 15.3s]
  eval done in 15.4s
  by-popularity NDCG@10: tail=0.0011(n=8,800)  mid=0.0056(n=8,657)  head=0.0565(n=39,982)
  epoch  10  loss=8.4808  val_NDCG=0.0449  test_NDCG=0.0404  test_HR=0.0722  (5.8s)
  evaluating 57,439 users in batches of 512...
    [512/57,439  elapsed 0.1s]
    [5,632/57,439  elapsed 1.5s]
    [10,752/57,439  elapsed 2.8s]
    [15,872/57,439  elapsed 4.2s]
    [20,992/57,439  elapsed 5.5s]
    [26,112/57,439  elapsed 6.9s]
    [31,232/57,439  elapsed 8.2s]
    [36,352/57,439  elapsed 9.6s]
    [41,472/57,439  elapsed 11.0s]
    [46,592/57,439  elapsed 12.3s]
    [51,712/57,439  elapsed 13.7s]
    [56,832/57,439  elapsed 15.0s]
  eval done in 15.2s
  by-popularity NDCG@10: tail=0.0016(n=7,762)  mid=0.0065(n=8,169)  head=0.0618(n=41,508)
  evaluating 57,439 users in batches of 512...
    [512/57,439  elapsed 0.1s]
    [5,632/57,439  elapsed 1.5s]
    [10,752/57,439  elapsed 2.9s]
    [15,872/57,439  elapsed 4.3s]
    [20,992/57,439  elapsed 5.7s]
    [26,112/57,439  elapsed 7.0s]
    [31,232/57,439  elapsed 8.4s]
    [36,352/57,439  elapsed 9.8s]
    [41,472/57,439  elapsed 11.2s]
    [46,592/57,439  elapsed 12.6s]
    [51,712/57,439  elapsed 14.0s]
    [56,832/57,439  elapsed 15.4s]
  eval done in 15.6s
  by-popularity NDCG@10: tail=0.0013(n=8,800)  mid=0.0061(n=8,657)  head=0.0572(n=39,982)
  epoch  11  loss=8.4422  val_NDCG=0.0458  test_NDCG=0.0410  test_HR=0.0733  (5.8s)
  evaluating 57,439 users in batches of 512...
    [512/57,439  elapsed 0.2s]
    [5,632/57,439  elapsed 1.6s]
    [10,752/57,439  elapsed 2.9s]
    [15,872/57,439  elapsed 4.3s]
    [20,992/57,439  elapsed 5.6s]
    [26,112/57,439  elapsed 7.0s]
    [31,232/57,439  elapsed 8.3s]
    [36,352/57,439  elapsed 9.7s]
    [41,472/57,439  elapsed 11.0s]
    [46,592/57,439  elapsed 12.4s]
    [51,712/57,439  elapsed 13.8s]
    [56,832/57,439  elapsed 15.1s]
  eval done in 15.3s
  by-popularity NDCG@10: tail=0.0018(n=7,762)  mid=0.0070(n=8,169)  head=0.0615(n=41,508)
  evaluating 57,439 users in batches of 512...
    [512/57,439  elapsed 0.1s]
    [5,632/57,439  elapsed 1.5s]
    [10,752/57,439  elapsed 2.9s]
    [15,872/57,439  elapsed 4.2s]
    [20,992/57,439  elapsed 5.6s]
    [26,112/57,439  elapsed 7.0s]
    [31,232/57,439  elapsed 8.3s]
    [36,352/57,439  elapsed 9.7s]
    [41,472/57,439  elapsed 11.1s]
    [46,592/57,439  elapsed 12.4s]
    [51,712/57,439  elapsed 13.8s]
    [56,832/57,439  elapsed 15.1s]
  eval done in 15.3s
  by-popularity NDCG@10: tail=0.0016(n=8,800)  mid=0.0062(n=8,657)  head=0.0577(n=39,982)
  epoch  12  loss=8.4078  val_NDCG=0.0457  test_NDCG=0.0413  test_HR=0.0739  (5.9s)
  evaluating 57,439 users in batches of 512...
    [512/57,439  elapsed 0.2s]
    [5,632/57,439  elapsed 1.5s]
    [10,752/57,439  elapsed 2.9s]
    [15,872/57,439  elapsed 4.2s]
    [20,992/57,439  elapsed 5.6s]
    [26,112/57,439  elapsed 6.9s]
    [31,232/57,439  elapsed 8.3s]
    [36,352/57,439  elapsed 9.6s]
    [41,472/57,439  elapsed 11.0s]
    [46,592/57,439  elapsed 12.3s]
    [51,712/57,439  elapsed 13.7s]
    [56,832/57,439  elapsed 15.0s]
  eval done in 15.2s
  by-popularity NDCG@10: tail=0.0019(n=7,762)  mid=0.0072(n=8,169)  head=0.0612(n=41,508)
  evaluating 57,439 users in batches of 512...
    [512/57,439  elapsed 0.1s]
    [5,632/57,439  elapsed 1.5s]
    [10,752/57,439  elapsed 2.9s]
    [15,872/57,439  elapsed 4.2s]
    [20,992/57,439  elapsed 5.6s]
    [26,112/57,439  elapsed 6.9s]
    [31,232/57,439  elapsed 8.3s]
    [36,352/57,439  elapsed 9.6s]
    [41,472/57,439  elapsed 11.0s]
    [46,592/57,439  elapsed 12.4s]
    [51,712/57,439  elapsed 13.7s]
    [56,832/57,439  elapsed 15.1s]
  eval done in 15.3s
  by-popularity NDCG@10: tail=0.0016(n=8,800)  mid=0.0067(n=8,657)  head=0.0567(n=39,982)
  epoch  13  loss=8.3765  val_NDCG=0.0455  test_NDCG=0.0407  test_HR=0.0728  (5.8s)
  evaluating 57,439 users in batches of 512...
    [512/57,439  elapsed 0.2s]
    [5,632/57,439  elapsed 1.5s]
    [10,752/57,439  elapsed 2.9s]
    [15,872/57,439  elapsed 4.2s]
    [20,992/57,439  elapsed 5.6s]
    [26,112/57,439  elapsed 7.0s]
    [31,232/57,439  elapsed 8.3s]
    [36,352/57,439  elapsed 9.7s]
    [41,472/57,439  elapsed 11.0s]
    [46,592/57,439  elapsed 12.4s]
    [51,712/57,439  elapsed 13.8s]
    [56,832/57,439  elapsed 15.1s]
  eval done in 15.3s
  by-popularity NDCG@10: tail=0.0020(n=7,762)  mid=0.0076(n=8,169)  head=0.0611(n=41,508)
  evaluating 57,439 users in batches of 512...
    [512/57,439  elapsed 0.1s]
    [5,632/57,439  elapsed 1.5s]
    [10,752/57,439  elapsed 2.9s]
    [15,872/57,439  elapsed 4.2s]
    [20,992/57,439  elapsed 5.6s]
    [26,112/57,439  elapsed 7.0s]
    [31,232/57,439  elapsed 8.3s]
    [36,352/57,439  elapsed 9.7s]
    [41,472/57,439  elapsed 11.1s]
    [46,592/57,439  elapsed 12.5s]
    [51,712/57,439  elapsed 13.8s]
    [56,832/57,439  elapsed 15.2s]
  eval done in 15.3s
  by-popularity NDCG@10: tail=0.0017(n=8,800)  mid=0.0070(n=8,657)  head=0.0568(n=39,982)
  epoch  14  loss=8.3478  val_NDCG=0.0455  test_NDCG=0.0408  test_HR=0.0731  (5.8s)
  evaluating 57,439 users in batches of 512...
    [512/57,439  elapsed 0.2s]
    [5,632/57,439  elapsed 1.5s]
    [10,752/57,439  elapsed 2.9s]
    [15,872/57,439  elapsed 4.2s]
    [20,992/57,439  elapsed 5.6s]
    [26,112/57,439  elapsed 7.0s]
    [31,232/57,439  elapsed 8.3s]
    [36,352/57,439  elapsed 9.7s]
    [41,472/57,439  elapsed 11.1s]
    [46,592/57,439  elapsed 12.4s]
    [51,712/57,439  elapsed 13.8s]
    [56,832/57,439  elapsed 15.1s]
  eval done in 15.3s
  by-popularity NDCG@10: tail=0.0021(n=7,762)  mid=0.0077(n=8,169)  head=0.0615(n=41,508)
  evaluating 57,439 users in batches of 512...
    [512/57,439  elapsed 0.1s]
    [5,632/57,439  elapsed 1.5s]
    [10,752/57,439  elapsed 2.9s]
    [15,872/57,439  elapsed 4.3s]
    [20,992/57,439  elapsed 5.7s]
    [26,112/57,439  elapsed 7.0s]
    [31,232/57,439  elapsed 8.4s]
    [36,352/57,439  elapsed 9.8s]
    [41,472/57,439  elapsed 11.1s]
    [46,592/57,439  elapsed 12.5s]
    [51,712/57,439  elapsed 13.9s]
    [56,832/57,439  elapsed 15.3s]
  eval done in 15.5s
  by-popularity NDCG@10: tail=0.0019(n=8,800)  mid=0.0073(n=8,657)  head=0.0575(n=39,982)
  epoch  15  loss=8.3265  val_NDCG=0.0458  test_NDCG=0.0414  test_HR=0.0737  (5.8s)
  evaluating 57,439 users in batches of 512...
    [512/57,439  elapsed 0.2s]
    [5,632/57,439  elapsed 1.5s]
    [10,752/57,439  elapsed 2.8s]
    [15,872/57,439  elapsed 4.2s]
    [20,992/57,439  elapsed 5.6s]
    [26,112/57,439  elapsed 6.9s]
    [31,232/57,439  elapsed 8.3s]
    [36,352/57,439  elapsed 9.6s]
    [41,472/57,439  elapsed 11.0s]
    [46,592/57,439  elapsed 12.4s]
    [51,712/57,439  elapsed 13.7s]
    [56,832/57,439  elapsed 15.1s]
  eval done in 15.3s
  by-popularity NDCG@10: tail=0.0021(n=7,762)  mid=0.0080(n=8,169)  head=0.0618(n=41,508)
  evaluating 57,439 users in batches of 512...
    [512/57,439  elapsed 0.1s]
    [5,632/57,439  elapsed 1.5s]
    [10,752/57,439  elapsed 2.9s]
    [15,872/57,439  elapsed 4.3s]
    [20,992/57,439  elapsed 5.7s]
    [26,112/57,439  elapsed 7.1s]
    [31,232/57,439  elapsed 8.5s]
    [36,352/57,439  elapsed 9.9s]
    [41,472/57,439  elapsed 11.2s]
    [46,592/57,439  elapsed 12.6s]
    [51,712/57,439  elapsed 14.0s]
    [56,832/57,439  elapsed 15.4s]
  eval done in 15.5s
  by-popularity NDCG@10: tail=0.0019(n=8,800)  mid=0.0073(n=8,657)  head=0.0572(n=39,982)
  epoch  16  loss=8.3094  val_NDCG=0.0461  test_NDCG=0.0412  test_HR=0.0738  (5.8s)
  evaluating 57,439 users in batches of 512...
    [512/57,439  elapsed 0.1s]
    [5,632/57,439  elapsed 1.5s]
    [10,752/57,439  elapsed 2.9s]
    [15,872/57,439  elapsed 4.2s]
    [20,992/57,439  elapsed 5.6s]
    [26,112/57,439  elapsed 6.9s]
    [31,232/57,439  elapsed 8.3s]
    [36,352/57,439  elapsed 9.7s]
    [41,472/57,439  elapsed 11.0s]
    [46,592/57,439  elapsed 12.4s]
    [51,712/57,439  elapsed 13.8s]
    [56,832/57,439  elapsed 15.1s]
  eval done in 15.3s
  by-popularity NDCG@10: tail=0.0021(n=7,762)  mid=0.0083(n=8,169)  head=0.0615(n=41,508)
  evaluating 57,439 users in batches of 512...
    [512/57,439  elapsed 0.1s]
    [5,632/57,439  elapsed 1.5s]
    [10,752/57,439  elapsed 2.9s]
    [15,872/57,439  elapsed 4.3s]
    [20,992/57,439  elapsed 5.7s]
    [26,112/57,439  elapsed 7.1s]
    [31,232/57,439  elapsed 8.5s]
    [36,352/57,439  elapsed 9.8s]
    [41,472/57,439  elapsed 11.2s]
    [46,592/57,439  elapsed 12.6s]
    [51,712/57,439  elapsed 14.0s]
    [56,832/57,439  elapsed 15.4s]
  eval done in 15.5s
  by-popularity NDCG@10: tail=0.0019(n=8,800)  mid=0.0073(n=8,657)  head=0.0568(n=39,982)
  epoch  17  loss=8.2941  val_NDCG=0.0459  test_NDCG=0.0409  test_HR=0.0734  (5.9s)
  evaluating 57,439 users in batches of 512...
    [512/57,439  elapsed 0.2s]
    [5,632/57,439  elapsed 1.6s]
    [10,752/57,439  elapsed 2.9s]
    [15,872/57,439  elapsed 4.3s]
    [20,992/57,439  elapsed 5.7s]
    [26,112/57,439  elapsed 7.0s]
    [31,232/57,439  elapsed 8.4s]
    [36,352/57,439  elapsed 9.8s]
    [41,472/57,439  elapsed 11.1s]
    [46,592/57,439  elapsed 12.5s]
    [51,712/57,439  elapsed 13.9s]
    [56,832/57,439  elapsed 15.3s]
  eval done in 15.4s
  by-popularity NDCG@10: tail=0.0021(n=7,762)  mid=0.0082(n=8,169)  head=0.0617(n=41,508)
  evaluating 57,439 users in batches of 512...
    [512/57,439  elapsed 0.1s]
    [5,632/57,439  elapsed 1.5s]
    [10,752/57,439  elapsed 2.9s]
    [15,872/57,439  elapsed 4.3s]
    [20,992/57,439  elapsed 5.7s]
    [26,112/57,439  elapsed 7.1s]
    [31,232/57,439  elapsed 8.4s]
    [36,352/57,439  elapsed 9.8s]
    [41,472/57,439  elapsed 11.2s]
    [46,592/57,439  elapsed 12.6s]
    [51,712/57,439  elapsed 14.0s]
    [56,832/57,439  elapsed 15.4s]
  eval done in 15.6s
  by-popularity NDCG@10: tail=0.0020(n=8,800)  mid=0.0074(n=8,657)  head=0.0570(n=39,982)
  epoch  18  loss=8.2828  val_NDCG=0.0460  test_NDCG=0.0411  test_HR=0.0736  (5.9s)
  evaluating 57,439 users in batches of 512...
    [512/57,439  elapsed 0.2s]
    [5,632/57,439  elapsed 1.5s]
    [10,752/57,439  elapsed 2.9s]
    [15,872/57,439  elapsed 4.3s]
    [20,992/57,439  elapsed 5.7s]
    [26,112/57,439  elapsed 7.1s]
    [31,232/57,439  elapsed 8.5s]
    [36,352/57,439  elapsed 9.8s]
    [41,472/57,439  elapsed 11.2s]
    [46,592/57,439  elapsed 12.6s]
    [51,712/57,439  elapsed 14.0s]
    [56,832/57,439  elapsed 15.4s]
  eval done in 15.6s
  by-popularity NDCG@10: tail=0.0021(n=7,762)  mid=0.0082(n=8,169)  head=0.0617(n=41,508)
  evaluating 57,439 users in batches of 512...
    [512/57,439  elapsed 0.2s]
    [5,632/57,439  elapsed 1.7s]
    [10,752/57,439  elapsed 3.2s]
    [15,872/57,439  elapsed 4.4s]
    [20,992/57,439  elapsed 5.4s]
    [26,112/57,439  elapsed 6.4s]
    [31,232/57,439  elapsed 7.4s]
    [36,352/57,439  elapsed 8.6s]
    [41,472/57,439  elapsed 9.6s]
    [46,592/57,439  elapsed 10.6s]
    [51,712/57,439  elapsed 11.6s]
    [56,832/57,439  elapsed 12.6s]
  eval done in 12.7s
  by-popularity NDCG@10: tail=0.0020(n=8,800)  mid=0.0074(n=8,657)  head=0.0571(n=39,982)
  epoch  19  loss=8.2758  val_NDCG=0.0460  test_NDCG=0.0412  test_HR=0.0737  (5.9s)
  evaluating 57,439 users in batches of 512...
    [512/57,439  elapsed 0.1s]
    [5,632/57,439  elapsed 1.1s]
    [10,752/57,439  elapsed 2.7s]
    [15,872/57,439  elapsed 4.2s]
    [20,992/57,439  elapsed 5.8s]
    [26,112/57,439  elapsed 7.3s]
    [31,232/57,439  elapsed 8.8s]
    [36,352/57,439  elapsed 10.3s]
    [41,472/57,439  elapsed 11.7s]
    [46,592/57,439  elapsed 13.1s]
    [51,712/57,439  elapsed 14.6s]
    [56,832/57,439  elapsed 16.0s]
  eval done in 16.2s
  by-popularity NDCG@10: tail=0.0021(n=7,762)  mid=0.0082(n=8,169)  head=0.0617(n=41,508)
  evaluating 57,439 users in batches of 512...
    [512/57,439  elapsed 0.1s]
    [5,632/57,439  elapsed 1.4s]
    [10,752/57,439  elapsed 2.8s]
    [15,872/57,439  elapsed 4.1s]
    [20,992/57,439  elapsed 5.4s]
    [26,112/57,439  elapsed 6.8s]
    [31,232/57,439  elapsed 8.1s]
    [36,352/57,439  elapsed 9.6s]
    [41,472/57,439  elapsed 10.9s]
    [46,592/57,439  elapsed 12.3s]
    [51,712/57,439  elapsed 13.6s]
    [56,832/57,439  elapsed 14.9s]
  eval done in 15.1s
  by-popularity NDCG@10: tail=0.0020(n=8,800)  mid=0.0074(n=8,657)  head=0.0571(n=39,982)
  epoch  20  loss=8.2754  val_NDCG=0.0460  test_NDCG=0.0411  test_HR=0.0737  (5.7s)

=== Best by val NDCG@10 ===
  val_NDCG=0.0461
  test: {'NDCG@10': 0.04117946974806621, 'HR@10': 0.07381744111143997, 'MRR': 0.037544744543570895, 'n_eval': 57439, 'by_popularity': {'tail': {'NDCG@10': 0.0018575933318263418, 'HR@10': 0.004090909090909091, 'n': 8800, 'n_hit@10': 36, 'HR@20': 0.007840909090909091, 'n_hit@20': 69, 'HR@50': 0.017954545454545456, 'n_hit@50': 158, 'HR@100': 0.03534090909090909, 'n_hit@100': 311}, 'mid': {'NDCG@10': 0.007317745213036303, 'HR@10': 0.013746101420815525, 'n': 8657, 'n_hit@10': 119, 'HR@20': 0.02240961071964884, 'n_hit@20': 194, 'HR@50': 0.04840013861614878, 'n_hit@50': 419, 'HR@100': 0.08259212198221093, 'n_hit@100': 715}, 'head': {'NDCG@10': 0.05716600023085008, 'HR@10': 0.10217097693962283, 'n': 39982, 'n_hit@10': 4085, 'HR@20': 0.1471662248011605, 'n_hit@20': 5884, 'HR@50': 0.22640188084638088, 'n_hit@50': 9052, 'HR@100': 0.3056375368916012, 'n_hit@100': 12220}}}
wrote _bestrec_run\rebuild_v2\results_SOTACONF_V2_k8_MI_seed20260618.users.jsonl.gz (57,439 per-user records, best epoch 16, sha256 f7c3efb2c82b…)

wrote _bestrec_run\rebuild_v2\results_SOTACONF_V2_k8_MI_seed20260618.json
