  random seed set to 20260621
=== Musical_Instruments: load splits ===
  n_users=57,439  n_items=24,587  pad_id=24587
  built sequences for 57,439 users
  built timestamp sequences (12 time buckets)
  loading SBERT embeddings from C:\Users\rayxc\Documents\R\cache_5core\sbert_titles_Musical_Instruments.npy...
  TAPE: k-means 24,587 text embeddings into K=512 prototypes (tau=0.05)...
  TAPE: K=512 mean max-assignment weight = 0.522 (1.0 = hard clustering)

=== Build SASRec-SBERT (d=64, layers=4, heads=2) ===
  total params: 11,185,535  device=cuda
  57,439 training examples / 225 batches per epoch
  LR schedule: warmup_cosine (225 warmup + 4275 cosine steps)

=== Train for 20 epochs ===
  evaluating 57,439 users in batches of 512...
    [512/57,439  elapsed 0.1s]
    [5,632/57,439  elapsed 1.5s]
    [10,752/57,439  elapsed 2.9s]
    [15,872/57,439  elapsed 4.3s]
    [20,992/57,439  elapsed 5.7s]
    [26,112/57,439  elapsed 7.1s]
    [31,232/57,439  elapsed 8.5s]
    [36,352/57,439  elapsed 10.0s]
    [41,472/57,439  elapsed 11.4s]
    [46,592/57,439  elapsed 12.8s]
    [51,712/57,439  elapsed 14.1s]
    [56,832/57,439  elapsed 15.6s]
  eval done in 15.7s
  by-popularity NDCG@10: tail=0.0002(n=7,762)  mid=0.0001(n=8,169)  head=0.0367(n=41,508)
  evaluating 57,439 users in batches of 512...
    [512/57,439  elapsed 0.1s]
    [5,632/57,439  elapsed 1.6s]
    [10,752/57,439  elapsed 3.0s]
    [15,872/57,439  elapsed 4.4s]
    [20,992/57,439  elapsed 5.8s]
    [26,112/57,439  elapsed 7.3s]
    [31,232/57,439  elapsed 8.7s]
    [36,352/57,439  elapsed 10.2s]
    [41,472/57,439  elapsed 11.6s]
    [46,592/57,439  elapsed 13.0s]
    [51,712/57,439  elapsed 14.4s]
    [56,832/57,439  elapsed 15.8s]
  eval done in 15.9s
  by-popularity NDCG@10: tail=0.0001(n=8,800)  mid=0.0003(n=8,657)  head=0.0332(n=39,982)
  epoch   1  loss=9.6243  val_NDCG=0.0266  test_NDCG=0.0232  test_HR=0.0443  (6.3s)
  evaluating 57,439 users in batches of 512...
    [512/57,439  elapsed 0.2s]
    [5,632/57,439  elapsed 1.6s]
    [10,752/57,439  elapsed 2.9s]
    [15,872/57,439  elapsed 4.3s]
    [20,992/57,439  elapsed 5.7s]
    [26,112/57,439  elapsed 7.1s]
    [31,232/57,439  elapsed 8.5s]
    [36,352/57,439  elapsed 9.9s]
    [41,472/57,439  elapsed 11.3s]
    [46,592/57,439  elapsed 12.7s]
    [51,712/57,439  elapsed 14.1s]
    [56,832/57,439  elapsed 15.5s]
  eval done in 15.6s
  by-popularity NDCG@10: tail=0.0000(n=7,762)  mid=0.0005(n=8,169)  head=0.0456(n=41,508)
  evaluating 57,439 users in batches of 512...
    [512/57,439  elapsed 0.1s]
    [5,632/57,439  elapsed 1.6s]
    [10,752/57,439  elapsed 3.0s]
    [15,872/57,439  elapsed 4.4s]
    [20,992/57,439  elapsed 5.8s]
    [26,112/57,439  elapsed 7.3s]
    [31,232/57,439  elapsed 8.7s]
    [36,352/57,439  elapsed 10.2s]
    [41,472/57,439  elapsed 11.6s]
    [46,592/57,439  elapsed 13.0s]
    [51,712/57,439  elapsed 14.4s]
    [56,832/57,439  elapsed 15.8s]
  eval done in 16.0s
  by-popularity NDCG@10: tail=0.0001(n=8,800)  mid=0.0006(n=8,657)  head=0.0431(n=39,982)
  epoch   2  loss=9.0962  val_NDCG=0.0330  test_NDCG=0.0301  test_HR=0.0564  (6.1s)
  evaluating 57,439 users in batches of 512...
    [512/57,439  elapsed 0.2s]
    [5,632/57,439  elapsed 1.6s]
    [10,752/57,439  elapsed 3.0s]
    [15,872/57,439  elapsed 4.4s]
    [20,992/57,439  elapsed 5.8s]
    [26,112/57,439  elapsed 7.2s]
    [31,232/57,439  elapsed 8.6s]
    [36,352/57,439  elapsed 10.0s]
    [41,472/57,439  elapsed 11.4s]
    [46,592/57,439  elapsed 12.7s]
    [51,712/57,439  elapsed 14.1s]
    [56,832/57,439  elapsed 15.5s]
  eval done in 15.7s
  by-popularity NDCG@10: tail=0.0000(n=7,762)  mid=0.0006(n=8,169)  head=0.0524(n=41,508)
  evaluating 57,439 users in batches of 512...
    [512/57,439  elapsed 0.1s]
    [5,632/57,439  elapsed 1.5s]
    [10,752/57,439  elapsed 2.9s]
    [15,872/57,439  elapsed 4.3s]
    [20,992/57,439  elapsed 5.7s]
    [26,112/57,439  elapsed 7.1s]
    [31,232/57,439  elapsed 8.5s]
    [36,352/57,439  elapsed 9.9s]
    [41,472/57,439  elapsed 11.3s]
    [46,592/57,439  elapsed 12.8s]
    [51,712/57,439  elapsed 14.2s]
    [56,832/57,439  elapsed 15.6s]
  eval done in 15.7s
  by-popularity NDCG@10: tail=0.0001(n=8,800)  mid=0.0009(n=8,657)  head=0.0500(n=39,982)
  epoch   3  loss=8.9360  val_NDCG=0.0380  test_NDCG=0.0349  test_HR=0.0651  (6.1s)
  evaluating 57,439 users in batches of 512...
    [512/57,439  elapsed 0.2s]
    [5,632/57,439  elapsed 1.6s]
    [10,752/57,439  elapsed 3.0s]
    [15,872/57,439  elapsed 4.4s]
    [20,992/57,439  elapsed 5.8s]
    [26,112/57,439  elapsed 7.2s]
    [31,232/57,439  elapsed 8.6s]
    [36,352/57,439  elapsed 10.0s]
    [41,472/57,439  elapsed 11.3s]
    [46,592/57,439  elapsed 12.7s]
    [51,712/57,439  elapsed 14.1s]
    [56,832/57,439  elapsed 15.5s]
  eval done in 15.7s
  by-popularity NDCG@10: tail=0.0001(n=7,762)  mid=0.0013(n=8,169)  head=0.0557(n=41,508)
  evaluating 57,439 users in batches of 512...
    [512/57,439  elapsed 0.1s]
    [5,632/57,439  elapsed 1.6s]
    [10,752/57,439  elapsed 2.9s]
    [15,872/57,439  elapsed 4.4s]
    [20,992/57,439  elapsed 5.8s]
    [26,112/57,439  elapsed 7.2s]
    [31,232/57,439  elapsed 8.6s]
    [36,352/57,439  elapsed 10.0s]
    [41,472/57,439  elapsed 11.4s]
    [46,592/57,439  elapsed 12.8s]
    [51,712/57,439  elapsed 14.2s]
    [56,832/57,439  elapsed 15.6s]
  eval done in 15.8s
  by-popularity NDCG@10: tail=0.0001(n=8,800)  mid=0.0014(n=8,657)  head=0.0518(n=39,982)
  epoch   4  loss=8.8282  val_NDCG=0.0404  test_NDCG=0.0363  test_HR=0.0668  (6.0s)
  evaluating 57,439 users in batches of 512...
    [512/57,439  elapsed 0.2s]
    [5,632/57,439  elapsed 1.6s]
    [10,752/57,439  elapsed 3.0s]
    [15,872/57,439  elapsed 4.4s]
    [20,992/57,439  elapsed 5.8s]
    [26,112/57,439  elapsed 7.2s]
    [31,232/57,439  elapsed 8.6s]
    [36,352/57,439  elapsed 10.0s]
    [41,472/57,439  elapsed 11.4s]
    [46,592/57,439  elapsed 12.8s]
    [51,712/57,439  elapsed 14.2s]
    [56,832/57,439  elapsed 15.6s]
  eval done in 15.7s
  by-popularity NDCG@10: tail=0.0003(n=7,762)  mid=0.0021(n=8,169)  head=0.0574(n=41,508)
  evaluating 57,439 users in batches of 512...
    [512/57,439  elapsed 0.1s]
    [5,632/57,439  elapsed 1.5s]
    [10,752/57,439  elapsed 2.9s]
    [15,872/57,439  elapsed 4.3s]
    [20,992/57,439  elapsed 5.7s]
    [26,112/57,439  elapsed 7.1s]
    [31,232/57,439  elapsed 8.5s]
    [36,352/57,439  elapsed 9.9s]
    [41,472/57,439  elapsed 11.3s]
    [46,592/57,439  elapsed 12.7s]
    [51,712/57,439  elapsed 14.1s]
    [56,832/57,439  elapsed 15.5s]
  eval done in 15.7s
  by-popularity NDCG@10: tail=0.0003(n=8,800)  mid=0.0022(n=8,657)  head=0.0537(n=39,982)
  epoch   5  loss=8.7474  val_NDCG=0.0418  test_NDCG=0.0378  test_HR=0.0695  (6.1s)
  evaluating 57,439 users in batches of 512...
    [512/57,439  elapsed 0.1s]
    [5,632/57,439  elapsed 1.5s]
    [10,752/57,439  elapsed 2.9s]
    [15,872/57,439  elapsed 4.3s]
    [20,992/57,439  elapsed 5.7s]
    [26,112/57,439  elapsed 7.1s]
    [31,232/57,439  elapsed 8.5s]
    [36,352/57,439  elapsed 9.9s]
    [41,472/57,439  elapsed 11.3s]
    [46,592/57,439  elapsed 12.7s]
    [51,712/57,439  elapsed 14.1s]
    [56,832/57,439  elapsed 15.5s]
  eval done in 15.6s
  by-popularity NDCG@10: tail=0.0005(n=7,762)  mid=0.0028(n=8,169)  head=0.0587(n=41,508)
  evaluating 57,439 users in batches of 512...
    [512/57,439  elapsed 0.1s]
    [5,632/57,439  elapsed 1.5s]
    [10,752/57,439  elapsed 2.9s]
    [15,872/57,439  elapsed 4.3s]
    [20,992/57,439  elapsed 5.7s]
    [26,112/57,439  elapsed 7.1s]
    [31,232/57,439  elapsed 8.5s]
    [36,352/57,439  elapsed 9.9s]
    [41,472/57,439  elapsed 11.3s]
    [46,592/57,439  elapsed 12.7s]
    [51,712/57,439  elapsed 14.1s]
    [56,832/57,439  elapsed 15.5s]
  eval done in 15.7s
  by-popularity NDCG@10: tail=0.0005(n=8,800)  mid=0.0037(n=8,657)  head=0.0554(n=39,982)
  epoch   6  loss=8.6791  val_NDCG=0.0429  test_NDCG=0.0392  test_HR=0.0712  (6.0s)
  evaluating 57,439 users in batches of 512...
    [512/57,439  elapsed 0.2s]
    [5,632/57,439  elapsed 1.5s]
    [10,752/57,439  elapsed 2.9s]
    [15,872/57,439  elapsed 4.3s]
    [20,992/57,439  elapsed 5.7s]
    [26,112/57,439  elapsed 7.1s]
    [31,232/57,439  elapsed 8.5s]
    [36,352/57,439  elapsed 9.9s]
    [41,472/57,439  elapsed 11.3s]
    [46,592/57,439  elapsed 12.7s]
    [51,712/57,439  elapsed 14.1s]
    [56,832/57,439  elapsed 15.5s]
  eval done in 15.6s
  by-popularity NDCG@10: tail=0.0008(n=7,762)  mid=0.0041(n=8,169)  head=0.0603(n=41,508)
  evaluating 57,439 users in batches of 512...
    [512/57,439  elapsed 0.1s]
    [5,632/57,439  elapsed 1.5s]
    [10,752/57,439  elapsed 2.9s]
    [15,872/57,439  elapsed 4.3s]
    [20,992/57,439  elapsed 5.7s]
    [26,112/57,439  elapsed 7.1s]
    [31,232/57,439  elapsed 8.5s]
    [36,352/57,439  elapsed 9.9s]
    [41,472/57,439  elapsed 11.3s]
    [46,592/57,439  elapsed 12.7s]
    [51,712/57,439  elapsed 14.1s]
    [56,832/57,439  elapsed 15.5s]
  eval done in 15.7s
  by-popularity NDCG@10: tail=0.0006(n=8,800)  mid=0.0045(n=8,657)  head=0.0559(n=39,982)
  epoch   7  loss=8.6208  val_NDCG=0.0442  test_NDCG=0.0397  test_HR=0.0727  (6.0s)
  evaluating 57,439 users in batches of 512...
    [512/57,439  elapsed 0.1s]
    [5,632/57,439  elapsed 1.5s]
    [10,752/57,439  elapsed 2.9s]
    [15,872/57,439  elapsed 4.3s]
    [20,992/57,439  elapsed 5.7s]
    [26,112/57,439  elapsed 7.1s]
    [31,232/57,439  elapsed 8.5s]
    [36,352/57,439  elapsed 9.9s]
    [41,472/57,439  elapsed 11.2s]
    [46,592/57,439  elapsed 12.6s]
    [51,712/57,439  elapsed 14.0s]
    [56,832/57,439  elapsed 15.4s]
  eval done in 15.6s
  by-popularity NDCG@10: tail=0.0009(n=7,762)  mid=0.0049(n=8,169)  head=0.0596(n=41,508)
  evaluating 57,439 users in batches of 512...
    [512/57,439  elapsed 0.1s]
    [5,632/57,439  elapsed 1.5s]
    [10,752/57,439  elapsed 2.9s]
    [15,872/57,439  elapsed 4.3s]
    [20,992/57,439  elapsed 5.7s]
    [26,112/57,439  elapsed 7.2s]
    [31,232/57,439  elapsed 8.5s]
    [36,352/57,439  elapsed 10.0s]
    [41,472/57,439  elapsed 11.4s]
    [46,592/57,439  elapsed 12.8s]
    [51,712/57,439  elapsed 14.2s]
    [56,832/57,439  elapsed 15.6s]
  eval done in 15.7s
  by-popularity NDCG@10: tail=0.0008(n=8,800)  mid=0.0049(n=8,657)  head=0.0564(n=39,982)
  epoch   8  loss=8.5690  val_NDCG=0.0438  test_NDCG=0.0402  test_HR=0.0731  (6.1s)
  evaluating 57,439 users in batches of 512...
    [512/57,439  elapsed 0.2s]
    [5,632/57,439  elapsed 1.6s]
    [10,752/57,439  elapsed 3.1s]
    [15,872/57,439  elapsed 4.5s]
    [20,992/57,439  elapsed 5.9s]
    [26,112/57,439  elapsed 7.3s]
    [31,232/57,439  elapsed 8.7s]
    [36,352/57,439  elapsed 10.1s]
    [41,472/57,439  elapsed 11.5s]
    [46,592/57,439  elapsed 12.9s]
    [51,712/57,439  elapsed 14.3s]
    [56,832/57,439  elapsed 15.7s]
  eval done in 15.9s
  by-popularity NDCG@10: tail=0.0012(n=7,762)  mid=0.0050(n=8,169)  head=0.0610(n=41,508)
  evaluating 57,439 users in batches of 512...
    [512/57,439  elapsed 0.1s]
    [5,632/57,439  elapsed 1.6s]
    [10,752/57,439  elapsed 2.9s]
    [15,872/57,439  elapsed 4.3s]
    [20,992/57,439  elapsed 5.8s]
    [26,112/57,439  elapsed 7.1s]
    [31,232/57,439  elapsed 8.6s]
    [36,352/57,439  elapsed 10.0s]
    [41,472/57,439  elapsed 11.4s]
    [46,592/57,439  elapsed 12.8s]
    [51,712/57,439  elapsed 14.2s]
    [56,832/57,439  elapsed 15.6s]
  eval done in 15.7s
  by-popularity NDCG@10: tail=0.0009(n=8,800)  mid=0.0058(n=8,657)  head=0.0572(n=39,982)
  epoch   9  loss=8.5223  val_NDCG=0.0449  test_NDCG=0.0408  test_HR=0.0742  (6.1s)
  evaluating 57,439 users in batches of 512...
    [512/57,439  elapsed 0.2s]
    [5,632/57,439  elapsed 1.6s]
    [10,752/57,439  elapsed 3.0s]
    [15,872/57,439  elapsed 4.3s]
    [20,992/57,439  elapsed 5.7s]
    [26,112/57,439  elapsed 7.1s]
    [31,232/57,439  elapsed 8.5s]
    [36,352/57,439  elapsed 9.9s]
    [41,472/57,439  elapsed 11.3s]
    [46,592/57,439  elapsed 12.7s]
    [51,712/57,439  elapsed 14.1s]
    [56,832/57,439  elapsed 15.5s]
  eval done in 15.6s
  by-popularity NDCG@10: tail=0.0013(n=7,762)  mid=0.0060(n=8,169)  head=0.0614(n=41,508)
  evaluating 57,439 users in batches of 512...
    [512/57,439  elapsed 0.1s]
    [5,632/57,439  elapsed 1.5s]
    [10,752/57,439  elapsed 2.9s]
    [15,872/57,439  elapsed 4.4s]
    [20,992/57,439  elapsed 5.8s]
    [26,112/57,439  elapsed 7.2s]
    [31,232/57,439  elapsed 8.6s]
    [36,352/57,439  elapsed 10.0s]
    [41,472/57,439  elapsed 11.4s]
    [46,592/57,439  elapsed 12.8s]
    [51,712/57,439  elapsed 14.2s]
    [56,832/57,439  elapsed 15.6s]
  eval done in 15.8s
  by-popularity NDCG@10: tail=0.0012(n=8,800)  mid=0.0061(n=8,657)  head=0.0576(n=39,982)
  epoch  10  loss=8.4774  val_NDCG=0.0454  test_NDCG=0.0412  test_HR=0.0737  (6.0s)
  evaluating 57,439 users in batches of 512...
    [512/57,439  elapsed 0.2s]
    [5,632/57,439  elapsed 1.6s]
    [10,752/57,439  elapsed 3.0s]
    [15,872/57,439  elapsed 4.4s]
    [20,992/57,439  elapsed 5.8s]
    [26,112/57,439  elapsed 7.2s]
    [31,232/57,439  elapsed 8.6s]
    [36,352/57,439  elapsed 10.0s]
    [41,472/57,439  elapsed 11.3s]
    [46,592/57,439  elapsed 12.7s]
    [51,712/57,439  elapsed 14.1s]
    [56,832/57,439  elapsed 15.5s]
  eval done in 15.7s
  by-popularity NDCG@10: tail=0.0014(n=7,762)  mid=0.0064(n=8,169)  head=0.0617(n=41,508)
  evaluating 57,439 users in batches of 512...
    [512/57,439  elapsed 0.1s]
    [5,632/57,439  elapsed 1.5s]
    [10,752/57,439  elapsed 2.9s]
    [15,872/57,439  elapsed 4.3s]
    [20,992/57,439  elapsed 5.7s]
    [26,112/57,439  elapsed 7.1s]
    [31,232/57,439  elapsed 8.5s]
    [36,352/57,439  elapsed 9.9s]
    [41,472/57,439  elapsed 11.3s]
    [46,592/57,439  elapsed 12.7s]
    [51,712/57,439  elapsed 14.1s]
    [56,832/57,439  elapsed 15.5s]
  eval done in 15.7s
  by-popularity NDCG@10: tail=0.0014(n=8,800)  mid=0.0062(n=8,657)  head=0.0579(n=39,982)
  epoch  11  loss=8.4393  val_NDCG=0.0457  test_NDCG=0.0415  test_HR=0.0743  (6.0s)
  evaluating 57,439 users in batches of 512...
    [512/57,439  elapsed 0.2s]
    [5,632/57,439  elapsed 1.6s]
    [10,752/57,439  elapsed 3.0s]
    [15,872/57,439  elapsed 4.4s]
    [20,992/57,439  elapsed 5.9s]
    [26,112/57,439  elapsed 7.2s]
    [31,232/57,439  elapsed 8.6s]
    [36,352/57,439  elapsed 10.1s]
    [41,472/57,439  elapsed 11.4s]
    [46,592/57,439  elapsed 12.8s]
    [51,712/57,439  elapsed 14.2s]
    [56,832/57,439  elapsed 15.6s]
  eval done in 15.8s
  by-popularity NDCG@10: tail=0.0017(n=7,762)  mid=0.0067(n=8,169)  head=0.0621(n=41,508)
  evaluating 57,439 users in batches of 512...
    [512/57,439  elapsed 0.1s]
    [5,632/57,439  elapsed 1.6s]
    [10,752/57,439  elapsed 3.0s]
    [15,872/57,439  elapsed 4.4s]
    [20,992/57,439  elapsed 5.8s]
    [26,112/57,439  elapsed 7.2s]
    [31,232/57,439  elapsed 8.6s]
    [36,352/57,439  elapsed 10.0s]
    [41,472/57,439  elapsed 11.4s]
    [46,592/57,439  elapsed 12.8s]
    [51,712/57,439  elapsed 14.2s]
    [56,832/57,439  elapsed 15.6s]
  eval done in 15.7s
  by-popularity NDCG@10: tail=0.0016(n=8,800)  mid=0.0061(n=8,657)  head=0.0579(n=39,982)
  epoch  12  loss=8.4047  val_NDCG=0.0461  test_NDCG=0.0415  test_HR=0.0745  (6.0s)
  evaluating 57,439 users in batches of 512...
    [512/57,439  elapsed 0.2s]
    [5,632/57,439  elapsed 1.6s]
    [10,752/57,439  elapsed 3.0s]
    [15,872/57,439  elapsed 4.4s]
    [20,992/57,439  elapsed 5.8s]
    [26,112/57,439  elapsed 7.2s]
    [31,232/57,439  elapsed 8.5s]
    [36,352/57,439  elapsed 9.9s]
    [41,472/57,439  elapsed 11.3s]
    [46,592/57,439  elapsed 12.7s]
    [51,712/57,439  elapsed 14.1s]
    [56,832/57,439  elapsed 15.4s]
  eval done in 15.6s
  by-popularity NDCG@10: tail=0.0018(n=7,762)  mid=0.0069(n=8,169)  head=0.0624(n=41,508)
  evaluating 57,439 users in batches of 512...
    [512/57,439  elapsed 0.1s]
    [5,632/57,439  elapsed 1.5s]
    [10,752/57,439  elapsed 2.9s]
    [15,872/57,439  elapsed 4.3s]
    [20,992/57,439  elapsed 5.7s]
    [26,112/57,439  elapsed 7.1s]
    [31,232/57,439  elapsed 8.5s]
    [36,352/57,439  elapsed 9.9s]
    [41,472/57,439  elapsed 11.3s]
    [46,592/57,439  elapsed 12.7s]
    [51,712/57,439  elapsed 14.1s]
    [56,832/57,439  elapsed 15.5s]
  eval done in 15.7s
  by-popularity NDCG@10: tail=0.0016(n=8,800)  mid=0.0065(n=8,657)  head=0.0578(n=39,982)
  epoch  13  loss=8.3744  val_NDCG=0.0463  test_NDCG=0.0415  test_HR=0.0746  (6.0s)
  evaluating 57,439 users in batches of 512...
    [512/57,439  elapsed 0.1s]
    [5,632/57,439  elapsed 1.5s]
    [10,752/57,439  elapsed 2.9s]
    [15,872/57,439  elapsed 4.3s]
    [20,992/57,439  elapsed 5.7s]
    [26,112/57,439  elapsed 7.1s]
    [31,232/57,439  elapsed 8.5s]
    [36,352/57,439  elapsed 9.9s]
    [41,472/57,439  elapsed 11.2s]
    [46,592/57,439  elapsed 12.6s]
    [51,712/57,439  elapsed 14.0s]
    [56,832/57,439  elapsed 15.4s]
  eval done in 15.6s
  by-popularity NDCG@10: tail=0.0017(n=7,762)  mid=0.0071(n=8,169)  head=0.0616(n=41,508)
  evaluating 57,439 users in batches of 512...
    [512/57,439  elapsed 0.1s]
    [5,632/57,439  elapsed 1.5s]
    [10,752/57,439  elapsed 2.9s]
    [15,872/57,439  elapsed 4.3s]
    [20,992/57,439  elapsed 5.8s]
    [26,112/57,439  elapsed 7.2s]
    [31,232/57,439  elapsed 8.6s]
    [36,352/57,439  elapsed 10.0s]
    [41,472/57,439  elapsed 11.4s]
    [46,592/57,439  elapsed 12.8s]
    [51,712/57,439  elapsed 14.2s]
    [56,832/57,439  elapsed 15.6s]
  eval done in 15.8s
  by-popularity NDCG@10: tail=0.0018(n=8,800)  mid=0.0067(n=8,657)  head=0.0573(n=39,982)
  epoch  14  loss=8.3450  val_NDCG=0.0458  test_NDCG=0.0412  test_HR=0.0743  (6.0s)
  evaluating 57,439 users in batches of 512...
    [512/57,439  elapsed 0.2s]
    [5,632/57,439  elapsed 1.6s]
    [10,752/57,439  elapsed 3.0s]
    [15,872/57,439  elapsed 4.4s]
    [20,992/57,439  elapsed 5.8s]
    [26,112/57,439  elapsed 7.2s]
    [31,232/57,439  elapsed 8.6s]
    [36,352/57,439  elapsed 10.0s]
    [41,472/57,439  elapsed 11.4s]
    [46,592/57,439  elapsed 12.8s]
    [51,712/57,439  elapsed 14.2s]
    [56,832/57,439  elapsed 15.6s]
  eval done in 15.8s
  by-popularity NDCG@10: tail=0.0019(n=7,762)  mid=0.0074(n=8,169)  head=0.0619(n=41,508)
  evaluating 57,439 users in batches of 512...
    [512/57,439  elapsed 0.1s]
    [5,632/57,439  elapsed 1.5s]
    [10,752/57,439  elapsed 2.9s]
    [15,872/57,439  elapsed 4.3s]
    [20,992/57,439  elapsed 5.7s]
    [26,112/57,439  elapsed 7.2s]
    [31,232/57,439  elapsed 8.6s]
    [36,352/57,439  elapsed 10.0s]
    [41,472/57,439  elapsed 11.4s]
    [46,592/57,439  elapsed 12.8s]
    [51,712/57,439  elapsed 14.2s]
    [56,832/57,439  elapsed 15.6s]
  eval done in 15.7s
  by-popularity NDCG@10: tail=0.0020(n=8,800)  mid=0.0068(n=8,657)  head=0.0573(n=39,982)
  epoch  15  loss=8.3237  val_NDCG=0.0460  test_NDCG=0.0412  test_HR=0.0744  (6.0s)
  evaluating 57,439 users in batches of 512...
    [512/57,439  elapsed 0.2s]
    [5,632/57,439  elapsed 1.5s]
    [10,752/57,439  elapsed 2.9s]
    [15,872/57,439  elapsed 4.3s]
    [20,992/57,439  elapsed 5.7s]
    [26,112/57,439  elapsed 7.1s]
    [31,232/57,439  elapsed 8.5s]
    [36,352/57,439  elapsed 9.9s]
    [41,472/57,439  elapsed 11.3s]
    [46,592/57,439  elapsed 12.7s]
    [51,712/57,439  elapsed 14.1s]
    [56,832/57,439  elapsed 15.5s]
  eval done in 15.7s
  by-popularity NDCG@10: tail=0.0020(n=7,762)  mid=0.0075(n=8,169)  head=0.0621(n=41,508)
  evaluating 57,439 users in batches of 512...
    [512/57,439  elapsed 0.1s]
    [5,632/57,439  elapsed 1.5s]
    [10,752/57,439  elapsed 2.9s]
    [15,872/57,439  elapsed 4.3s]
    [20,992/57,439  elapsed 5.8s]
    [26,112/57,439  elapsed 7.2s]
    [31,232/57,439  elapsed 8.6s]
    [36,352/57,439  elapsed 10.0s]
    [41,472/57,439  elapsed 11.4s]
    [46,592/57,439  elapsed 12.8s]
    [51,712/57,439  elapsed 14.2s]
    [56,832/57,439  elapsed 15.6s]
  eval done in 15.8s
  by-popularity NDCG@10: tail=0.0021(n=8,800)  mid=0.0070(n=8,657)  head=0.0574(n=39,982)
  epoch  16  loss=8.3043  val_NDCG=0.0462  test_NDCG=0.0413  test_HR=0.0745  (6.1s)
  evaluating 57,439 users in batches of 512...
    [512/57,439  elapsed 0.2s]
    [5,632/57,439  elapsed 1.6s]
    [10,752/57,439  elapsed 3.0s]
    [15,872/57,439  elapsed 4.3s]
    [20,992/57,439  elapsed 5.7s]
    [26,112/57,439  elapsed 7.1s]
    [31,232/57,439  elapsed 8.5s]
    [36,352/57,439  elapsed 9.9s]
    [41,472/57,439  elapsed 11.3s]
    [46,592/57,439  elapsed 12.7s]
    [51,712/57,439  elapsed 14.1s]
    [56,832/57,439  elapsed 15.5s]
  eval done in 15.7s
  by-popularity NDCG@10: tail=0.0020(n=7,762)  mid=0.0075(n=8,169)  head=0.0621(n=41,508)
  evaluating 57,439 users in batches of 512...
    [512/57,439  elapsed 0.1s]
    [5,632/57,439  elapsed 1.5s]
    [10,752/57,439  elapsed 2.9s]
    [15,872/57,439  elapsed 4.3s]
    [20,992/57,439  elapsed 5.7s]
    [26,112/57,439  elapsed 7.2s]
    [31,232/57,439  elapsed 8.6s]
    [36,352/57,439  elapsed 10.0s]
    [41,472/57,439  elapsed 11.4s]
    [46,592/57,439  elapsed 12.8s]
    [51,712/57,439  elapsed 14.2s]
    [56,832/57,439  elapsed 15.6s]
  eval done in 15.8s
  by-popularity NDCG@10: tail=0.0021(n=8,800)  mid=0.0072(n=8,657)  head=0.0576(n=39,982)
  epoch  17  loss=8.2930  val_NDCG=0.0462  test_NDCG=0.0415  test_HR=0.0749  (6.1s)
  evaluating 57,439 users in batches of 512...
    [512/57,439  elapsed 0.1s]
    [5,632/57,439  elapsed 1.5s]
    [10,752/57,439  elapsed 2.8s]
    [15,872/57,439  elapsed 4.2s]
    [20,992/57,439  elapsed 5.6s]
    [26,112/57,439  elapsed 6.9s]
    [31,232/57,439  elapsed 8.3s]
    [36,352/57,439  elapsed 9.7s]
    [41,472/57,439  elapsed 11.0s]
    [46,592/57,439  elapsed 12.4s]
    [51,712/57,439  elapsed 13.8s]
    [56,832/57,439  elapsed 15.1s]
  eval done in 15.3s
  by-popularity NDCG@10: tail=0.0021(n=7,762)  mid=0.0075(n=8,169)  head=0.0619(n=41,508)
  evaluating 57,439 users in batches of 512...
    [512/57,439  elapsed 0.1s]
    [5,632/57,439  elapsed 1.5s]
    [10,752/57,439  elapsed 2.9s]
    [15,872/57,439  elapsed 4.3s]
    [20,992/57,439  elapsed 5.7s]
    [26,112/57,439  elapsed 7.1s]
    [31,232/57,439  elapsed 8.5s]
    [36,352/57,439  elapsed 9.9s]
    [41,472/57,439  elapsed 11.2s]
    [46,592/57,439  elapsed 12.6s]
    [51,712/57,439  elapsed 14.0s]
    [56,832/57,439  elapsed 15.4s]
  eval done in 15.5s
  by-popularity NDCG@10: tail=0.0020(n=8,800)  mid=0.0072(n=8,657)  head=0.0572(n=39,982)
  epoch  18  loss=8.2822  val_NDCG=0.0461  test_NDCG=0.0412  test_HR=0.0745  (5.9s)
  evaluating 57,439 users in batches of 512...
    [512/57,439  elapsed 0.1s]
    [5,632/57,439  elapsed 1.5s]
    [10,752/57,439  elapsed 2.8s]
    [15,872/57,439  elapsed 4.2s]
    [20,992/57,439  elapsed 5.5s]
    [26,112/57,439  elapsed 6.9s]
    [31,232/57,439  elapsed 8.2s]
    [36,352/57,439  elapsed 9.6s]
    [41,472/57,439  elapsed 10.9s]
    [46,592/57,439  elapsed 12.3s]
    [51,712/57,439  elapsed 13.6s]
    [56,832/57,439  elapsed 15.0s]
  eval done in 15.1s
  by-popularity NDCG@10: tail=0.0021(n=7,762)  mid=0.0075(n=8,169)  head=0.0619(n=41,508)
  evaluating 57,439 users in batches of 512...
    [512/57,439  elapsed 0.1s]
    [5,632/57,439  elapsed 1.5s]
    [10,752/57,439  elapsed 2.9s]
    [15,872/57,439  elapsed 4.3s]
    [20,992/57,439  elapsed 5.7s]
    [26,112/57,439  elapsed 7.0s]
    [31,232/57,439  elapsed 8.4s]
    [36,352/57,439  elapsed 9.8s]
    [41,472/57,439  elapsed 11.2s]
    [46,592/57,439  elapsed 12.6s]
    [51,712/57,439  elapsed 14.0s]
    [56,832/57,439  elapsed 15.4s]
  eval done in 15.6s
  by-popularity NDCG@10: tail=0.0021(n=8,800)  mid=0.0073(n=8,657)  head=0.0574(n=39,982)
  epoch  19  loss=8.2766  val_NDCG=0.0461  test_NDCG=0.0414  test_HR=0.0748  (5.8s)
  evaluating 57,439 users in batches of 512...
    [512/57,439  elapsed 0.1s]
    [5,632/57,439  elapsed 1.5s]
    [10,752/57,439  elapsed 2.9s]
    [15,872/57,439  elapsed 4.3s]
    [20,992/57,439  elapsed 5.6s]
    [26,112/57,439  elapsed 7.0s]
    [31,232/57,439  elapsed 8.4s]
    [36,352/57,439  elapsed 9.9s]
    [41,472/57,439  elapsed 11.3s]
    [46,592/57,439  elapsed 12.7s]
    [51,712/57,439  elapsed 14.1s]
    [56,832/57,439  elapsed 15.6s]
  eval done in 15.8s
  by-popularity NDCG@10: tail=0.0021(n=7,762)  mid=0.0075(n=8,169)  head=0.0619(n=41,508)
  evaluating 57,439 users in batches of 512...
    [512/57,439  elapsed 0.1s]
    [5,632/57,439  elapsed 1.7s]
    [10,752/57,439  elapsed 3.2s]
    [15,872/57,439  elapsed 4.7s]
    [20,992/57,439  elapsed 6.2s]
    [26,112/57,439  elapsed 7.7s]
    [31,232/57,439  elapsed 9.2s]
    [36,352/57,439  elapsed 10.7s]
    [41,472/57,439  elapsed 12.2s]
    [46,592/57,439  elapsed 13.7s]
    [51,712/57,439  elapsed 15.1s]
    [56,832/57,439  elapsed 16.7s]
  eval done in 16.8s
  by-popularity NDCG@10: tail=0.0021(n=8,800)  mid=0.0073(n=8,657)  head=0.0574(n=39,982)
  epoch  20  loss=8.2719  val_NDCG=0.0461  test_NDCG=0.0414  test_HR=0.0748  (6.1s)

=== Best by val NDCG@10 ===
  val_NDCG=0.0463
  test: {'NDCG@10': 0.04149653268809854, 'HR@10': 0.07458347116070962, 'MRR': 0.037777037322972, 'n_eval': 57439, 'by_popularity': {'tail': {'NDCG@10': 0.00164758659154226, 'HR@10': 0.003409090909090909, 'n': 8800, 'n_hit@10': 30, 'HR@20': 0.006363636363636364, 'n_hit@20': 56, 'HR@50': 0.015454545454545455, 'n_hit@50': 136, 'HR@100': 0.033522727272727273, 'n_hit@100': 295}, 'mid': {'NDCG@10': 0.00653288804070678, 'HR@10': 0.012475453390319972, 'n': 8657, 'n_hit@10': 108, 'HR@20': 0.021254476146471062, 'n_hit@20': 184, 'HR@50': 0.044588194524662124, 'n_hit@50': 386, 'HR@100': 0.07797158368949983, 'n_hit@100': 675}, 'head': {'NDCG@10': 0.05783766112995151, 'HR@10': 0.10369666349857436, 'n': 39982, 'n_hit@10': 4146, 'HR@20': 0.14986744034815666, 'n_hit@20': 5992, 'HR@50': 0.2299534790655795, 'n_hit@50': 9194, 'HR@100': 0.30803861737782, 'n_hit@100': 12316}}}
wrote _bestrec_run\rebuild_v2\results_SOTACONF_V2_k8_MI_seed20260621.users.jsonl.gz (57,439 per-user records, best epoch 13, sha256 55c6e4eb0457…)

wrote _bestrec_run\rebuild_v2\results_SOTACONF_V2_k8_MI_seed20260621.json
