Run directory: C:\Users\rayxc\Documents\R\_bestrec_confirmatory_sasrec\video_games_sasrec_confirmatory_20260608_5seed
Loaded Video_Games: users=94,762 items=25,612 device=cuda
Skipping existing sasrec_sbert seed=20260608
Skipping existing sasrec_sbert seed=20260609
Skipping existing sasrec_sbert seed=20260610
Skipping existing sasrec_sbert seed=20260611
Skipping existing sasrec_sbert seed=20260612

=== Video_Games sasrec_blair seed=20260608 epochs=30 ===
  epoch   1 loss=8.4488 time=28.2s
  epoch   2 loss=7.8912 time=27.8s
  epoch   3 loss=7.7048 time=27.8s
  epoch   4 loss=7.5827 time=27.8s
  epoch   5 loss=7.4891 val=0.05897 test=0.05237 time=27.8s
  epoch   6 loss=7.4077 time=38.4s
  epoch   7 loss=7.3414 time=37.0s
  epoch   8 loss=7.2833 time=37.1s
  epoch   9 loss=7.2273 time=37.1s
  epoch  10 loss=7.1818 val=0.06264 test=0.05518 time=38.5s
  epoch  11 loss=7.1382 time=38.8s
  epoch  12 loss=7.0946 time=37.1s
  epoch  13 loss=7.0567 time=38.0s
  epoch  14 loss=7.0193 time=38.7s
  epoch  15 loss=6.9873 val=0.06338 test=0.05476 time=36.9s
  epoch  16 loss=6.9553 time=44.6s
  epoch  17 loss=6.9260 time=44.7s
  epoch  18 loss=6.9000 time=44.8s
  epoch  19 loss=6.8727 time=44.8s
  epoch  20 loss=6.8494 val=0.06167 test=0.05292 time=43.0s
  epoch  21 loss=6.8262 time=19.0s
  epoch  22 loss=6.8032 time=17.5s
  epoch  23 loss=6.7792 time=17.5s
  epoch  24 loss=6.7646 time=17.4s
  epoch  25 loss=6.7477 val=0.06126 test=0.05166 time=17.5s
  epoch  26 loss=6.7267 time=17.5s
  epoch  27 loss=6.7145 time=17.5s
  epoch  28 loss=6.6951 time=17.5s
  epoch  29 loss=6.6806 time=17.5s
  epoch  30 loss=6.6654 val=0.06019 test=0.05085 time=17.5s

=== Video_Games sasrec_blair seed=20260609 epochs=30 ===
  epoch   1 loss=8.4441 time=17.6s
  epoch   2 loss=7.8958 time=17.6s
  epoch   3 loss=7.7107 time=17.6s
  epoch   4 loss=7.5872 time=17.5s
  epoch   5 loss=7.4886 val=0.05895 test=0.05310 time=17.5s
  epoch   6 loss=7.4097 time=17.4s
  epoch   7 loss=7.3400 time=17.4s
  epoch   8 loss=7.2819 time=17.4s
  epoch   9 loss=7.2281 time=17.4s
  epoch  10 loss=7.1787 val=0.06291 test=0.05490 time=17.5s
  epoch  11 loss=7.1354 time=17.4s
  epoch  12 loss=7.0920 time=17.4s
  epoch  13 loss=7.0538 time=17.4s
  epoch  14 loss=7.0174 time=17.4s
  epoch  15 loss=6.9830 val=0.06308 test=0.05347 time=17.4s
  epoch  16 loss=6.9508 time=17.4s
  epoch  17 loss=6.9214 time=17.4s
  epoch  18 loss=6.8931 time=17.4s
  epoch  19 loss=6.8661 time=17.4s
  epoch  20 loss=6.8412 val=0.06306 test=0.05305 time=17.4s
  epoch  21 loss=6.8184 time=17.4s
  epoch  22 loss=6.7965 time=17.4s
  epoch  23 loss=6.7764 time=17.4s
  epoch  24 loss=6.7541 time=17.4s
  epoch  25 loss=6.7357 val=0.06125 test=0.05133 time=17.4s
  epoch  26 loss=6.7196 time=17.4s
  epoch  27 loss=6.7016 time=17.4s
  epoch  28 loss=6.6867 time=17.4s
  epoch  29 loss=6.6689 time=17.4s
  epoch  30 loss=6.6581 val=0.06050 test=0.04991 time=17.4s

=== Video_Games sasrec_blair seed=20260610 epochs=30 ===
  epoch   1 loss=8.4404 time=17.4s
  epoch   2 loss=7.8955 time=17.4s
  epoch   3 loss=7.7136 time=17.5s
  epoch   4 loss=7.5895 time=17.5s
  epoch   5 loss=7.4917 val=0.05817 test=0.05240 time=17.5s
  epoch   6 loss=7.4088 time=17.4s
  epoch   7 loss=7.3397 time=17.4s
  epoch   8 loss=7.2804 time=17.4s
  epoch   9 loss=7.2249 time=17.4s
  epoch  10 loss=7.1759 val=0.06289 test=0.05484 time=17.4s
  epoch  11 loss=7.1328 time=17.4s
  epoch  12 loss=7.0909 time=17.4s
  epoch  13 loss=7.0512 time=17.4s
  epoch  14 loss=7.0181 time=17.4s
  epoch  15 loss=6.9850 val=0.06267 test=0.05396 time=17.4s
  epoch  16 loss=6.9534 time=17.4s
  epoch  17 loss=6.9250 time=17.5s
  epoch  18 loss=6.8963 time=17.4s
  epoch  19 loss=6.8712 time=17.4s
  epoch  20 loss=6.8475 val=0.06184 test=0.05247 time=17.4s
  epoch  21 loss=6.8227 time=17.4s
  epoch  22 loss=6.8010 time=17.4s
  epoch  23 loss=6.7817 time=17.4s
  epoch  24 loss=6.7601 time=17.4s
  epoch  25 loss=6.7416 val=0.06119 test=0.05153 time=17.4s
  epoch  26 loss=6.7268 time=17.4s
  epoch  27 loss=6.7105 time=17.4s
  epoch  28 loss=6.6918 time=17.4s
  epoch  29 loss=6.6764 time=17.4s
  epoch  30 loss=6.6659 val=0.06096 test=0.05119 time=17.4s

=== Video_Games sasrec_blair seed=20260611 epochs=30 ===
  epoch   1 loss=8.4368 time=17.5s
  epoch   2 loss=7.8895 time=17.4s
  epoch   3 loss=7.7064 time=17.4s
  epoch   4 loss=7.5843 time=17.4s
  epoch   5 loss=7.4923 val=0.05964 test=0.05319 time=17.4s
  epoch   6 loss=7.4140 time=17.5s
  epoch   7 loss=7.3465 time=17.4s
  epoch   8 loss=7.2843 time=17.4s
  epoch   9 loss=7.2315 time=17.4s
  epoch  10 loss=7.1832 val=0.06256 test=0.05397 time=17.4s
  epoch  11 loss=7.1397 time=17.4s
  epoch  12 loss=7.0974 time=17.4s
  epoch  13 loss=7.0597 time=17.4s
  epoch  14 loss=7.0218 time=17.4s
  epoch  15 loss=6.9902 val=0.06271 test=0.05372 time=17.4s
  epoch  16 loss=6.9576 time=17.4s
  epoch  17 loss=6.9294 time=17.4s
  epoch  18 loss=6.9000 time=17.4s
  epoch  19 loss=6.8755 time=17.4s
  epoch  20 loss=6.8474 val=0.06352 test=0.05413 time=17.4s
  epoch  21 loss=6.8239 time=17.4s
  epoch  22 loss=6.8033 time=17.4s
  epoch  23 loss=6.7813 time=17.4s
  epoch  24 loss=6.7622 time=17.4s
  epoch  25 loss=6.7438 val=0.06082 test=0.05160 time=17.4s
  epoch  26 loss=6.7230 time=17.4s
  epoch  27 loss=6.7087 time=17.4s
  epoch  28 loss=6.6937 time=17.4s
  epoch  29 loss=6.6806 time=17.4s
  epoch  30 loss=6.6632 val=0.05994 test=0.05050 time=17.4s

=== Video_Games sasrec_blair seed=20260612 epochs=30 ===
  epoch   1 loss=8.4499 time=17.5s
  epoch   2 loss=7.9003 time=17.4s
  epoch   3 loss=7.7118 time=17.4s
  epoch   4 loss=7.5837 time=17.4s
  epoch   5 loss=7.4864 val=0.05911 test=0.05318 time=17.4s
  epoch   6 loss=7.4092 time=17.4s
  epoch   7 loss=7.3464 time=17.4s
  epoch   8 loss=7.2873 time=17.4s
  epoch   9 loss=7.2340 time=17.4s
  epoch  10 loss=7.1873 val=0.06297 test=0.05542 time=17.5s
  epoch  11 loss=7.1415 time=17.4s
  epoch  12 loss=7.1017 time=17.4s
  epoch  13 loss=7.0643 time=17.4s
  epoch  14 loss=7.0267 time=17.4s
  epoch  15 loss=6.9939 val=0.06239 test=0.05378 time=17.4s
  epoch  16 loss=6.9648 time=17.4s
  epoch  17 loss=6.9346 time=17.4s
  epoch  18 loss=6.9073 time=17.4s
  epoch  19 loss=6.8835 time=17.4s
  epoch  20 loss=6.8591 val=0.06222 test=0.05298 time=17.4s
  epoch  21 loss=6.8348 time=17.4s
  epoch  22 loss=6.8145 time=17.4s
  epoch  23 loss=6.7924 time=17.4s
  epoch  24 loss=6.7730 time=17.4s
  epoch  25 loss=6.7541 val=0.06125 test=0.05128 time=17.4s
  epoch  26 loss=6.7368 time=17.4s
  epoch  27 loss=6.7220 time=17.4s
  epoch  28 loss=6.7034 time=17.4s
  epoch  29 loss=6.6891 time=17.4s
  epoch  30 loss=6.6747 val=0.06067 test=0.05112 time=17.4s

=== Video_Games sasrec_no_sbert seed=20260608 epochs=30 ===
  epoch   1 loss=9.1238 time=17.0s
  epoch   2 loss=8.4648 time=17.0s
  epoch   3 loss=8.1183 time=16.9s
  epoch   4 loss=7.9325 time=16.5s
  epoch   5 loss=7.8034 val=0.04636 test=0.04163 time=17.0s
  epoch   6 loss=7.6930 time=16.9s
  epoch   7 loss=7.5938 time=16.9s
  epoch   8 loss=7.5103 time=16.9s
  epoch   9 loss=7.4372 time=16.9s
  epoch  10 loss=7.3727 val=0.05657 test=0.05025 time=16.9s
  epoch  11 loss=7.3176 time=16.9s
  epoch  12 loss=7.2661 time=16.9s
  epoch  13 loss=7.2202 time=16.9s
  epoch  14 loss=7.1740 time=16.9s
  epoch  15 loss=7.1354 val=0.05930 test=0.05163 time=16.9s
  epoch  16 loss=7.0978 time=16.9s
  epoch  17 loss=7.0629 time=16.9s
  epoch  18 loss=7.0323 time=17.0s
  epoch  19 loss=7.0039 time=17.0s
  epoch  20 loss=6.9752 val=0.05947 test=0.05153 time=16.9s
  epoch  21 loss=6.9512 time=16.9s
  epoch  22 loss=6.9233 time=16.9s
  epoch  23 loss=6.9000 time=16.9s
  epoch  24 loss=6.8816 time=16.9s
  epoch  25 loss=6.8585 val=0.05891 test=0.05016 time=16.9s
  epoch  26 loss=6.8395 time=16.9s
  epoch  27 loss=6.8223 time=16.9s
  epoch  28 loss=6.8038 time=16.9s
  epoch  29 loss=6.7855 time=16.9s
  epoch  30 loss=6.7718 val=0.05845 test=0.04985 time=17.0s

=== Video_Games sasrec_no_sbert seed=20260609 epochs=30 ===
  epoch   1 loss=9.1353 time=17.0s
  epoch   2 loss=8.4842 time=16.9s
  epoch   3 loss=8.1420 time=16.9s
  epoch   4 loss=7.9490 time=16.9s
  epoch   5 loss=7.8125 val=0.04547 test=0.04063 time=16.9s
  epoch   6 loss=7.7033 time=16.9s
  epoch   7 loss=7.6028 time=16.9s
  epoch   8 loss=7.5187 time=16.9s
  epoch   9 loss=7.4439 time=16.9s
  epoch  10 loss=7.3817 val=0.05672 test=0.04991 time=16.9s
  epoch  11 loss=7.3232 time=16.9s
  epoch  12 loss=7.2722 time=16.9s
  epoch  13 loss=7.2208 time=16.9s
  epoch  14 loss=7.1781 time=16.9s
  epoch  15 loss=7.1342 val=0.05896 test=0.05100 time=16.9s
  epoch  16 loss=7.0973 time=16.9s
  epoch  17 loss=7.0628 time=16.9s
  epoch  18 loss=7.0314 time=16.9s
  epoch  19 loss=7.0006 time=16.9s
  epoch  20 loss=6.9694 val=0.05961 test=0.05066 time=16.9s
  epoch  21 loss=6.9430 time=16.9s
  epoch  22 loss=6.9222 time=17.0s
  epoch  23 loss=6.8957 time=16.9s
  epoch  24 loss=6.8743 time=16.9s
  epoch  25 loss=6.8519 val=0.05859 test=0.05029 time=16.9s
  epoch  26 loss=6.8320 time=16.9s
  epoch  27 loss=6.8135 time=16.9s
  epoch  28 loss=6.7972 time=16.9s
  epoch  29 loss=6.7794 time=16.9s
  epoch  30 loss=6.7633 val=0.05808 test=0.04963 time=16.9s

=== Video_Games sasrec_no_sbert seed=20260610 epochs=30 ===
  epoch   1 loss=9.1250 time=17.0s
  epoch   2 loss=8.4938 time=16.9s
  epoch   3 loss=8.1275 time=16.9s
  epoch   4 loss=7.9306 time=16.9s
  epoch   5 loss=7.8034 val=0.04594 test=0.04207 time=16.9s
  epoch   6 loss=7.6942 time=16.9s
  epoch   7 loss=7.5976 time=17.0s
  epoch   8 loss=7.5167 time=16.9s
  epoch   9 loss=7.4451 time=16.9s
  epoch  10 loss=7.3834 val=0.05645 test=0.04961 time=16.9s
  epoch  11 loss=7.3264 time=16.9s
  epoch  12 loss=7.2780 time=16.9s
  epoch  13 loss=7.2291 time=16.9s
  epoch  14 loss=7.1859 time=16.9s
  epoch  15 loss=7.1455 val=0.05821 test=0.05010 time=16.9s
  epoch  16 loss=7.1076 time=16.9s
  epoch  17 loss=7.0729 time=16.9s
  epoch  18 loss=7.0370 time=16.9s
  epoch  19 loss=7.0084 time=16.9s
  epoch  20 loss=6.9812 val=0.05854 test=0.04993 time=16.9s
  epoch  21 loss=6.9513 time=16.9s
  epoch  22 loss=6.9275 time=16.9s
  epoch  23 loss=6.9043 time=16.9s
  epoch  24 loss=6.8825 time=16.9s
  epoch  25 loss=6.8605 val=0.05903 test=0.05033 time=16.9s
  epoch  26 loss=6.8428 time=16.9s
  epoch  27 loss=6.8230 time=16.9s
  epoch  28 loss=6.8036 time=16.9s
  epoch  29 loss=6.7885 time=16.9s
  epoch  30 loss=6.7748 val=0.05873 test=0.05027 time=16.9s

=== Video_Games sasrec_no_sbert seed=20260611 epochs=30 ===
  epoch   1 loss=9.1305 time=17.0s
  epoch   2 loss=8.4919 time=16.9s
  epoch   3 loss=8.1248 time=17.0s
  epoch   4 loss=7.9335 time=16.9s
  epoch   5 loss=7.8059 val=0.04693 test=0.04214 time=16.9s
  epoch   6 loss=7.6964 time=16.9s
  epoch   7 loss=7.6008 time=16.9s
  epoch   8 loss=7.5160 time=16.9s
  epoch   9 loss=7.4449 time=16.9s
  epoch  10 loss=7.3828 val=0.05682 test=0.04902 time=16.9s
  epoch  11 loss=7.3254 time=16.9s
  epoch  12 loss=7.2758 time=16.9s
  epoch  13 loss=7.2308 time=16.9s
  epoch  14 loss=7.1876 time=16.9s
  epoch  15 loss=7.1478 val=0.05910 test=0.05119 time=16.9s
  epoch  16 loss=7.1098 time=17.0s
  epoch  17 loss=7.0733 time=16.9s
  epoch  18 loss=7.0408 time=16.9s
  epoch  19 loss=7.0096 time=16.9s
  epoch  20 loss=6.9822 val=0.06050 test=0.05185 time=16.9s
  epoch  21 loss=6.9542 time=16.9s
  epoch  22 loss=6.9296 time=16.9s
  epoch  23 loss=6.9071 time=16.9s
  epoch  24 loss=6.8822 time=16.9s
  epoch  25 loss=6.8616 val=0.05893 test=0.04992 time=16.9s
  epoch  26 loss=6.8409 time=16.9s
  epoch  27 loss=6.8230 time=16.9s
  epoch  28 loss=6.8071 time=16.9s
  epoch  29 loss=6.7888 time=16.9s
  epoch  30 loss=6.7680 val=0.05788 test=0.04866 time=17.0s

=== Video_Games sasrec_no_sbert seed=20260612 epochs=30 ===
  epoch   1 loss=9.1327 time=17.0s
  epoch   2 loss=8.4974 time=16.9s
  epoch   3 loss=8.1222 time=16.9s
  epoch   4 loss=7.9199 time=16.9s
  epoch   5 loss=7.7912 val=0.04723 test=0.04267 time=16.9s
  epoch   6 loss=7.6828 time=16.9s
  epoch   7 loss=7.5862 time=16.9s
  epoch   8 loss=7.5031 time=16.9s
  epoch   9 loss=7.4293 time=16.9s
  epoch  10 loss=7.3701 val=0.05672 test=0.05016 time=17.0s
  epoch  11 loss=7.3149 time=16.9s
  epoch  12 loss=7.2652 time=16.9s
  epoch  13 loss=7.2189 time=16.9s
  epoch  14 loss=7.1755 time=16.9s
  epoch  15 loss=7.1360 val=0.05933 test=0.05136 time=16.9s
  epoch  16 loss=7.0990 time=16.9s
  epoch  17 loss=7.0650 time=16.9s
  epoch  18 loss=7.0330 time=16.9s
  epoch  19 loss=7.0040 time=16.9s
  epoch  20 loss=6.9758 val=0.05946 test=0.05046 time=16.9s
  epoch  21 loss=6.9520 time=16.9s
  epoch  22 loss=6.9252 time=16.9s
  epoch  23 loss=6.9011 time=16.9s
  epoch  24 loss=6.8812 time=16.9s
  epoch  25 loss=6.8575 val=0.05934 test=0.04999 time=16.9s
  epoch  26 loss=6.8385 time=16.9s
  epoch  27 loss=6.8224 time=16.9s
  epoch  28 loss=6.8035 time=16.9s
  epoch  29 loss=6.7856 time=16.9s
  epoch  30 loss=6.7715 val=0.05923 test=0.05052 time=16.9s

=== Confirmatory summary ===
{
  "sasrec_sbert": {
    "n_completed_seeds": 5,
    "ndcg10_values": [
      0.054693023875403535,
      0.055164871712744264,
      0.05534279391074889,
      0.05478043321987997,
      0.05548217653918156
    ],
    "mean_ndcg10": 0.05509265985159164,
    "std_ndcg10": 0.0003452170452651727,
    "records_total": 473810
  },
  "sasrec_blair": {
    "n_completed_seeds": 5,
    "ndcg10_values": [
      0.0547639384962772,
      0.05346932062351571,
      0.05484364139736459,
      0.05412551116643142,
      0.05541970450306878
    ],
    "mean_ndcg10": 0.054524423237331546,
    "std_ndcg10": 0.0007471895180831944,
    "records_total": 473810
  },
  "sasrec_no_sbert": {
    "n_completed_seeds": 5,
    "ndcg10_values": [
      0.0515348760827624,
      0.05066040444676485,
      0.0503287062020548,
      0.05184782216343747,
      0.05045744483101681
    ],
    "mean_ndcg10": 0.050965850745207264,
    "std_ndcg10": 0.0006817973674486618,
    "records_total": 473810
  }
}

=== Publication gate ===
{
  "schema_version": 1,
  "confirmatory_run_complete": true,
  "per_user_records_present": true,
  "fresh_seed_count": 5,
  "external_protocol_matched_comparators_reproduced": false,
  "final_unqualified_sota_claim_allowed": false,
  "strict_reviewer_verdict": "candidate rerun is auditable, but final SOTA claim remains blocked until protocol-matched external comparators and per-user significance gates are complete"
}

wrote manifest with 33 output hashes
