W0711 13:14:31.341000 36400 .venv\Lib\site-packages\torch\utils\flop_counter.py:29] triton not found; flop counting will not work for triton kernels
[theirs_train] shims: pure-PyTorch fbgemm shims installed (3 ops) + selftest passed
[theirs_train] gin: C:\Users\rayxc\Documents\R\external\HSTU-BLaIR\configs\amzn23_music\hstu-sampled-softmax-n512-blair.gin
[theirs_train] bindings: ['create_data_loader.num_workers = 0', 'create_data_loader.prefetch_factor = None']
INFO:root:cuda.matmul.allow_tf32: True
INFO:root:cudnn.allow_tf32: True
INFO:root:Training model on rank 0.
Initialize _item_emb.weight as truncated normal: torch.Size([24588, 64]) params
Initialize _text_projection.weight as truncated normal: torch.Size([64, 768]) params
Initialize _text_projection.bias as truncated normal: torch.Size([64]) params
Skipping init for _embedding_module._item_emb.weight
Skipping init for _embedding_module._text_projection.weight
Skipping init for _embedding_module._text_projection.bias
Initialize _input_features_preproc._pos_emb.weight as xavier normal: torch.Size([61, 64]) params
Skipping init for _hstu._attention_layers.0._uvqk
Skipping init for _hstu._attention_layers.0._rel_attn_bias._ts_w
Skipping init for _hstu._attention_layers.0._rel_attn_bias._pos_w
Skipping init for _hstu._attention_layers.0._o.weight
Skipping init for _hstu._attention_layers.0._o.bias
Skipping init for _hstu._attention_layers.1._uvqk
Skipping init for _hstu._attention_layers.1._rel_attn_bias._ts_w
Skipping init for _hstu._attention_layers.1._rel_attn_bias._pos_w
Skipping init for _hstu._attention_layers.1._o.weight
Skipping init for _hstu._attention_layers.1._o.bias
Skipping init for _hstu._attention_layers.2._uvqk
Skipping init for _hstu._attention_layers.2._rel_attn_bias._ts_w
Skipping init for _hstu._attention_layers.2._rel_attn_bias._pos_w
Skipping init for _hstu._attention_layers.2._o.weight
Skipping init for _hstu._attention_layers.2._o.bias
Skipping init for _hstu._attention_layers.3._uvqk
Skipping init for _hstu._attention_layers.3._rel_attn_bias._ts_w
Skipping init for _hstu._attention_layers.3._rel_attn_bias._pos_w
Skipping init for _hstu._attention_layers.3._o.weight
Skipping init for _hstu._attention_layers.3._o.bias
INFO:root:Rank 0: writing logs to ./exps/amzn23_music-l50/HSTU-b4-h4-dqk16-dv16-lsilud0.5-ad0.0_blair_DotProduct_local_text-l2-eps1e-06_ssl-t0.05-n512-b128-lr0.001-wu0-wd0-2026-07-11-fe5
INFO:root:rank 0:  batch-stat (eval): iter 0 (epoch 0): NDCG@10 0.0065, HR@10 0.0156, HR@50 0.0391, MRR 0.0059 
INFO:root: rank: 0, batch-stat (train): step 0 (epoch 0 in 0.59s): 6.388784
INFO:root:rank 0: eval @ epoch 0 in 12.86s: NDCG@10 0.0269, NDCG@50 0.0430, HR@10 0.0511, HR@50 0.1259, MRR 0.0248
INFO:root:Truncating epoch 1 eval to 64 iters to save cost..
INFO:root:rank 0: eval @ epoch 1 in 0.90s: NDCG@10 0.0304, NDCG@50 0.0467, HR@10 0.0583, HR@50 0.1335, MRR 0.0275
INFO:root:Truncating epoch 2 eval to 64 iters to save cost..
INFO:root:rank 0: eval @ epoch 2 in 0.95s: NDCG@10 0.0307, NDCG@50 0.0482, HR@10 0.0582, HR@50 0.1392, MRR 0.0283
INFO:root:Truncating epoch 3 eval to 64 iters to save cost..
INFO:root:rank 0: eval @ epoch 3 in 0.94s: NDCG@10 0.0338, NDCG@50 0.0534, HR@10 0.0627, HR@50 0.1525, MRR 0.0314
INFO:root:Truncating epoch 4 eval to 64 iters to save cost..
INFO:root:rank 0: eval @ epoch 4 in 0.91s: NDCG@10 0.0359, NDCG@50 0.0558, HR@10 0.0692, HR@50 0.1614, MRR 0.0322
INFO:root:rank 0: eval @ epoch 5 in 6.34s: NDCG@10 0.0361, NDCG@50 0.0567, HR@10 0.0680, HR@50 0.1638, MRR 0.0329
INFO:root:Truncating epoch 6 eval to 64 iters to save cost..
INFO:root:rank 0: eval @ epoch 6 in 0.95s: NDCG@10 0.0375, NDCG@50 0.0585, HR@10 0.0719, HR@50 0.1692, MRR 0.0338
INFO:root:Truncating epoch 7 eval to 64 iters to save cost..
INFO:root:rank 0: eval @ epoch 7 in 0.98s: NDCG@10 0.0352, NDCG@50 0.0566, HR@10 0.0673, HR@50 0.1663, MRR 0.0322
INFO:root:rank 0:  batch-stat (eval): iter 4000 (epoch 8): NDCG@10 0.0379, HR@10 0.0781, HR@50 0.1484, MRR 0.0314 
INFO:root: rank: 0, batch-stat (train): step 4000 (epoch 8 in 48.04s): 4.240886
INFO:root:Truncating epoch 8 eval to 64 iters to save cost..
INFO:root:rank 0: eval @ epoch 8 in 0.93s: NDCG@10 0.0378, NDCG@50 0.0590, HR@10 0.0715, HR@50 0.1696, MRR 0.0342
INFO:root:Truncating epoch 9 eval to 64 iters to save cost..
INFO:root:rank 0: eval @ epoch 9 in 0.96s: NDCG@10 0.0352, NDCG@50 0.0577, HR@10 0.0665, HR@50 0.1708, MRR 0.0326
INFO:root:rank 0: eval @ epoch 10 in 6.68s: NDCG@10 0.0385, NDCG@50 0.0595, HR@10 0.0714, HR@50 0.1685, MRR 0.0351
INFO:root:Truncating epoch 11 eval to 64 iters to save cost..
INFO:root:rank 0: eval @ epoch 11 in 0.94s: NDCG@10 0.0401, NDCG@50 0.0601, HR@10 0.0743, HR@50 0.1663, MRR 0.0361
INFO:root:Truncating epoch 12 eval to 64 iters to save cost..
INFO:root:rank 0: eval @ epoch 12 in 0.95s: NDCG@10 0.0417, NDCG@50 0.0644, HR@10 0.0765, HR@50 0.1810, MRR 0.0381
INFO:root:Truncating epoch 13 eval to 64 iters to save cost..
INFO:root:rank 0: eval @ epoch 13 in 0.92s: NDCG@10 0.0385, NDCG@50 0.0592, HR@10 0.0731, HR@50 0.1692, MRR 0.0345
INFO:root:Truncating epoch 14 eval to 64 iters to save cost..
INFO:root:rank 0: eval @ epoch 14 in 0.92s: NDCG@10 0.0397, NDCG@50 0.0617, HR@10 0.0739, HR@50 0.1749, MRR 0.0362
INFO:root:rank 0: eval @ epoch 15 in 6.50s: NDCG@10 0.0393, NDCG@50 0.0605, HR@10 0.0728, HR@50 0.1706, MRR 0.0357
INFO:root:Truncating epoch 16 eval to 64 iters to save cost..
INFO:root:rank 0: eval @ epoch 16 in 1.05s: NDCG@10 0.0398, NDCG@50 0.0620, HR@10 0.0759, HR@50 0.1782, MRR 0.0358
INFO:root:rank 0:  batch-stat (eval): iter 8000 (epoch 17): NDCG@10 0.0420, HR@10 0.0781, HR@50 0.2578, MRR 0.0407 
INFO:root: rank: 0, batch-stat (train): step 8000 (epoch 17 in 43.89s): 4.132504
INFO:root:Truncating epoch 17 eval to 64 iters to save cost..
INFO:root:rank 0: eval @ epoch 17 in 0.92s: NDCG@10 0.0415, NDCG@50 0.0630, HR@10 0.0746, HR@50 0.1752, MRR 0.0379
INFO:root:Truncating epoch 18 eval to 64 iters to save cost..
INFO:root:rank 0: eval @ epoch 18 in 0.95s: NDCG@10 0.0365, NDCG@50 0.0576, HR@10 0.0673, HR@50 0.1647, MRR 0.0338
INFO:root:Truncating epoch 19 eval to 64 iters to save cost..
INFO:root:rank 0: eval @ epoch 19 in 1.04s: NDCG@10 0.0383, NDCG@50 0.0588, HR@10 0.0708, HR@50 0.1656, MRR 0.0349
INFO:root:rank 0: eval @ epoch 20 in 6.32s: NDCG@10 0.0388, NDCG@50 0.0601, HR@10 0.0719, HR@50 0.1703, MRR 0.0354
INFO:root:Truncating epoch 21 eval to 64 iters to save cost..
INFO:root:rank 0: eval @ epoch 21 in 0.91s: NDCG@10 0.0410, NDCG@50 0.0628, HR@10 0.0740, HR@50 0.1748, MRR 0.0377
INFO:root:Truncating epoch 22 eval to 64 iters to save cost..
INFO:root:rank 0: eval @ epoch 22 in 0.93s: NDCG@10 0.0369, NDCG@50 0.0583, HR@10 0.0707, HR@50 0.1700, MRR 0.0332
INFO:root:Truncating epoch 23 eval to 64 iters to save cost..
INFO:root:rank 0: eval @ epoch 23 in 0.92s: NDCG@10 0.0383, NDCG@50 0.0591, HR@10 0.0721, HR@50 0.1677, MRR 0.0346
INFO:root:Truncating epoch 24 eval to 64 iters to save cost..
INFO:root:rank 0: eval @ epoch 24 in 0.88s: NDCG@10 0.0377, NDCG@50 0.0583, HR@10 0.0719, HR@50 0.1669, MRR 0.0339
INFO:root:rank 0: eval @ epoch 25 in 6.57s: NDCG@10 0.0395, NDCG@50 0.0607, HR@10 0.0730, HR@50 0.1713, MRR 0.0359
INFO:root:rank 0:  batch-stat (eval): iter 12000 (epoch 26): NDCG@10 0.0701, HR@10 0.1406, HR@50 0.2969, MRR 0.0594 
INFO:root: rank: 0, batch-stat (train): step 12000 (epoch 26 in 39.59s): 3.990512
INFO:root:Truncating epoch 26 eval to 64 iters to save cost..
INFO:root:rank 0: eval @ epoch 26 in 0.99s: NDCG@10 0.0387, NDCG@50 0.0604, HR@10 0.0724, HR@50 0.1730, MRR 0.0351
INFO:root:Truncating epoch 27 eval to 64 iters to save cost..
INFO:root:rank 0: eval @ epoch 27 in 1.07s: NDCG@10 0.0401, NDCG@50 0.0618, HR@10 0.0741, HR@50 0.1746, MRR 0.0364
INFO:root:Truncating epoch 28 eval to 64 iters to save cost..
INFO:root:rank 0: eval @ epoch 28 in 1.08s: NDCG@10 0.0391, NDCG@50 0.0600, HR@10 0.0717, HR@50 0.1682, MRR 0.0358
INFO:root:Truncating epoch 29 eval to 64 iters to save cost..
INFO:root:rank 0: eval @ epoch 29 in 1.08s: NDCG@10 0.0382, NDCG@50 0.0597, HR@10 0.0708, HR@50 0.1703, MRR 0.0350
INFO:root:rank 0: eval @ epoch 30 in 7.52s: NDCG@10 0.0399, NDCG@50 0.0611, HR@10 0.0731, HR@50 0.1712, MRR 0.0364
INFO:root:Truncating epoch 31 eval to 64 iters to save cost..
INFO:root:rank 0: eval @ epoch 31 in 1.10s: NDCG@10 0.0430, NDCG@50 0.0636, HR@10 0.0792, HR@50 0.1744, MRR 0.0385
INFO:root:Truncating epoch 32 eval to 64 iters to save cost..
INFO:root:rank 0: eval @ epoch 32 in 1.10s: NDCG@10 0.0383, NDCG@50 0.0594, HR@10 0.0728, HR@50 0.1703, MRR 0.0345
INFO:root:Truncating epoch 33 eval to 64 iters to save cost..
INFO:root:rank 0: eval @ epoch 33 in 1.13s: NDCG@10 0.0392, NDCG@50 0.0590, HR@10 0.0721, HR@50 0.1643, MRR 0.0354
INFO:root:Truncating epoch 34 eval to 64 iters to save cost..
INFO:root:rank 0: eval @ epoch 34 in 1.13s: NDCG@10 0.0391, NDCG@50 0.0597, HR@10 0.0697, HR@50 0.1654, MRR 0.0362
INFO:root:rank 0:  batch-stat (eval): iter 16000 (epoch 35): NDCG@10 0.0864, HR@10 0.1562, HR@50 0.2969, MRR 0.0752 
INFO:root: rank: 0, batch-stat (train): step 16000 (epoch 35 in 38.90s): 3.874959
INFO:root:rank 0: eval @ epoch 35 in 7.56s: NDCG@10 0.0406, NDCG@50 0.0616, HR@10 0.0743, HR@50 0.1714, MRR 0.0369
INFO:root:Truncating epoch 36 eval to 64 iters to save cost..
INFO:root:rank 0: eval @ epoch 36 in 1.08s: NDCG@10 0.0385, NDCG@50 0.0594, HR@10 0.0682, HR@50 0.1649, MRR 0.0359
INFO:root:Truncating epoch 37 eval to 64 iters to save cost..
INFO:root:rank 0: eval @ epoch 37 in 1.15s: NDCG@10 0.0377, NDCG@50 0.0598, HR@10 0.0677, HR@50 0.1702, MRR 0.0354
INFO:root:Truncating epoch 38 eval to 64 iters to save cost..
INFO:root:rank 0: eval @ epoch 38 in 1.06s: NDCG@10 0.0414, NDCG@50 0.0623, HR@10 0.0758, HR@50 0.1725, MRR 0.0375
INFO:root:Truncating epoch 39 eval to 64 iters to save cost..
INFO:root:rank 0: eval @ epoch 39 in 1.06s: NDCG@10 0.0402, NDCG@50 0.0606, HR@10 0.0714, HR@50 0.1661, MRR 0.0371
INFO:root:rank 0: eval @ epoch 40 in 7.81s: NDCG@10 0.0394, NDCG@50 0.0599, HR@10 0.0729, HR@50 0.1678, MRR 0.0356
INFO:root:Truncating epoch 41 eval to 64 iters to save cost..
INFO:root:rank 0: eval @ epoch 41 in 1.14s: NDCG@10 0.0400, NDCG@50 0.0606, HR@10 0.0724, HR@50 0.1670, MRR 0.0367
INFO:root:Truncating epoch 42 eval to 64 iters to save cost..
INFO:root:rank 0: eval @ epoch 42 in 1.10s: NDCG@10 0.0425, NDCG@50 0.0633, HR@10 0.0770, HR@50 0.1730, MRR 0.0386
INFO:root:Truncating epoch 43 eval to 64 iters to save cost..
INFO:root:rank 0: eval @ epoch 43 in 1.11s: NDCG@10 0.0409, NDCG@50 0.0616, HR@10 0.0742, HR@50 0.1703, MRR 0.0372
INFO:root:rank 0:  batch-stat (eval): iter 20000 (epoch 44): NDCG@10 0.0769, HR@10 0.1562, HR@50 0.3125, MRR 0.0623 
INFO:root: rank: 0, batch-stat (train): step 20000 (epoch 44 in 32.90s): 3.794509
INFO:root:Truncating epoch 44 eval to 64 iters to save cost..
INFO:root:rank 0: eval @ epoch 44 in 1.07s: NDCG@10 0.0375, NDCG@50 0.0576, HR@10 0.0701, HR@50 0.1638, MRR 0.0337
INFO:root:rank 0: eval @ epoch 45 in 7.56s: NDCG@10 0.0395, NDCG@50 0.0602, HR@10 0.0722, HR@50 0.1680, MRR 0.0360
INFO:root:Truncating epoch 46 eval to 64 iters to save cost..
INFO:root:rank 0: eval @ epoch 46 in 1.10s: NDCG@10 0.0385, NDCG@50 0.0585, HR@10 0.0729, HR@50 0.1654, MRR 0.0344
INFO:root:Truncating epoch 47 eval to 64 iters to save cost..
INFO:root:rank 0: eval @ epoch 47 in 1.09s: NDCG@10 0.0421, NDCG@50 0.0635, HR@10 0.0758, HR@50 0.1747, MRR 0.0385
INFO:root:Truncating epoch 48 eval to 64 iters to save cost..
INFO:root:rank 0: eval @ epoch 48 in 1.06s: NDCG@10 0.0391, NDCG@50 0.0589, HR@10 0.0725, HR@50 0.1644, MRR 0.0353
INFO:root:Truncating epoch 49 eval to 64 iters to save cost..
INFO:root:rank 0: eval @ epoch 49 in 1.14s: NDCG@10 0.0392, NDCG@50 0.0602, HR@10 0.0721, HR@50 0.1697, MRR 0.0356
INFO:root:rank 0: eval @ epoch 50 in 7.61s: NDCG@10 0.0394, NDCG@50 0.0602, HR@10 0.0721, HR@50 0.1678, MRR 0.0360
INFO:root:Truncating epoch 51 eval to 64 iters to save cost..
INFO:root:rank 0: eval @ epoch 51 in 1.10s: NDCG@10 0.0418, NDCG@50 0.0616, HR@10 0.0742, HR@50 0.1660, MRR 0.0382
INFO:root:Truncating epoch 52 eval to 64 iters to save cost..
INFO:root:rank 0: eval @ epoch 52 in 1.13s: NDCG@10 0.0393, NDCG@50 0.0601, HR@10 0.0718, HR@50 0.1674, MRR 0.0359
INFO:root:rank 0:  batch-stat (eval): iter 24000 (epoch 53): NDCG@10 0.0949, HR@10 0.1562, HR@50 0.3438, MRR 0.0880 
INFO:root: rank: 0, batch-stat (train): step 24000 (epoch 53 in 27.45s): 3.542739
INFO:root:Truncating epoch 53 eval to 64 iters to save cost..
INFO:root:rank 0: eval @ epoch 53 in 1.10s: NDCG@10 0.0379, NDCG@50 0.0583, HR@10 0.0707, HR@50 0.1647, MRR 0.0343
INFO:root:Truncating epoch 54 eval to 64 iters to save cost..
INFO:root:rank 0: eval @ epoch 54 in 1.09s: NDCG@10 0.0402, NDCG@50 0.0606, HR@10 0.0728, HR@50 0.1667, MRR 0.0369
INFO:root:rank 0: eval @ epoch 55 in 7.87s: NDCG@10 0.0390, NDCG@50 0.0597, HR@10 0.0715, HR@50 0.1672, MRR 0.0355
INFO:root:Truncating epoch 56 eval to 64 iters to save cost..
INFO:root:rank 0: eval @ epoch 56 in 1.12s: NDCG@10 0.0411, NDCG@50 0.0623, HR@10 0.0760, HR@50 0.1740, MRR 0.0370
INFO:root:Truncating epoch 57 eval to 64 iters to save cost..
INFO:root:rank 0: eval @ epoch 57 in 1.08s: NDCG@10 0.0414, NDCG@50 0.0612, HR@10 0.0756, HR@50 0.1672, MRR 0.0374
INFO:root:Truncating epoch 58 eval to 64 iters to save cost..
INFO:root:rank 0: eval @ epoch 58 in 1.10s: NDCG@10 0.0395, NDCG@50 0.0610, HR@10 0.0737, HR@50 0.1736, MRR 0.0357
INFO:root:Truncating epoch 59 eval to 64 iters to save cost..
INFO:root:rank 0: eval @ epoch 59 in 1.17s: NDCG@10 0.0394, NDCG@50 0.0600, HR@10 0.0701, HR@50 0.1647, MRR 0.0366
INFO:root:rank 0: eval @ epoch 60 in 7.93s: NDCG@10 0.0399, NDCG@50 0.0603, HR@10 0.0726, HR@50 0.1671, MRR 0.0363
INFO:root:Truncating epoch 61 eval to 64 iters to save cost..
INFO:root:rank 0: eval @ epoch 61 in 1.07s: NDCG@10 0.0387, NDCG@50 0.0582, HR@10 0.0698, HR@50 0.1608, MRR 0.0353
INFO:root:rank 0:  batch-stat (eval): iter 28000 (epoch 62): NDCG@10 0.0700, HR@10 0.1172, HR@50 0.2812, MRR 0.0661 
INFO:root: rank: 0, batch-stat (train): step 28000 (epoch 62 in 22.19s): 3.653309
INFO:root:Truncating epoch 62 eval to 64 iters to save cost..
INFO:root:rank 0: eval @ epoch 62 in 1.12s: NDCG@10 0.0400, NDCG@50 0.0593, HR@10 0.0721, HR@50 0.1610, MRR 0.0364
INFO:root:Truncating epoch 63 eval to 64 iters to save cost..
INFO:root:rank 0: eval @ epoch 63 in 1.11s: NDCG@10 0.0385, NDCG@50 0.0593, HR@10 0.0697, HR@50 0.1649, MRR 0.0356
INFO:root:Truncating epoch 64 eval to 64 iters to save cost..
INFO:root:rank 0: eval @ epoch 64 in 1.08s: NDCG@10 0.0427, NDCG@50 0.0617, HR@10 0.0773, HR@50 0.1642, MRR 0.0384
INFO:root:rank 0: eval @ epoch 65 in 7.71s: NDCG@10 0.0388, NDCG@50 0.0594, HR@10 0.0712, HR@50 0.1660, MRR 0.0354
INFO:root:Truncating epoch 66 eval to 64 iters to save cost..
INFO:root:rank 0: eval @ epoch 66 in 1.11s: NDCG@10 0.0393, NDCG@50 0.0601, HR@10 0.0721, HR@50 0.1682, MRR 0.0358
INFO:root:Truncating epoch 67 eval to 64 iters to save cost..
INFO:root:rank 0: eval @ epoch 67 in 1.14s: NDCG@10 0.0373, NDCG@50 0.0582, HR@10 0.0701, HR@50 0.1669, MRR 0.0339
INFO:root:Truncating epoch 68 eval to 64 iters to save cost..
INFO:root:rank 0: eval @ epoch 68 in 1.09s: NDCG@10 0.0407, NDCG@50 0.0608, HR@10 0.0752, HR@50 0.1685, MRR 0.0366
INFO:root:Truncating epoch 69 eval to 64 iters to save cost..
INFO:root:rank 0: eval @ epoch 69 in 1.09s: NDCG@10 0.0390, NDCG@50 0.0587, HR@10 0.0709, HR@50 0.1620, MRR 0.0356
INFO:root:rank 0: eval @ epoch 70 in 7.75s: NDCG@10 0.0387, NDCG@50 0.0587, HR@10 0.0702, HR@50 0.1625, MRR 0.0354
INFO:root:rank 0:  batch-stat (eval): iter 32000 (epoch 71): NDCG@10 0.1057, HR@10 0.1719, HR@50 0.3438, MRR 0.0969 
INFO:root: rank: 0, batch-stat (train): step 32000 (epoch 71 in 16.81s): 3.636117
INFO:root:Truncating epoch 71 eval to 64 iters to save cost..
INFO:root:rank 0: eval @ epoch 71 in 1.13s: NDCG@10 0.0374, NDCG@50 0.0583, HR@10 0.0706, HR@50 0.1669, MRR 0.0339
INFO:root:Truncating epoch 72 eval to 64 iters to save cost..
INFO:root:rank 0: eval @ epoch 72 in 1.10s: NDCG@10 0.0367, NDCG@50 0.0575, HR@10 0.0663, HR@50 0.1631, MRR 0.0341
INFO:root:Truncating epoch 73 eval to 64 iters to save cost..
INFO:root:rank 0: eval @ epoch 73 in 1.13s: NDCG@10 0.0394, NDCG@50 0.0586, HR@10 0.0713, HR@50 0.1597, MRR 0.0359
INFO:root:Truncating epoch 74 eval to 64 iters to save cost..
INFO:root:rank 0: eval @ epoch 74 in 1.17s: NDCG@10 0.0377, NDCG@50 0.0583, HR@10 0.0687, HR@50 0.1635, MRR 0.0347
INFO:root:rank 0: eval @ epoch 75 in 7.91s: NDCG@10 0.0391, NDCG@50 0.0592, HR@10 0.0716, HR@50 0.1644, MRR 0.0356
INFO:root:Truncating epoch 76 eval to 64 iters to save cost..
INFO:root:rank 0: eval @ epoch 76 in 1.08s: NDCG@10 0.0381, NDCG@50 0.0580, HR@10 0.0712, HR@50 0.1635, MRR 0.0344
INFO:root:Truncating epoch 77 eval to 64 iters to save cost..
INFO:root:rank 0: eval @ epoch 77 in 1.10s: NDCG@10 0.0370, NDCG@50 0.0574, HR@10 0.0674, HR@50 0.1606, MRR 0.0342
INFO:root:Truncating epoch 78 eval to 64 iters to save cost..
INFO:root:rank 0: eval @ epoch 78 in 1.10s: NDCG@10 0.0403, NDCG@50 0.0587, HR@10 0.0715, HR@50 0.1566, MRR 0.0368
INFO:root:Truncating epoch 79 eval to 64 iters to save cost..
INFO:root:rank 0: eval @ epoch 79 in 1.12s: NDCG@10 0.0415, NDCG@50 0.0619, HR@10 0.0743, HR@50 0.1692, MRR 0.0379
INFO:root:rank 0:  batch-stat (eval): iter 36000 (epoch 80): NDCG@10 0.1142, HR@10 0.1797, HR@50 0.3516, MRR 0.1060 
INFO:root: rank: 0, batch-stat (train): step 36000 (epoch 80 in 11.31s): 3.580058
INFO:root:rank 0: eval @ epoch 80 in 7.66s: NDCG@10 0.0395, NDCG@50 0.0595, HR@10 0.0720, HR@50 0.1646, MRR 0.0359
INFO:root:Truncating epoch 81 eval to 64 iters to save cost..
INFO:root:rank 0: eval @ epoch 81 in 1.09s: NDCG@10 0.0381, NDCG@50 0.0588, HR@10 0.0704, HR@50 0.1666, MRR 0.0347
INFO:root:Truncating epoch 82 eval to 64 iters to save cost..
INFO:root:rank 0: eval @ epoch 82 in 1.09s: NDCG@10 0.0416, NDCG@50 0.0607, HR@10 0.0742, HR@50 0.1624, MRR 0.0378
INFO:root:Truncating epoch 83 eval to 64 iters to save cost..
INFO:root:rank 0: eval @ epoch 83 in 1.22s: NDCG@10 0.0404, NDCG@50 0.0605, HR@10 0.0747, HR@50 0.1682, MRR 0.0363
INFO:root:Truncating epoch 84 eval to 64 iters to save cost..
INFO:root:rank 0: eval @ epoch 84 in 1.10s: NDCG@10 0.0378, NDCG@50 0.0597, HR@10 0.0697, HR@50 0.1711, MRR 0.0347
INFO:root:rank 0: eval @ epoch 85 in 7.84s: NDCG@10 0.0397, NDCG@50 0.0598, HR@10 0.0720, HR@50 0.1650, MRR 0.0362
INFO:root:Truncating epoch 86 eval to 64 iters to save cost..
INFO:root:rank 0: eval @ epoch 86 in 1.09s: NDCG@10 0.0382, NDCG@50 0.0592, HR@10 0.0696, HR@50 0.1669, MRR 0.0351
INFO:root:Truncating epoch 87 eval to 64 iters to save cost..
INFO:root:rank 0: eval @ epoch 87 in 1.10s: NDCG@10 0.0383, NDCG@50 0.0585, HR@10 0.0708, HR@50 0.1637, MRR 0.0348
INFO:root:Truncating epoch 88 eval to 64 iters to save cost..
INFO:root:rank 0: eval @ epoch 88 in 1.09s: NDCG@10 0.0393, NDCG@50 0.0595, HR@10 0.0714, HR@50 0.1639, MRR 0.0360
INFO:root:rank 0:  batch-stat (eval): iter 40000 (epoch 89): NDCG@10 0.1073, HR@10 0.2031, HR@50 0.3359, MRR 0.0880 
INFO:root: rank: 0, batch-stat (train): step 40000 (epoch 89 in 5.42s): 3.432881
INFO:root:Truncating epoch 89 eval to 64 iters to save cost..
INFO:root:rank 0: eval @ epoch 89 in 1.21s: NDCG@10 0.0379, NDCG@50 0.0582, HR@10 0.0687, HR@50 0.1626, MRR 0.0349
INFO:root:rank 0: eval @ epoch 90 in 7.90s: NDCG@10 0.0384, NDCG@50 0.0583, HR@10 0.0699, HR@50 0.1616, MRR 0.0352
INFO:root:Truncating epoch 91 eval to 64 iters to save cost..
INFO:root:rank 0: eval @ epoch 91 in 1.11s: NDCG@10 0.0383, NDCG@50 0.0582, HR@10 0.0717, HR@50 0.1631, MRR 0.0345
INFO:root:Truncating epoch 92 eval to 64 iters to save cost..
INFO:root:rank 0: eval @ epoch 92 in 1.13s: NDCG@10 0.0433, NDCG@50 0.0633, HR@10 0.0752, HR@50 0.1680, MRR 0.0398
INFO:root:Truncating epoch 93 eval to 64 iters to save cost..
INFO:root:rank 0: eval @ epoch 93 in 1.11s: NDCG@10 0.0411, NDCG@50 0.0601, HR@10 0.0730, HR@50 0.1606, MRR 0.0374
INFO:root:Truncating epoch 94 eval to 64 iters to save cost..
INFO:root:rank 0: eval @ epoch 94 in 1.13s: NDCG@10 0.0407, NDCG@50 0.0611, HR@10 0.0720, HR@50 0.1664, MRR 0.0375
INFO:root:rank 0: eval @ epoch 95 in 7.56s: NDCG@10 0.0396, NDCG@50 0.0596, HR@10 0.0722, HR@50 0.1649, MRR 0.0360
INFO:root:Truncating epoch 96 eval to 64 iters to save cost..
INFO:root:rank 0: eval @ epoch 96 in 1.18s: NDCG@10 0.0402, NDCG@50 0.0606, HR@10 0.0726, HR@50 0.1674, MRR 0.0366
INFO:root:rank 0:  batch-stat (eval): iter 44000 (epoch 97): NDCG@10 0.1093, HR@10 0.1797, HR@50 0.3828, MRR 0.1014 
INFO:root: rank: 0, batch-stat (train): step 44000 (epoch 97 in 60.25s): 3.577929
INFO:root:Truncating epoch 97 eval to 64 iters to save cost..
INFO:root:rank 0: eval @ epoch 97 in 1.10s: NDCG@10 0.0388, NDCG@50 0.0590, HR@10 0.0706, HR@50 0.1632, MRR 0.0356
INFO:root:Truncating epoch 98 eval to 64 iters to save cost..
INFO:root:rank 0: eval @ epoch 98 in 1.15s: NDCG@10 0.0380, NDCG@50 0.0589, HR@10 0.0703, HR@50 0.1667, MRR 0.0347
INFO:root:Truncating epoch 99 eval to 64 iters to save cost..
INFO:root:rank 0: eval @ epoch 99 in 1.12s: NDCG@10 0.0384, NDCG@50 0.0572, HR@10 0.0693, HR@50 0.1564, MRR 0.0350
INFO:root:rank 0: eval @ epoch 100 in 7.71s: NDCG@10 0.0391, NDCG@50 0.0591, HR@10 0.0716, HR@50 0.1641, MRR 0.0355
