seed 13: 101398 buy edges (9218 injected)
  {'tce_capture_precision': 0.0, 'loss_capture_precision': 0.09931945951277246, 'tce_auc': 0.5037653496717324, 'loss_auc': 0.5071356976014694}
seed 42: 101398 buy edges (9218 injected)
  {'tce_capture_precision': 0.0, 'loss_capture_precision': 0.09113324785481802, 'tce_auc': 0.5000117592335992, 'loss_auc': 0.5073719302716049}
seed 2026: 101398 buy edges (9218 injected)
  {'tce_capture_precision': 0.0, 'loss_capture_precision': 0.09616332971693461, 'tce_auc': 0.5013864415330482, 'loss_auc': 0.5060173194022035}
{
  "tce_flag_jaccard": [
    0.07115313506946279,
    0.10887515721550828,
    0.07075720773048896
  ],
  "loss_flag_jaccard": [
    0.06345710090203482,
    0.06340133200482459,
    0.06267686825280369
  ],
  "tce_score_spearman": [
    0.38896324773785923,
    0.41149748983086254,
    0.392314517806563
  ],
  "loss_score_spearman": [
    0.012126491405054701,
    0.01343607636354562,
    0.015188163353974384
  ],
  "random_jaccard_baseline": 0.052631578947368425
}
total 41.2s
