PREFLIGHT OK (MI): 38 flags
PREFLIGHT OK (IS): 60 flags
PREFLIGHT OK (VG): 37 flags
PREFLIGHT OK (OFFICE): 60 flags
PREFLIGHT OK (CDS): 60 flags
no prior campaign running -> starting
[skip existing] results_MI_COLDFUSE_base_seed20260736.json
[skip existing] results_MI_COLDFUSE_base_seed20260736.fusion.json
[skip existing] results_Musical_Instruments_COLDFUSE_confirm_seed20260736.json
[skip existing] results_MI_COLDFUSE_base_seed20260737.json
[skip existing] results_MI_COLDFUSE_base_seed20260737.fusion.json
[skip existing] results_Musical_Instruments_COLDFUSE_confirm_seed20260737.json
[skip existing] results_MI_COLDFUSE_base_seed20260738.json
[skip existing] results_MI_COLDFUSE_base_seed20260738.fusion.json
[skip existing] results_Musical_Instruments_COLDFUSE_confirm_seed20260738.json
[skip existing] results_MI_COLDFUSE_base_seed20260739.json
[skip existing] results_MI_COLDFUSE_base_seed20260739.fusion.json
[skip existing] results_Musical_Instruments_COLDFUSE_confirm_seed20260739.json
[skip existing] results_MI_COLDFUSE_base_seed20260740.json
[skip existing] results_MI_COLDFUSE_base_seed20260740.fusion.json
[skip existing] results_Musical_Instruments_COLDFUSE_confirm_seed20260740.json
[skip existing] results_IS_COLDFUSE_base_seed20260736.json
[skip existing] results_IS_COLDFUSE_base_seed20260736.fusion.json
[skip existing] results_Industrial_and_Scientific_COLDFUSE_confirm_seed20260736.json
[skip existing] results_IS_COLDFUSE_base_seed20260737.json
[skip existing] results_IS_COLDFUSE_base_seed20260737.fusion.json
[skip existing] results_Industrial_and_Scientific_COLDFUSE_confirm_seed20260737.json
[skip existing] results_IS_COLDFUSE_base_seed20260738.json
[skip existing] results_IS_COLDFUSE_base_seed20260738.fusion.json
[skip existing] results_Industrial_and_Scientific_COLDFUSE_confirm_seed20260738.json
[skip existing] results_IS_COLDFUSE_base_seed20260739.json
[skip existing] results_IS_COLDFUSE_base_seed20260739.fusion.json
[skip existing] results_Industrial_and_Scientific_COLDFUSE_confirm_seed20260739.json
[skip existing] results_IS_COLDFUSE_base_seed20260740.json
[skip existing] results_IS_COLDFUSE_base_seed20260740.fusion.json
[skip existing] results_Industrial_and_Scientific_COLDFUSE_confirm_seed20260740.json
[skip existing] results_VG_COLDFUSE_base_seed20260736.json
[skip existing] results_VG_COLDFUSE_base_seed20260736.fusion.json
[skip existing] results_Video_Games_COLDFUSE_confirm_seed20260736.json
[skip existing] results_VG_COLDFUSE_base_seed20260737.json
[skip existing] results_VG_COLDFUSE_base_seed20260737.fusion.json
[skip existing] results_Video_Games_COLDFUSE_confirm_seed20260737.json
[skip existing] results_VG_COLDFUSE_base_seed20260738.json
[skip existing] results_VG_COLDFUSE_base_seed20260738.fusion.json
[skip existing] results_Video_Games_COLDFUSE_confirm_seed20260738.json
[skip existing] results_VG_COLDFUSE_base_seed20260739.json
[skip existing] results_VG_COLDFUSE_base_seed20260739.fusion.json
[skip existing] results_Video_Games_COLDFUSE_confirm_seed20260739.json
[skip existing] results_VG_COLDFUSE_base_seed20260740.json
[skip existing] results_VG_COLDFUSE_base_seed20260740.fusion.json
[skip existing] results_Video_Games_COLDFUSE_confirm_seed20260740.json
[run] results_OFFICE_COLDFUSE_base_seed20260736.json
  random seed set to 20260736
=== Office_Products: load splits ===
  n_users=223,308  n_items=77,551  pad_id=77551
  built sequences for 223,308 users
  built timestamp sequences (12 time buckets)
  loading SBERT embeddings from C:\Users\rayxc\Documents\R\cache_5core\sbert_titles_Office_Products.npy...
  TAPE: k-means 77,551 text embeddings into K=512 prototypes (tau=0.05)...
  TAPE: K=512 mean max-assignment weight = 0.483 (1.0 = hard clustering)

=== Build SASRec-SBERT (d=64, layers=4, heads=2) ===
  total params: 34,913,919  device=cuda
  223,308 training examples / 873 batches per epoch
  init_state_sha256 = 8138c38136f80b147702ab92291897149e20976183874d5291ce99b07d953fd8
  LR schedule: warmup_cosine (873 warmup + 16587 cosine steps)

=== Train for 20 epochs ===
  evaluating 223,308 users in batches of 512...
    [512/223,308  elapsed 0.1s]
    [5,632/223,308  elapsed 1.1s]
    [10,752/223,308  elapsed 2.0s]
    [15,872/223,308  elapsed 3.0s]
    [20,992/223,308  elapsed 4.0s]
    [26,112/223,308  elapsed 5.0s]
    [31,232/223,308  elapsed 6.0s]
    [36,352/223,308  elapsed 6.9s]
    [41,472/223,308  elapsed 7.9s]
    [46,592/223,308  elapsed 8.9s]
    [51,712/223,308  elapsed 9.9s]
    [56,832/223,308  elapsed 10.8s]
    [61,952/223,308  elapsed 11.8s]
    [67,072/223,308  elapsed 12.8s]
    [72,192/223,308  elapsed 13.7s]
    [77,312/223,308  elapsed 14.7s]
    [82,432/223,308  elapsed 15.7s]
    [87,552/223,308  elapsed 16.6s]
    [92,672/223,308  elapsed 17.6s]
    [97,792/223,308  elapsed 18.6s]
    [102,912/223,308  elapsed 19.6s]
    [108,032/223,308  elapsed 20.5s]
    [113,152/223,308  elapsed 21.5s]
    [118,272/223,308  elapsed 22.5s]
    [123,392/223,308  elapsed 23.4s]
    [128,512/223,308  elapsed 24.4s]
    [133,632/223,308  elapsed 25.4s]
    [138,752/223,308  elapsed 26.3s]
    [143,872/223,308  elapsed 27.3s]
    [148,992/223,308  elapsed 28.3s]
    [154,112/223,308  elapsed 29.2s]
    [159,232/223,308  elapsed 30.2s]
    [164,352/223,308  elapsed 31.2s]
    [169,472/223,308  elapsed 32.2s]
    [174,592/223,308  elapsed 33.2s]
    [179,712/223,308  elapsed 34.1s]
    [184,832/223,308  elapsed 35.1s]
    [189,952/223,308  elapsed 36.1s]
    [195,072/223,308  elapsed 37.2s]
    [200,192/223,308  elapsed 38.2s]
    [205,312/223,308  elapsed 39.2s]
    [210,432/223,308  elapsed 40.2s]
    [215,552/223,308  elapsed 41.2s]
    [220,672/223,308  elapsed 42.1s]
  eval done in 42.7s
  by-popularity NDCG@10: tail=0.0000(n=29,887)  mid=0.0000(n=33,352)  head=0.0268(n=160,069)
  evaluating 223,308 users in batches of 512...
    [512/223,308  elapsed 0.1s]
    [5,632/223,308  elapsed 1.1s]
    [10,752/223,308  elapsed 2.1s]
    [15,872/223,308  elapsed 3.1s]
    [20,992/223,308  elapsed 4.0s]
    [26,112/223,308  elapsed 5.0s]
    [31,232/223,308  elapsed 6.0s]
    [36,352/223,308  elapsed 7.0s]
    [41,472/223,308  elapsed 8.0s]
    [46,592/223,308  elapsed 8.9s]
    [51,712/223,308  elapsed 9.9s]
    [56,832/223,308  elapsed 10.9s]
    [61,952/223,308  elapsed 11.9s]
    [67,072/223,308  elapsed 12.9s]
    [72,192/223,308  elapsed 13.8s]
    [77,312/223,308  elapsed 14.8s]
    [82,432/223,308  elapsed 15.8s]
    [87,552/223,308  elapsed 16.8s]
    [92,672/223,308  elapsed 17.8s]
    [97,792/223,308  elapsed 18.7s]
    [102,912/223,308  elapsed 19.7s]
    [108,032/223,308  elapsed 20.7s]
    [113,152/223,308  elapsed 21.7s]
    [118,272/223,308  elapsed 22.7s]
    [123,392/223,308  elapsed 23.7s]
    [128,512/223,308  elapsed 24.7s]
    [133,632/223,308  elapsed 25.7s]
    [138,752/223,308  elapsed 26.7s]
    [143,872/223,308  elapsed 27.7s]
    [148,992/223,308  elapsed 28.6s]
    [154,112/223,308  elapsed 29.6s]
    [159,232/223,308  elapsed 30.6s]
    [164,352/223,308  elapsed 31.6s]
    [169,472/223,308  elapsed 32.6s]
    [174,592/223,308  elapsed 33.5s]
    [179,712/223,308  elapsed 34.5s]
    [184,832/223,308  elapsed 35.5s]
    [189,952/223,308  elapsed 36.6s]
    [195,072/223,308  elapsed 37.6s]
    [200,192/223,308  elapsed 38.6s]
    [205,312/223,308  elapsed 39.6s]
    [210,432/223,308  elapsed 40.6s]
    [215,552/223,308  elapsed 41.7s]
    [220,672/223,308  elapsed 42.7s]
  eval done in 43.2s
  by-popularity NDCG@10: tail=0.0000(n=36,610)  mid=0.0000(n=35,266)  head=0.0250(n=151,432)
  epoch   1  loss=10.5788  val_NDCG=0.0192  test_NDCG=0.0169  test_HR=0.0316  (42.0s)
  evaluating 223,308 users in batches of 512...
    [512/223,308  elapsed 0.1s]
    [5,632/223,308  elapsed 1.1s]
    [10,752/223,308  elapsed 2.1s]
    [15,872/223,308  elapsed 3.1s]
    [20,992/223,308  elapsed 4.1s]
    [26,112/223,308  elapsed 5.1s]
    [31,232/223,308  elapsed 6.1s]
    [36,352/223,308  elapsed 7.0s]
    [41,472/223,308  elapsed 8.0s]
    [46,592/223,308  elapsed 9.0s]
    [51,712/223,308  elapsed 10.0s]
    [56,832/223,308  elapsed 11.0s]
    [61,952/223,308  elapsed 12.0s]
    [67,072/223,308  elapsed 13.0s]
    [72,192/223,308  elapsed 14.0s]
    [77,312/223,308  elapsed 15.0s]
    [82,432/223,308  elapsed 15.9s]
    [87,552/223,308  elapsed 16.9s]
    [92,672/223,308  elapsed 17.9s]
    [97,792/223,308  elapsed 18.8s]
    [102,912/223,308  elapsed 19.8s]
    [108,032/223,308  elapsed 20.7s]
    [113,152/223,308  elapsed 21.7s]
    [118,272/223,308  elapsed 22.7s]
    [123,392/223,308  elapsed 23.7s]
    [128,512/223,308  elapsed 24.6s]
    [133,632/223,308  elapsed 25.6s]
    [138,752/223,308  elapsed 26.6s]
    [143,872/223,308  elapsed 27.6s]
    [148,992/223,308  elapsed 28.5s]
    [154,112/223,308  elapsed 29.5s]
    [159,232/223,308  elapsed 30.4s]
    [164,352/223,308  elapsed 31.4s]
    [169,472/223,308  elapsed 32.4s]
    [174,592/223,308  elapsed 33.3s]
    [179,712/223,308  elapsed 34.3s]
    [184,832/223,308  elapsed 35.3s]
    [189,952/223,308  elapsed 36.2s]
    [195,072/223,308  elapsed 37.2s]
    [200,192/223,308  elapsed 38.2s]
    [205,312/223,308  elapsed 39.1s]
    [210,432/223,308  elapsed 40.1s]
    [215,552/223,308  elapsed 41.1s]
    [220,672/223,308  elapsed 42.0s]
  eval done in 42.5s
  by-popularity NDCG@10: tail=0.0001(n=29,887)  mid=0.0006(n=33,352)  head=0.0387(n=160,069)
  evaluating 223,308 users in batches of 512...
    [512/223,308  elapsed 0.1s]
    [5,632/223,308  elapsed 1.1s]
    [10,752/223,308  elapsed 2.1s]
    [15,872/223,308  elapsed 3.0s]
    [20,992/223,308  elapsed 4.0s]
    [26,112/223,308  elapsed 5.0s]
    [31,232/223,308  elapsed 6.0s]
    [36,352/223,308  elapsed 7.0s]
    [41,472/223,308  elapsed 7.9s]
    [46,592/223,308  elapsed 8.9s]
    [51,712/223,308  elapsed 9.9s]
    [56,832/223,308  elapsed 10.9s]
    [61,952/223,308  elapsed 11.9s]
    [67,072/223,308  elapsed 12.9s]
    [72,192/223,308  elapsed 13.9s]
    [77,312/223,308  elapsed 14.9s]
    [82,432/223,308  elapsed 15.9s]
    [87,552/223,308  elapsed 16.9s]
    [92,672/223,308  elapsed 17.9s]
    [97,792/223,308  elapsed 18.8s]
    [102,912/223,308  elapsed 19.8s]
    [108,032/223,308  elapsed 20.8s]
    [113,152/223,308  elapsed 21.8s]
    [118,272/223,308  elapsed 22.8s]
    [123,392/223,308  elapsed 23.7s]
    [128,512/223,308  elapsed 24.7s]
    [133,632/223,308  elapsed 25.7s]
    [138,752/223,308  elapsed 26.7s]
    [143,872/223,308  elapsed 27.7s]
    [148,992/223,308  elapsed 28.6s]
    [154,112/223,308  elapsed 29.6s]
    [159,232/223,308  elapsed 30.6s]
    [164,352/223,308  elapsed 31.6s]
    [169,472/223,308  elapsed 32.5s]
    [174,592/223,308  elapsed 33.5s]
    [179,712/223,308  elapsed 34.5s]
    [184,832/223,308  elapsed 35.5s]
    [189,952/223,308  elapsed 36.4s]
    [195,072/223,308  elapsed 37.4s]
    [200,192/223,308  elapsed 38.4s]
    [205,312/223,308  elapsed 39.4s]
    [210,432/223,308  elapsed 40.4s]
    [215,552/223,308  elapsed 41.4s]
    [220,672/223,308  elapsed 42.3s]
  eval done in 42.9s
  by-popularity NDCG@10: tail=0.0000(n=36,610)  mid=0.0005(n=35,266)  head=0.0342(n=151,432)
  epoch   2  loss=10.0619  val_NDCG=0.0278  test_NDCG=0.0233  test_HR=0.0414  (42.8s)
  evaluating 223,308 users in batches of 512...
    [512/223,308  elapsed 0.1s]
    [5,632/223,308  elapsed 1.1s]
    [10,752/223,308  elapsed 2.1s]
    [15,872/223,308  elapsed 3.0s]
    [20,992/223,308  elapsed 4.0s]
    [26,112/223,308  elapsed 5.0s]
    [31,232/223,308  elapsed 5.9s]
    [36,352/223,308  elapsed 6.9s]
    [41,472/223,308  elapsed 7.9s]
    [46,592/223,308  elapsed 8.9s]
    [51,712/223,308  elapsed 9.8s]
    [56,832/223,308  elapsed 10.8s]
    [61,952/223,308  elapsed 11.8s]
    [67,072/223,308  elapsed 12.8s]
    [72,192/223,308  elapsed 13.7s]
    [77,312/223,308  elapsed 14.7s]
    [82,432/223,308  elapsed 15.7s]
    [87,552/223,308  elapsed 16.6s]
    [92,672/223,308  elapsed 17.6s]
    [97,792/223,308  elapsed 18.6s]
    [102,912/223,308  elapsed 19.6s]
    [108,032/223,308  elapsed 20.6s]
    [113,152/223,308  elapsed 21.6s]
    [118,272/223,308  elapsed 22.5s]
    [123,392/223,308  elapsed 23.5s]
    [128,512/223,308  elapsed 24.5s]
    [133,632/223,308  elapsed 25.5s]
    [138,752/223,308  elapsed 26.4s]
    [143,872/223,308  elapsed 27.4s]
    [148,992/223,308  elapsed 28.4s]
    [154,112/223,308  elapsed 29.4s]
    [159,232/223,308  elapsed 30.3s]
    [164,352/223,308  elapsed 31.3s]
    [169,472/223,308  elapsed 32.3s]
    [174,592/223,308  elapsed 33.3s]
    [179,712/223,308  elapsed 34.2s]
    [184,832/223,308  elapsed 35.2s]
    [189,952/223,308  elapsed 36.2s]
    [195,072/223,308  elapsed 37.1s]
    [200,192/223,308  elapsed 38.1s]
    [205,312/223,308  elapsed 39.1s]
    [210,432/223,308  elapsed 40.1s]
    [215,552/223,308  elapsed 41.0s]
    [220,672/223,308  elapsed 42.0s]
  eval done in 42.5s
  by-popularity NDCG@10: tail=0.0002(n=29,887)  mid=0.0017(n=33,352)  head=0.0433(n=160,069)
  evaluating 223,308 users in batches of 512...
    [512/223,308  elapsed 0.1s]
    [5,632/223,308  elapsed 1.1s]
    [10,752/223,308  elapsed 2.1s]
    [15,872/223,308  elapsed 3.1s]
    [20,992/223,308  elapsed 4.1s]
    [26,112/223,308  elapsed 5.1s]
    [31,232/223,308  elapsed 6.1s]
    [36,352/223,308  elapsed 7.1s]
    [41,472/223,308  elapsed 8.1s]
    [46,592/223,308  elapsed 9.0s]
    [51,712/223,308  elapsed 10.0s]
    [56,832/223,308  elapsed 11.0s]
    [61,952/223,308  elapsed 12.0s]
    [67,072/223,308  elapsed 13.0s]
    [72,192/223,308  elapsed 13.9s]
    [77,312/223,308  elapsed 14.9s]
    [82,432/223,308  elapsed 15.9s]
    [87,552/223,308  elapsed 16.9s]
    [92,672/223,308  elapsed 17.9s]
    [97,792/223,308  elapsed 18.9s]
    [102,912/223,308  elapsed 19.8s]
    [108,032/223,308  elapsed 20.8s]
    [113,152/223,308  elapsed 21.8s]
    [118,272/223,308  elapsed 22.8s]
    [123,392/223,308  elapsed 23.8s]
    [128,512/223,308  elapsed 24.8s]
    [133,632/223,308  elapsed 25.8s]
    [138,752/223,308  elapsed 26.7s]
    [143,872/223,308  elapsed 27.7s]
    [148,992/223,308  elapsed 28.7s]
    [154,112/223,308  elapsed 29.7s]
    [159,232/223,308  elapsed 30.7s]
    [164,352/223,308  elapsed 31.6s]
    [169,472/223,308  elapsed 32.6s]
    [174,592/223,308  elapsed 33.6s]
    [179,712/223,308  elapsed 34.6s]
    [184,832/223,308  elapsed 35.6s]
    [189,952/223,308  elapsed 36.5s]
    [195,072/223,308  elapsed 37.5s]
    [200,192/223,308  elapsed 38.5s]
    [205,312/223,308  elapsed 39.4s]
    [210,432/223,308  elapsed 40.4s]
    [215,552/223,308  elapsed 41.4s]
    [220,672/223,308  elapsed 42.3s]
  eval done in 42.8s
  by-popularity NDCG@10: tail=0.0000(n=36,610)  mid=0.0010(n=35,266)  head=0.0379(n=151,432)
  epoch   3  loss=9.8663  val_NDCG=0.0313  test_NDCG=0.0259  test_HR=0.0453  (41.6s)
  evaluating 223,308 users in batches of 512...
    [512/223,308  elapsed 0.1s]
    [5,632/223,308  elapsed 1.1s]
    [10,752/223,308  elapsed 2.0s]
    [15,872/223,308  elapsed 3.0s]
    [20,992/223,308  elapsed 4.0s]
    [26,112/223,308  elapsed 5.0s]
    [31,232/223,308  elapsed 6.0s]
    [36,352/223,308  elapsed 7.0s]
    [41,472/223,308  elapsed 8.0s]
    [46,592/223,308  elapsed 9.0s]
    [51,712/223,308  elapsed 10.0s]
    [56,832/223,308  elapsed 11.0s]
    [61,952/223,308  elapsed 12.0s]
    [67,072/223,308  elapsed 12.9s]
    [72,192/223,308  elapsed 13.9s]
    [77,312/223,308  elapsed 14.9s]
    [82,432/223,308  elapsed 15.9s]
    [87,552/223,308  elapsed 16.9s]
    [92,672/223,308  elapsed 17.9s]
    [97,792/223,308  elapsed 18.8s]
    [102,912/223,308  elapsed 19.8s]
    [108,032/223,308  elapsed 20.8s]
    [113,152/223,308  elapsed 21.7s]
    [118,272/223,308  elapsed 22.7s]
    [123,392/223,308  elapsed 23.7s]
    [128,512/223,308  elapsed 24.6s]
    [133,632/223,308  elapsed 25.6s]
    [138,752/223,308  elapsed 26.6s]
    [143,872/223,308  elapsed 27.6s]
    [148,992/223,308  elapsed 28.6s]
    [154,112/223,308  elapsed 29.6s]
    [159,232/223,308  elapsed 30.6s]
    [164,352/223,308  elapsed 31.6s]
    [169,472/223,308  elapsed 32.6s]
    [174,592/223,308  elapsed 33.5s]
    [179,712/223,308  elapsed 34.5s]
    [184,832/223,308  elapsed 35.5s]
    [189,952/223,308  elapsed 36.5s]
    [195,072/223,308  elapsed 37.4s]
    [200,192/223,308  elapsed 38.4s]
    [205,312/223,308  elapsed 39.4s]
    [210,432/223,308  elapsed 40.4s]
    [215,552/223,308  elapsed 41.4s]
    [220,672/223,308  elapsed 42.4s]
  eval done in 42.9s
  by-popularity NDCG@10: tail=0.0004(n=29,887)  mid=0.0028(n=33,352)  head=0.0460(n=160,069)
  evaluating 223,308 users in batches of 512...
    [512/223,308  elapsed 0.1s]
    [5,632/223,308  elapsed 1.1s]
    [10,752/223,308  elapsed 2.1s]
    [15,872/223,308  elapsed 3.1s]
    [20,992/223,308  elapsed 4.0s]
    [26,112/223,308  elapsed 5.0s]
    [31,232/223,308  elapsed 6.0s]
    [36,352/223,308  elapsed 7.0s]
    [41,472/223,308  elapsed 8.0s]
    [46,592/223,308  elapsed 9.0s]
    [51,712/223,308  elapsed 10.0s]
    [56,832/223,308  elapsed 11.0s]
    [61,952/223,308  elapsed 12.0s]
    [67,072/223,308  elapsed 12.9s]
    [72,192/223,308  elapsed 13.9s]
    [77,312/223,308  elapsed 14.9s]
    [82,432/223,308  elapsed 15.9s]
    [87,552/223,308  elapsed 16.9s]
    [92,672/223,308  elapsed 17.8s]
    [97,792/223,308  elapsed 18.8s]
    [102,912/223,308  elapsed 19.8s]
    [108,032/223,308  elapsed 20.8s]
    [113,152/223,308  elapsed 21.7s]
    [118,272/223,308  elapsed 22.7s]
    [123,392/223,308  elapsed 23.7s]
    [128,512/223,308  elapsed 24.6s]
    [133,632/223,308  elapsed 25.6s]
    [138,752/223,308  elapsed 26.6s]
    [143,872/223,308  elapsed 27.6s]
    [148,992/223,308  elapsed 28.6s]
    [154,112/223,308  elapsed 29.6s]
    [159,232/223,308  elapsed 30.6s]
    [164,352/223,308  elapsed 31.6s]
    [169,472/223,308  elapsed 32.5s]
    [174,592/223,308  elapsed 33.5s]
    [179,712/223,308  elapsed 34.5s]
    [184,832/223,308  elapsed 35.5s]
    [189,952/223,308  elapsed 36.4s]
    [195,072/223,308  elapsed 37.4s]
    [200,192/223,308  elapsed 38.4s]
    [205,312/223,308  elapsed 39.3s]
    [210,432/223,308  elapsed 40.3s]
    [215,552/223,308  elapsed 41.3s]
    [220,672/223,308  elapsed 42.2s]
  eval done in 42.8s
  by-popularity NDCG@10: tail=0.0001(n=36,610)  mid=0.0017(n=35,266)  head=0.0403(n=151,432)
  epoch   4  loss=9.7520  val_NDCG=0.0334  test_NDCG=0.0276  test_HR=0.0476  (41.8s)
  evaluating 223,308 users in batches of 512...
    [512/223,308  elapsed 0.1s]
    [5,632/223,308  elapsed 1.1s]
    [10,752/223,308  elapsed 2.1s]
    [15,872/223,308  elapsed 3.1s]
    [20,992/223,308  elapsed 4.0s]
    [26,112/223,308  elapsed 5.0s]
    [31,232/223,308  elapsed 5.9s]
    [36,352/223,308  elapsed 6.9s]
    [41,472/223,308  elapsed 7.9s]
    [46,592/223,308  elapsed 8.9s]
    [51,712/223,308  elapsed 9.8s]
    [56,832/223,308  elapsed 10.8s]
    [61,952/223,308  elapsed 11.7s]
    [67,072/223,308  elapsed 12.7s]
    [72,192/223,308  elapsed 13.7s]
    [77,312/223,308  elapsed 14.6s]
    [82,432/223,308  elapsed 15.6s]
    [87,552/223,308  elapsed 16.6s]
    [92,672/223,308  elapsed 17.6s]
    [97,792/223,308  elapsed 18.5s]
    [102,912/223,308  elapsed 19.5s]
    [108,032/223,308  elapsed 20.5s]
    [113,152/223,308  elapsed 21.4s]
    [118,272/223,308  elapsed 22.4s]
    [123,392/223,308  elapsed 23.4s]
    [128,512/223,308  elapsed 24.4s]
    [133,632/223,308  elapsed 25.3s]
    [138,752/223,308  elapsed 26.3s]
    [143,872/223,308  elapsed 27.3s]
    [148,992/223,308  elapsed 28.3s]
    [154,112/223,308  elapsed 29.2s]
    [159,232/223,308  elapsed 30.2s]
    [164,352/223,308  elapsed 31.2s]
    [169,472/223,308  elapsed 32.2s]
    [174,592/223,308  elapsed 33.1s]
    [179,712/223,308  elapsed 34.1s]
    [184,832/223,308  elapsed 35.1s]
    [189,952/223,308  elapsed 36.0s]
    [195,072/223,308  elapsed 37.0s]
    [200,192/223,308  elapsed 38.0s]
    [205,312/223,308  elapsed 38.9s]
    [210,432/223,308  elapsed 39.9s]
    [215,552/223,308  elapsed 40.8s]
    [220,672/223,308  elapsed 41.8s]
  eval done in 42.3s
  by-popularity NDCG@10: tail=0.0005(n=29,887)  mid=0.0040(n=33,352)  head=0.0479(n=160,069)
  evaluating 223,308 users in batches of 512...
    [512/223,308  elapsed 0.1s]
    [5,632/223,308  elapsed 1.1s]
    [10,752/223,308  elapsed 2.0s]
    [15,872/223,308  elapsed 3.0s]
    [20,992/223,308  elapsed 4.0s]
    [26,112/223,308  elapsed 5.0s]
    [31,232/223,308  elapsed 5.9s]
    [36,352/223,308  elapsed 6.9s]
    [41,472/223,308  elapsed 7.9s]
    [46,592/223,308  elapsed 8.9s]
    [51,712/223,308  elapsed 9.9s]
    [56,832/223,308  elapsed 10.9s]
    [61,952/223,308  elapsed 11.8s]
    [67,072/223,308  elapsed 12.8s]
    [72,192/223,308  elapsed 13.8s]
    [77,312/223,308  elapsed 14.7s]
    [82,432/223,308  elapsed 15.7s]
    [87,552/223,308  elapsed 16.7s]
    [92,672/223,308  elapsed 17.7s]
    [97,792/223,308  elapsed 18.7s]
    [102,912/223,308  elapsed 19.7s]
    [108,032/223,308  elapsed 20.7s]
    [113,152/223,308  elapsed 21.7s]
    [118,272/223,308  elapsed 22.6s]
    [123,392/223,308  elapsed 23.6s]
    [128,512/223,308  elapsed 24.6s]
    [133,632/223,308  elapsed 25.5s]
    [138,752/223,308  elapsed 26.5s]
    [143,872/223,308  elapsed 27.5s]
    [148,992/223,308  elapsed 28.4s]
    [154,112/223,308  elapsed 29.4s]
    [159,232/223,308  elapsed 30.3s]
    [164,352/223,308  elapsed 31.3s]
    [169,472/223,308  elapsed 32.3s]
    [174,592/223,308  elapsed 33.2s]
    [179,712/223,308  elapsed 34.2s]
    [184,832/223,308  elapsed 35.2s]
    [189,952/223,308  elapsed 36.1s]
    [195,072/223,308  elapsed 37.1s]
    [200,192/223,308  elapsed 38.0s]
    [205,312/223,308  elapsed 39.0s]
    [210,432/223,308  elapsed 40.0s]
    [215,552/223,308  elapsed 40.9s]
    [220,672/223,308  elapsed 41.9s]
  eval done in 42.4s
  by-popularity NDCG@10: tail=0.0002(n=36,610)  mid=0.0025(n=35,266)  head=0.0418(n=151,432)
  epoch   5  loss=9.6673  val_NDCG=0.0350  test_NDCG=0.0287  test_HR=0.0490  (41.6s)
  evaluating 223,308 users in batches of 512...
    [512/223,308  elapsed 0.1s]
    [5,632/223,308  elapsed 1.1s]
    [10,752/223,308  elapsed 2.0s]
    [15,872/223,308  elapsed 3.0s]
    [20,992/223,308  elapsed 3.9s]
    [26,112/223,308  elapsed 4.9s]
    [31,232/223,308  elapsed 5.9s]
    [36,352/223,308  elapsed 6.8s]
    [41,472/223,308  elapsed 7.8s]
    [46,592/223,308  elapsed 8.8s]
    [51,712/223,308  elapsed 9.7s]
    [56,832/223,308  elapsed 10.7s]
    [61,952/223,308  elapsed 11.7s]
    [67,072/223,308  elapsed 12.6s]
    [72,192/223,308  elapsed 13.6s]
    [77,312/223,308  elapsed 14.6s]
    [82,432/223,308  elapsed 15.5s]
    [87,552/223,308  elapsed 16.5s]
    [92,672/223,308  elapsed 17.4s]
    [97,792/223,308  elapsed 18.4s]
    [102,912/223,308  elapsed 19.4s]
    [108,032/223,308  elapsed 20.3s]
    [113,152/223,308  elapsed 21.3s]
    [118,272/223,308  elapsed 22.2s]
    [123,392/223,308  elapsed 23.2s]
    [128,512/223,308  elapsed 24.2s]
    [133,632/223,308  elapsed 25.2s]
    [138,752/223,308  elapsed 26.2s]
    [143,872/223,308  elapsed 27.1s]
    [148,992/223,308  elapsed 28.1s]
    [154,112/223,308  elapsed 29.1s]
    [159,232/223,308  elapsed 30.0s]
    [164,352/223,308  elapsed 31.0s]
    [169,472/223,308  elapsed 32.0s]
    [174,592/223,308  elapsed 32.9s]
    [179,712/223,308  elapsed 33.9s]
    [184,832/223,308  elapsed 34.9s]
    [189,952/223,308  elapsed 35.8s]
    [195,072/223,308  elapsed 36.8s]
    [200,192/223,308  elapsed 37.7s]
    [205,312/223,308  elapsed 38.7s]
    [210,432/223,308  elapsed 39.7s]
    [215,552/223,308  elapsed 40.6s]
    [220,672/223,308  elapsed 41.6s]
  eval done in 42.1s
  by-popularity NDCG@10: tail=0.0007(n=29,887)  mid=0.0049(n=33,352)  head=0.0488(n=160,069)
  evaluating 223,308 users in batches of 512...
    [512/223,308  elapsed 0.1s]
    [5,632/223,308  elapsed 1.1s]
    [10,752/223,308  elapsed 2.1s]
    [15,872/223,308  elapsed 3.0s]
    [20,992/223,308  elapsed 4.0s]
    [26,112/223,308  elapsed 5.0s]
    [31,232/223,308  elapsed 5.9s]
    [36,352/223,308  elapsed 6.9s]
    [41,472/223,308  elapsed 7.9s]
    [46,592/223,308  elapsed 8.9s]
    [51,712/223,308  elapsed 9.9s]
    [56,832/223,308  elapsed 10.8s]
    [61,952/223,308  elapsed 11.8s]
    [67,072/223,308  elapsed 12.8s]
    [72,192/223,308  elapsed 13.8s]
    [77,312/223,308  elapsed 14.8s]
    [82,432/223,308  elapsed 15.7s]
    [87,552/223,308  elapsed 16.7s]
    [92,672/223,308  elapsed 17.7s]
    [97,792/223,308  elapsed 18.7s]
    [102,912/223,308  elapsed 19.6s]
    [108,032/223,308  elapsed 20.6s]
    [113,152/223,308  elapsed 21.6s]
    [118,272/223,308  elapsed 22.5s]
    [123,392/223,308  elapsed 23.5s]
    [128,512/223,308  elapsed 24.5s]
    [133,632/223,308  elapsed 25.5s]
    [138,752/223,308  elapsed 26.4s]
    [143,872/223,308  elapsed 27.4s]
    [148,992/223,308  elapsed 28.4s]
    [154,112/223,308  elapsed 29.4s]
    [159,232/223,308  elapsed 30.4s]
    [164,352/223,308  elapsed 31.3s]
    [169,472/223,308  elapsed 32.3s]
    [174,592/223,308  elapsed 33.3s]
    [179,712/223,308  elapsed 34.3s]
    [184,832/223,308  elapsed 35.2s]
    [189,952/223,308  elapsed 36.2s]
    [195,072/223,308  elapsed 37.2s]
    [200,192/223,308  elapsed 38.2s]
    [205,312/223,308  elapsed 39.1s]
    [210,432/223,308  elapsed 40.1s]
    [215,552/223,308  elapsed 41.1s]
    [220,672/223,308  elapsed 42.1s]
  eval done in 42.6s
  by-popularity NDCG@10: tail=0.0003(n=36,610)  mid=0.0030(n=35,266)  head=0.0424(n=151,432)
  epoch   6  loss=9.6004  val_NDCG=0.0358  test_NDCG=0.0293  test_HR=0.0498  (41.5s)
  evaluating 223,308 users in batches of 512...
    [512/223,308  elapsed 0.1s]
    [5,632/223,308  elapsed 1.0s]
    [10,752/223,308  elapsed 2.0s]
    [15,872/223,308  elapsed 3.0s]
    [20,992/223,308  elapsed 3.9s]
    [26,112/223,308  elapsed 4.9s]
    [31,232/223,308  elapsed 5.9s]
    [36,352/223,308  elapsed 6.8s]
    [41,472/223,308  elapsed 7.8s]
    [46,592/223,308  elapsed 8.7s]
    [51,712/223,308  elapsed 9.7s]
    [56,832/223,308  elapsed 10.7s]
    [61,952/223,308  elapsed 11.6s]
    [67,072/223,308  elapsed 12.6s]
    [72,192/223,308  elapsed 13.6s]
    [77,312/223,308  elapsed 14.5s]
    [82,432/223,308  elapsed 15.5s]
    [87,552/223,308  elapsed 16.4s]
    [92,672/223,308  elapsed 17.5s]
    [97,792/223,308  elapsed 18.4s]
    [102,912/223,308  elapsed 19.4s]
    [108,032/223,308  elapsed 20.3s]
    [113,152/223,308  elapsed 21.3s]
    [118,272/223,308  elapsed 22.3s]
    [123,392/223,308  elapsed 23.2s]
    [128,512/223,308  elapsed 24.2s]
    [133,632/223,308  elapsed 25.2s]
    [138,752/223,308  elapsed 26.1s]
    [143,872/223,308  elapsed 27.1s]
    [148,992/223,308  elapsed 28.1s]
    [154,112/223,308  elapsed 29.0s]
    [159,232/223,308  elapsed 30.0s]
    [164,352/223,308  elapsed 31.0s]
    [169,472/223,308  elapsed 32.0s]
    [174,592/223,308  elapsed 32.9s]
    [179,712/223,308  elapsed 33.9s]
    [184,832/223,308  elapsed 34.8s]
    [189,952/223,308  elapsed 35.8s]
    [195,072/223,308  elapsed 36.8s]
    [200,192/223,308  elapsed 37.7s]
    [205,312/223,308  elapsed 38.7s]
    [210,432/223,308  elapsed 39.7s]
    [215,552/223,308  elapsed 40.6s]
    [220,672/223,308  elapsed 41.6s]
  eval done in 42.1s
  by-popularity NDCG@10: tail=0.0008(n=29,887)  mid=0.0056(n=33,352)  head=0.0492(n=160,069)
  evaluating 223,308 users in batches of 512...
    [512/223,308  elapsed 0.1s]
    [5,632/223,308  elapsed 1.1s]
    [10,752/223,308  elapsed 2.0s]
    [15,872/223,308  elapsed 3.0s]
    [20,992/223,308  elapsed 4.0s]
    [26,112/223,308  elapsed 5.0s]
    [31,232/223,308  elapsed 5.9s]
    [36,352/223,308  elapsed 6.9s]
    [41,472/223,308  elapsed 7.9s]
    [46,592/223,308  elapsed 8.8s]
    [51,712/223,308  elapsed 9.8s]
    [56,832/223,308  elapsed 10.8s]
    [61,952/223,308  elapsed 11.7s]
    [67,072/223,308  elapsed 12.7s]
    [72,192/223,308  elapsed 13.7s]
    [77,312/223,308  elapsed 14.7s]
    [82,432/223,308  elapsed 15.6s]
    [87,552/223,308  elapsed 16.6s]
    [92,672/223,308  elapsed 17.6s]
    [97,792/223,308  elapsed 18.5s]
    [102,912/223,308  elapsed 19.5s]
    [108,032/223,308  elapsed 20.5s]
    [113,152/223,308  elapsed 21.4s]
    [118,272/223,308  elapsed 22.4s]
    [123,392/223,308  elapsed 23.4s]
    [128,512/223,308  elapsed 24.3s]
    [133,632/223,308  elapsed 25.3s]
    [138,752/223,308  elapsed 26.3s]
    [143,872/223,308  elapsed 27.3s]
    [148,992/223,308  elapsed 28.3s]
    [154,112/223,308  elapsed 29.2s]
    [159,232/223,308  elapsed 30.2s]
    [164,352/223,308  elapsed 31.2s]
    [169,472/223,308  elapsed 32.1s]
    [174,592/223,308  elapsed 33.1s]
    [179,712/223,308  elapsed 34.1s]
    [184,832/223,308  elapsed 35.1s]
    [189,952/223,308  elapsed 36.1s]
    [195,072/223,308  elapsed 37.1s]
    [200,192/223,308  elapsed 38.0s]
    [205,312/223,308  elapsed 39.0s]
    [210,432/223,308  elapsed 40.0s]
    [215,552/223,308  elapsed 41.0s]
    [220,672/223,308  elapsed 41.9s]
  eval done in 42.4s
  by-popularity NDCG@10: tail=0.0003(n=36,610)  mid=0.0034(n=35,266)  head=0.0428(n=151,432)
  epoch   7  loss=9.5408  val_NDCG=0.0362  test_NDCG=0.0296  test_HR=0.0504  (41.5s)
  evaluating 223,308 users in batches of 512...
    [512/223,308  elapsed 0.1s]
    [5,632/223,308  elapsed 1.1s]
    [10,752/223,308  elapsed 2.0s]
    [15,872/223,308  elapsed 3.0s]
    [20,992/223,308  elapsed 3.9s]
    [26,112/223,308  elapsed 4.9s]
    [31,232/223,308  elapsed 5.8s]
    [36,352/223,308  elapsed 6.8s]
    [41,472/223,308  elapsed 7.7s]
    [46,592/223,308  elapsed 8.7s]
    [51,712/223,308  elapsed 9.7s]
    [56,832/223,308  elapsed 10.6s]
    [61,952/223,308  elapsed 11.6s]
    [67,072/223,308  elapsed 12.6s]
    [72,192/223,308  elapsed 13.5s]
    [77,312/223,308  elapsed 14.5s]
    [82,432/223,308  elapsed 15.4s]
    [87,552/223,308  elapsed 16.4s]
    [92,672/223,308  elapsed 17.3s]
    [97,792/223,308  elapsed 18.3s]
    [102,912/223,308  elapsed 19.2s]
    [108,032/223,308  elapsed 20.2s]
    [113,152/223,308  elapsed 21.2s]
    [118,272/223,308  elapsed 22.1s]
    [123,392/223,308  elapsed 23.0s]
    [128,512/223,308  elapsed 24.0s]
    [133,632/223,308  elapsed 25.0s]
    [138,752/223,308  elapsed 25.9s]
    [143,872/223,308  elapsed 26.9s]
    [148,992/223,308  elapsed 27.8s]
    [154,112/223,308  elapsed 28.8s]
    [159,232/223,308  elapsed 29.7s]
    [164,352/223,308  elapsed 30.7s]
    [169,472/223,308  elapsed 31.6s]
    [174,592/223,308  elapsed 32.6s]
    [179,712/223,308  elapsed 33.5s]
    [184,832/223,308  elapsed 34.5s]
    [189,952/223,308  elapsed 35.5s]
    [195,072/223,308  elapsed 36.4s]
    [200,192/223,308  elapsed 37.4s]
    [205,312/223,308  elapsed 38.3s]
    [210,432/223,308  elapsed 39.3s]
    [215,552/223,308  elapsed 40.3s]
    [220,672/223,308  elapsed 41.2s]
  eval done in 41.7s
  by-popularity NDCG@10: tail=0.0011(n=29,887)  mid=0.0061(n=33,352)  head=0.0498(n=160,069)
  evaluating 223,308 users in batches of 512...
    [512/223,308  elapsed 0.1s]
    [5,632/223,308  elapsed 1.1s]
    [10,752/223,308  elapsed 2.0s]
    [15,872/223,308  elapsed 3.0s]
    [20,992/223,308  elapsed 3.9s]
    [26,112/223,308  elapsed 4.9s]
    [31,232/223,308  elapsed 5.9s]
    [36,352/223,308  elapsed 6.8s]
    [41,472/223,308  elapsed 7.8s]
    [46,592/223,308  elapsed 8.8s]
    [51,712/223,308  elapsed 9.7s]
    [56,832/223,308  elapsed 10.7s]
    [61,952/223,308  elapsed 11.7s]
    [67,072/223,308  elapsed 12.6s]
    [72,192/223,308  elapsed 13.6s]
    [77,312/223,308  elapsed 14.5s]
    [82,432/223,308  elapsed 15.5s]
    [87,552/223,308  elapsed 16.5s]
    [92,672/223,308  elapsed 17.5s]
    [97,792/223,308  elapsed 18.4s]
    [102,912/223,308  elapsed 19.4s]
    [108,032/223,308  elapsed 20.3s]
    [113,152/223,308  elapsed 21.3s]
    [118,272/223,308  elapsed 22.3s]
    [123,392/223,308  elapsed 23.2s]
    [128,512/223,308  elapsed 24.2s]
    [133,632/223,308  elapsed 25.2s]
    [138,752/223,308  elapsed 26.1s]
    [143,872/223,308  elapsed 27.1s]
    [148,992/223,308  elapsed 28.1s]
    [154,112/223,308  elapsed 29.0s]
    [159,232/223,308  elapsed 30.0s]
    [164,352/223,308  elapsed 31.0s]
    [169,472/223,308  elapsed 31.9s]
    [174,592/223,308  elapsed 32.9s]
    [179,712/223,308  elapsed 33.8s]
    [184,832/223,308  elapsed 34.8s]
    [189,952/223,308  elapsed 35.8s]
    [195,072/223,308  elapsed 36.7s]
    [200,192/223,308  elapsed 37.7s]
    [205,312/223,308  elapsed 38.7s]
    [210,432/223,308  elapsed 39.6s]
    [215,552/223,308  elapsed 40.6s]
    [220,672/223,308  elapsed 41.6s]
  eval done in 42.1s
  by-popularity NDCG@10: tail=0.0005(n=36,610)  mid=0.0039(n=35,266)  head=0.0429(n=151,432)
  epoch   8  loss=9.4875  val_NDCG=0.0367  test_NDCG=0.0298  test_HR=0.0504  (41.6s)
  evaluating 223,308 users in batches of 512...
    [512/223,308  elapsed 0.1s]
    [5,632/223,308  elapsed 1.1s]
    [10,752/223,308  elapsed 2.1s]
    [15,872/223,308  elapsed 3.0s]
    [20,992/223,308  elapsed 4.1s]
    [26,112/223,308  elapsed 5.0s]
    [31,232/223,308  elapsed 6.0s]
    [36,352/223,308  elapsed 7.0s]
    [41,472/223,308  elapsed 8.0s]
    [46,592/223,308  elapsed 9.0s]
    [51,712/223,308  elapsed 9.9s]
    [56,832/223,308  elapsed 10.9s]
    [61,952/223,308  elapsed 11.9s]
    [67,072/223,308  elapsed 12.8s]
    [72,192/223,308  elapsed 13.8s]
    [77,312/223,308  elapsed 14.8s]
    [82,432/223,308  elapsed 15.7s]
    [87,552/223,308  elapsed 16.7s]
    [92,672/223,308  elapsed 17.7s]
    [97,792/223,308  elapsed 18.6s]
    [102,912/223,308  elapsed 19.6s]
    [108,032/223,308  elapsed 20.6s]
    [113,152/223,308  elapsed 21.6s]
    [118,272/223,308  elapsed 22.5s]
    [123,392/223,308  elapsed 23.5s]
    [128,512/223,308  elapsed 24.5s]
    [133,632/223,308  elapsed 25.4s]
    [138,752/223,308  elapsed 26.4s]
    [143,872/223,308  elapsed 27.4s]
    [148,992/223,308  elapsed 28.4s]
    [154,112/223,308  elapsed 29.3s]
    [159,232/223,308  elapsed 30.3s]
    [164,352/223,308  elapsed 31.2s]
    [169,472/223,308  elapsed 32.2s]
    [174,592/223,308  elapsed 33.2s]
    [179,712/223,308  elapsed 34.2s]
    [184,832/223,308  elapsed 35.2s]
    [189,952/223,308  elapsed 36.2s]
    [195,072/223,308  elapsed 37.1s]
    [200,192/223,308  elapsed 38.1s]
    [205,312/223,308  elapsed 39.1s]
    [210,432/223,308  elapsed 40.0s]
    [215,552/223,308  elapsed 41.0s]
    [220,672/223,308  elapsed 42.0s]
  eval done in 42.5s
  by-popularity NDCG@10: tail=0.0012(n=29,887)  mid=0.0064(n=33,352)  head=0.0504(n=160,069)
  evaluating 223,308 users in batches of 512...
    [512/223,308  elapsed 0.1s]
    [5,632/223,308  elapsed 1.1s]
    [10,752/223,308  elapsed 2.1s]
    [15,872/223,308  elapsed 3.1s]
    [20,992/223,308  elapsed 4.0s]
    [26,112/223,308  elapsed 5.0s]
    [31,232/223,308  elapsed 6.0s]
    [36,352/223,308  elapsed 7.0s]
    [41,472/223,308  elapsed 7.9s]
    [46,592/223,308  elapsed 8.9s]
    [51,712/223,308  elapsed 9.9s]
    [56,832/223,308  elapsed 10.9s]
    [61,952/223,308  elapsed 11.8s]
    [67,072/223,308  elapsed 12.8s]
    [72,192/223,308  elapsed 13.8s]
    [77,312/223,308  elapsed 14.7s]
    [82,432/223,308  elapsed 15.7s]
    [87,552/223,308  elapsed 16.7s]
    [92,672/223,308  elapsed 17.6s]
    [97,792/223,308  elapsed 18.6s]
    [102,912/223,308  elapsed 19.6s]
    [108,032/223,308  elapsed 20.6s]
    [113,152/223,308  elapsed 21.6s]
    [118,272/223,308  elapsed 22.6s]
    [123,392/223,308  elapsed 23.5s]
    [128,512/223,308  elapsed 24.5s]
    [133,632/223,308  elapsed 25.5s]
    [138,752/223,308  elapsed 26.4s]
    [143,872/223,308  elapsed 27.4s]
    [148,992/223,308  elapsed 28.4s]
    [154,112/223,308  elapsed 29.4s]
    [159,232/223,308  elapsed 30.3s]
    [164,352/223,308  elapsed 31.3s]
    [169,472/223,308  elapsed 32.3s]
    [174,592/223,308  elapsed 33.3s]
    [179,712/223,308  elapsed 34.3s]
    [184,832/223,308  elapsed 35.2s]
    [189,952/223,308  elapsed 36.2s]
    [195,072/223,308  elapsed 37.2s]
    [200,192/223,308  elapsed 38.2s]
    [205,312/223,308  elapsed 39.1s]
    [210,432/223,308  elapsed 40.1s]
    [215,552/223,308  elapsed 41.1s]
    [220,672/223,308  elapsed 42.0s]
  eval done in 42.6s
  by-popularity NDCG@10: tail=0.0006(n=36,610)  mid=0.0043(n=35,266)  head=0.0435(n=151,432)
  epoch   9  loss=9.4404  val_NDCG=0.0373  test_NDCG=0.0303  test_HR=0.0512  (41.5s)
  evaluating 223,308 users in batches of 512...
    [512/223,308  elapsed 0.1s]
    [5,632/223,308  elapsed 1.0s]
    [10,752/223,308  elapsed 2.0s]
    [15,872/223,308  elapsed 3.0s]
    [20,992/223,308  elapsed 3.9s]
    [26,112/223,308  elapsed 4.9s]
    [31,232/223,308  elapsed 5.8s]
    [36,352/223,308  elapsed 6.8s]
    [41,472/223,308  elapsed 7.7s]
    [46,592/223,308  elapsed 8.7s]
    [51,712/223,308  elapsed 9.7s]
    [56,832/223,308  elapsed 10.6s]
    [61,952/223,308  elapsed 11.6s]
    [67,072/223,308  elapsed 12.5s]
    [72,192/223,308  elapsed 13.5s]
    [77,312/223,308  elapsed 14.4s]
    [82,432/223,308  elapsed 15.4s]
    [87,552/223,308  elapsed 16.3s]
    [92,672/223,308  elapsed 17.3s]
    [97,792/223,308  elapsed 18.2s]
    [102,912/223,308  elapsed 19.2s]
    [108,032/223,308  elapsed 20.2s]
    [113,152/223,308  elapsed 21.1s]
    [118,272/223,308  elapsed 22.1s]
    [123,392/223,308  elapsed 23.0s]
    [128,512/223,308  elapsed 24.0s]
    [133,632/223,308  elapsed 24.9s]
    [138,752/223,308  elapsed 25.9s]
    [143,872/223,308  elapsed 26.9s]
    [148,992/223,308  elapsed 27.8s]
    [154,112/223,308  elapsed 28.8s]
    [159,232/223,308  elapsed 29.8s]
    [164,352/223,308  elapsed 30.7s]
    [169,472/223,308  elapsed 31.7s]
    [174,592/223,308  elapsed 32.6s]
    [179,712/223,308  elapsed 33.6s]
    [184,832/223,308  elapsed 34.5s]
    [189,952/223,308  elapsed 35.5s]
    [195,072/223,308  elapsed 36.4s]
    [200,192/223,308  elapsed 37.4s]
    [205,312/223,308  elapsed 38.4s]
    [210,432/223,308  elapsed 39.3s]
    [215,552/223,308  elapsed 40.3s]
    [220,672/223,308  elapsed 41.3s]
  eval done in 41.7s
  by-popularity NDCG@10: tail=0.0013(n=29,887)  mid=0.0072(n=33,352)  head=0.0502(n=160,069)
  evaluating 223,308 users in batches of 512...
    [512/223,308  elapsed 0.1s]
    [5,632/223,308  elapsed 1.1s]
    [10,752/223,308  elapsed 2.1s]
    [15,872/223,308  elapsed 3.1s]
    [20,992/223,308  elapsed 4.0s]
    [26,112/223,308  elapsed 5.0s]
    [31,232/223,308  elapsed 5.9s]
    [36,352/223,308  elapsed 6.9s]
    [41,472/223,308  elapsed 7.9s]
    [46,592/223,308  elapsed 8.8s]
    [51,712/223,308  elapsed 9.8s]
    [56,832/223,308  elapsed 10.8s]
    [61,952/223,308  elapsed 11.7s]
    [67,072/223,308  elapsed 12.7s]
    [72,192/223,308  elapsed 13.7s]
    [77,312/223,308  elapsed 14.7s]
    [82,432/223,308  elapsed 15.7s]
    [87,552/223,308  elapsed 16.6s]
    [92,672/223,308  elapsed 17.6s]
    [97,792/223,308  elapsed 18.5s]
    [102,912/223,308  elapsed 19.5s]
    [108,032/223,308  elapsed 20.5s]
    [113,152/223,308  elapsed 21.4s]
    [118,272/223,308  elapsed 22.4s]
    [123,392/223,308  elapsed 23.4s]
    [128,512/223,308  elapsed 24.3s]
    [133,632/223,308  elapsed 25.3s]
    [138,752/223,308  elapsed 26.3s]
    [143,872/223,308  elapsed 27.2s]
    [148,992/223,308  elapsed 28.2s]
    [154,112/223,308  elapsed 29.2s]
    [159,232/223,308  elapsed 30.1s]
    [164,352/223,308  elapsed 31.1s]
    [169,472/223,308  elapsed 32.0s]
    [174,592/223,308  elapsed 33.0s]
    [179,712/223,308  elapsed 34.0s]
    [184,832/223,308  elapsed 34.9s]
    [189,952/223,308  elapsed 35.9s]
    [195,072/223,308  elapsed 36.9s]
    [200,192/223,308  elapsed 37.8s]
    [205,312/223,308  elapsed 38.8s]
    [210,432/223,308  elapsed 39.8s]
    [215,552/223,308  elapsed 40.7s]
    [220,672/223,308  elapsed 41.7s]
  eval done in 42.2s
  by-popularity NDCG@10: tail=0.0006(n=36,610)  mid=0.0049(n=35,266)  head=0.0436(n=151,432)
  epoch  10  loss=9.3958  val_NDCG=0.0373  test_NDCG=0.0305  test_HR=0.0514  (41.6s)
  evaluating 223,308 users in batches of 512...
    [512/223,308  elapsed 0.1s]
    [5,632/223,308  elapsed 1.1s]
    [10,752/223,308  elapsed 2.0s]
    [15,872/223,308  elapsed 3.0s]
    [20,992/223,308  elapsed 3.9s]
    [26,112/223,308  elapsed 4.9s]
    [31,232/223,308  elapsed 5.8s]
    [36,352/223,308  elapsed 6.8s]
    [41,472/223,308  elapsed 7.8s]
    [46,592/223,308  elapsed 8.7s]
    [51,712/223,308  elapsed 9.7s]
    [56,832/223,308  elapsed 10.6s]
    [61,952/223,308  elapsed 11.6s]
    [67,072/223,308  elapsed 12.5s]
    [72,192/223,308  elapsed 13.5s]
    [77,312/223,308  elapsed 14.5s]
    [82,432/223,308  elapsed 15.4s]
    [87,552/223,308  elapsed 16.4s]
    [92,672/223,308  elapsed 17.3s]
    [97,792/223,308  elapsed 18.3s]
    [102,912/223,308  elapsed 19.2s]
    [108,032/223,308  elapsed 20.2s]
    [113,152/223,308  elapsed 21.2s]
    [118,272/223,308  elapsed 22.1s]
    [123,392/223,308  elapsed 23.1s]
    [128,512/223,308  elapsed 24.0s]
    [133,632/223,308  elapsed 25.0s]
    [138,752/223,308  elapsed 26.0s]
    [143,872/223,308  elapsed 26.9s]
    [148,992/223,308  elapsed 27.9s]
    [154,112/223,308  elapsed 28.8s]
    [159,232/223,308  elapsed 29.8s]
    [164,352/223,308  elapsed 30.8s]
    [169,472/223,308  elapsed 31.7s]
    [174,592/223,308  elapsed 32.7s]
    [179,712/223,308  elapsed 33.6s]
    [184,832/223,308  elapsed 34.6s]
    [189,952/223,308  elapsed 35.5s]
    [195,072/223,308  elapsed 36.5s]
    [200,192/223,308  elapsed 37.4s]
    [205,312/223,308  elapsed 38.4s]
    [210,432/223,308  elapsed 39.4s]
    [215,552/223,308  elapsed 40.3s]
    [220,672/223,308  elapsed 41.3s]
  eval done in 41.8s
  by-popularity NDCG@10: tail=0.0014(n=29,887)  mid=0.0076(n=33,352)  head=0.0507(n=160,069)
  evaluating 223,308 users in batches of 512...
    [512/223,308  elapsed 0.1s]
    [5,632/223,308  elapsed 1.1s]
    [10,752/223,308  elapsed 2.1s]
    [15,872/223,308  elapsed 3.0s]
    [20,992/223,308  elapsed 4.0s]
    [26,112/223,308  elapsed 4.9s]
    [31,232/223,308  elapsed 5.9s]
    [36,352/223,308  elapsed 6.9s]
    [41,472/223,308  elapsed 7.9s]
    [46,592/223,308  elapsed 8.9s]
    [51,712/223,308  elapsed 9.8s]
    [56,832/223,308  elapsed 10.8s]
    [61,952/223,308  elapsed 11.7s]
    [67,072/223,308  elapsed 12.7s]
    [72,192/223,308  elapsed 13.7s]
    [77,312/223,308  elapsed 14.6s]
    [82,432/223,308  elapsed 15.6s]
    [87,552/223,308  elapsed 16.6s]
    [92,672/223,308  elapsed 17.6s]
    [97,792/223,308  elapsed 18.5s]
    [102,912/223,308  elapsed 19.5s]
    [108,032/223,308  elapsed 20.5s]
    [113,152/223,308  elapsed 21.4s]
    [118,272/223,308  elapsed 22.4s]
    [123,392/223,308  elapsed 23.3s]
    [128,512/223,308  elapsed 24.3s]
    [133,632/223,308  elapsed 25.3s]
    [138,752/223,308  elapsed 26.3s]
    [143,872/223,308  elapsed 27.2s]
    [148,992/223,308  elapsed 28.2s]
    [154,112/223,308  elapsed 29.2s]
    [159,232/223,308  elapsed 30.1s]
    [164,352/223,308  elapsed 31.1s]
    [169,472/223,308  elapsed 32.1s]
    [174,592/223,308  elapsed 33.0s]
    [179,712/223,308  elapsed 34.0s]
    [184,832/223,308  elapsed 34.9s]
    [189,952/223,308  elapsed 35.9s]
    [195,072/223,308  elapsed 36.9s]
    [200,192/223,308  elapsed 37.8s]
    [205,312/223,308  elapsed 38.8s]
    [210,432/223,308  elapsed 39.8s]
    [215,552/223,308  elapsed 40.7s]
    [220,672/223,308  elapsed 41.7s]
  eval done in 42.2s
  by-popularity NDCG@10: tail=0.0006(n=36,610)  mid=0.0051(n=35,266)  head=0.0436(n=151,432)
  epoch  11  loss=9.3541  val_NDCG=0.0377  test_NDCG=0.0305  test_HR=0.0514  (41.5s)
  evaluating 223,308 users in batches of 512...
    [512/223,308  elapsed 0.1s]
    [5,632/223,308  elapsed 1.1s]
    [10,752/223,308  elapsed 2.0s]
    [15,872/223,308  elapsed 3.0s]
    [20,992/223,308  elapsed 3.9s]
    [26,112/223,308  elapsed 4.9s]
    [31,232/223,308  elapsed 5.8s]
    [36,352/223,308  elapsed 6.8s]
    [41,472/223,308  elapsed 7.7s]
    [46,592/223,308  elapsed 8.7s]
    [51,712/223,308  elapsed 9.7s]
    [56,832/223,308  elapsed 10.6s]
    [61,952/223,308  elapsed 11.6s]
    [67,072/223,308  elapsed 12.5s]
    [72,192/223,308  elapsed 13.5s]
    [77,312/223,308  elapsed 14.5s]
    [82,432/223,308  elapsed 15.4s]
    [87,552/223,308  elapsed 16.4s]
    [92,672/223,308  elapsed 17.3s]
    [97,792/223,308  elapsed 18.3s]
    [102,912/223,308  elapsed 19.3s]
    [108,032/223,308  elapsed 20.2s]
    [113,152/223,308  elapsed 21.2s]
    [118,272/223,308  elapsed 22.1s]
    [123,392/223,308  elapsed 23.1s]
    [128,512/223,308  elapsed 24.1s]
    [133,632/223,308  elapsed 25.0s]
    [138,752/223,308  elapsed 26.0s]
    [143,872/223,308  elapsed 26.9s]
    [148,992/223,308  elapsed 27.9s]
    [154,112/223,308  elapsed 28.9s]
    [159,232/223,308  elapsed 29.8s]
    [164,352/223,308  elapsed 30.8s]
    [169,472/223,308  elapsed 31.8s]
    [174,592/223,308  elapsed 32.7s]
    [179,712/223,308  elapsed 33.7s]
    [184,832/223,308  elapsed 34.7s]
    [189,952/223,308  elapsed 35.6s]
    [195,072/223,308  elapsed 36.6s]
    [200,192/223,308  elapsed 37.6s]
    [205,312/223,308  elapsed 38.6s]
    [210,432/223,308  elapsed 39.6s]
    [215,552/223,308  elapsed 40.5s]
    [220,672/223,308  elapsed 41.5s]
  eval done in 42.0s
  by-popularity NDCG@10: tail=0.0015(n=29,887)  mid=0.0078(n=33,352)  head=0.0507(n=160,069)
  evaluating 223,308 users in batches of 512...
    [512/223,308  elapsed 0.1s]
    [5,632/223,308  elapsed 1.1s]
    [10,752/223,308  elapsed 2.1s]
    [15,872/223,308  elapsed 3.1s]
    [20,992/223,308  elapsed 4.1s]
    [26,112/223,308  elapsed 5.1s]
    [31,232/223,308  elapsed 6.0s]
    [36,352/223,308  elapsed 7.0s]
    [41,472/223,308  elapsed 8.0s]
    [46,592/223,308  elapsed 9.0s]
    [51,712/223,308  elapsed 9.9s]
    [56,832/223,308  elapsed 10.9s]
    [61,952/223,308  elapsed 11.9s]
    [67,072/223,308  elapsed 12.9s]
    [72,192/223,308  elapsed 13.8s]
    [77,312/223,308  elapsed 14.8s]
    [82,432/223,308  elapsed 15.8s]
    [87,552/223,308  elapsed 16.8s]
    [92,672/223,308  elapsed 17.8s]
    [97,792/223,308  elapsed 18.7s]
    [102,912/223,308  elapsed 19.7s]
    [108,032/223,308  elapsed 20.7s]
    [113,152/223,308  elapsed 21.7s]
    [118,272/223,308  elapsed 22.7s]
    [123,392/223,308  elapsed 23.7s]
    [128,512/223,308  elapsed 24.7s]
    [133,632/223,308  elapsed 25.7s]
    [138,752/223,308  elapsed 26.6s]
    [143,872/223,308  elapsed 27.6s]
    [148,992/223,308  elapsed 28.6s]
    [154,112/223,308  elapsed 29.6s]
    [159,232/223,308  elapsed 30.5s]
    [164,352/223,308  elapsed 31.5s]
    [169,472/223,308  elapsed 32.5s]
    [174,592/223,308  elapsed 33.5s]
    [179,712/223,308  elapsed 34.5s]
    [184,832/223,308  elapsed 35.4s]
    [189,952/223,308  elapsed 36.4s]
    [195,072/223,308  elapsed 37.4s]
    [200,192/223,308  elapsed 38.4s]
    [205,312/223,308  elapsed 39.4s]
    [210,432/223,308  elapsed 40.4s]
    [215,552/223,308  elapsed 41.3s]
    [220,672/223,308  elapsed 42.3s]
  eval done in 42.8s
  by-popularity NDCG@10: tail=0.0007(n=36,610)  mid=0.0051(n=35,266)  head=0.0436(n=151,432)
  epoch  12  loss=9.3143  val_NDCG=0.0377  test_NDCG=0.0305  test_HR=0.0514  (41.4s)
  evaluating 223,308 users in batches of 512...
    [512/223,308  elapsed 0.1s]
    [5,632/223,308  elapsed 1.1s]
    [10,752/223,308  elapsed 2.0s]
    [15,872/223,308  elapsed 3.0s]
    [20,992/223,308  elapsed 3.9s]
    [26,112/223,308  elapsed 4.9s]
    [31,232/223,308  elapsed 5.9s]
    [36,352/223,308  elapsed 6.9s]
    [41,472/223,308  elapsed 7.8s]
    [46,592/223,308  elapsed 8.8s]
    [51,712/223,308  elapsed 9.8s]
    [56,832/223,308  elapsed 10.7s]
    [61,952/223,308  elapsed 11.7s]
    [67,072/223,308  elapsed 12.7s]
    [72,192/223,308  elapsed 13.6s]
    [77,312/223,308  elapsed 14.6s]
    [82,432/223,308  elapsed 15.6s]
    [87,552/223,308  elapsed 16.5s]
    [92,672/223,308  elapsed 17.5s]
    [97,792/223,308  elapsed 18.4s]
    [102,912/223,308  elapsed 19.4s]
    [108,032/223,308  elapsed 20.4s]
    [113,152/223,308  elapsed 21.3s]
    [118,272/223,308  elapsed 22.3s]
    [123,392/223,308  elapsed 23.2s]
    [128,512/223,308  elapsed 24.2s]
    [133,632/223,308  elapsed 25.2s]
    [138,752/223,308  elapsed 26.1s]
    [143,872/223,308  elapsed 27.1s]
    [148,992/223,308  elapsed 28.1s]
    [154,112/223,308  elapsed 29.1s]
    [159,232/223,308  elapsed 30.0s]
    [164,352/223,308  elapsed 31.0s]
    [169,472/223,308  elapsed 31.9s]
    [174,592/223,308  elapsed 32.9s]
    [179,712/223,308  elapsed 33.9s]
    [184,832/223,308  elapsed 34.8s]
    [189,952/223,308  elapsed 35.8s]
    [195,072/223,308  elapsed 36.8s]
    [200,192/223,308  elapsed 37.7s]
    [205,312/223,308  elapsed 38.7s]
    [210,432/223,308  elapsed 39.7s]
    [215,552/223,308  elapsed 40.6s]
    [220,672/223,308  elapsed 41.6s]
  eval done in 42.1s
  by-popularity NDCG@10: tail=0.0016(n=29,887)  mid=0.0081(n=33,352)  head=0.0508(n=160,069)
  evaluating 223,308 users in batches of 512...
    [512/223,308  elapsed 0.1s]
    [5,632/223,308  elapsed 1.1s]
    [10,752/223,308  elapsed 2.1s]
    [15,872/223,308  elapsed 3.0s]
    [20,992/223,308  elapsed 4.0s]
    [26,112/223,308  elapsed 5.0s]
    [31,232/223,308  elapsed 6.0s]
    [36,352/223,308  elapsed 6.9s]
    [41,472/223,308  elapsed 7.9s]
    [46,592/223,308  elapsed 8.9s]
    [51,712/223,308  elapsed 9.8s]
    [56,832/223,308  elapsed 10.8s]
    [61,952/223,308  elapsed 11.8s]
    [67,072/223,308  elapsed 12.7s]
    [72,192/223,308  elapsed 13.7s]
    [77,312/223,308  elapsed 14.7s]
    [82,432/223,308  elapsed 15.6s]
    [87,552/223,308  elapsed 16.6s]
    [92,672/223,308  elapsed 17.6s]
    [97,792/223,308  elapsed 18.5s]
    [102,912/223,308  elapsed 19.5s]
    [108,032/223,308  elapsed 20.5s]
    [113,152/223,308  elapsed 21.5s]
    [118,272/223,308  elapsed 22.4s]
    [123,392/223,308  elapsed 23.4s]
    [128,512/223,308  elapsed 24.4s]
    [133,632/223,308  elapsed 25.4s]
    [138,752/223,308  elapsed 26.4s]
    [143,872/223,308  elapsed 27.3s]
    [148,992/223,308  elapsed 28.3s]
    [154,112/223,308  elapsed 29.3s]
    [159,232/223,308  elapsed 30.3s]
    [164,352/223,308  elapsed 31.2s]
    [169,472/223,308  elapsed 32.2s]
    [174,592/223,308  elapsed 33.2s]
    [179,712/223,308  elapsed 34.1s]
    [184,832/223,308  elapsed 35.1s]
    [189,952/223,308  elapsed 36.1s]
    [195,072/223,308  elapsed 37.0s]
    [200,192/223,308  elapsed 38.0s]
    [205,312/223,308  elapsed 39.0s]
    [210,432/223,308  elapsed 40.0s]
    [215,552/223,308  elapsed 40.9s]
    [220,672/223,308  elapsed 41.9s]
  eval done in 42.4s
  by-popularity NDCG@10: tail=0.0008(n=36,610)  mid=0.0054(n=35,266)  head=0.0437(n=151,432)
  epoch  13  loss=9.2779  val_NDCG=0.0379  test_NDCG=0.0306  test_HR=0.0515  (41.7s)
  evaluating 223,308 users in batches of 512...
    [512/223,308  elapsed 0.1s]
    [5,632/223,308  elapsed 1.1s]
    [10,752/223,308  elapsed 2.1s]
    [15,872/223,308  elapsed 3.0s]
    [20,992/223,308  elapsed 4.0s]
    [26,112/223,308  elapsed 5.0s]
    [31,232/223,308  elapsed 6.0s]
    [36,352/223,308  elapsed 6.9s]
    [41,472/223,308  elapsed 7.9s]
    [46,592/223,308  elapsed 8.9s]
    [51,712/223,308  elapsed 9.8s]
    [56,832/223,308  elapsed 10.8s]
    [61,952/223,308  elapsed 11.7s]
    [67,072/223,308  elapsed 12.7s]
    [72,192/223,308  elapsed 13.7s]
    [77,312/223,308  elapsed 14.7s]
    [82,432/223,308  elapsed 15.6s]
    [87,552/223,308  elapsed 16.6s]
    [92,672/223,308  elapsed 17.6s]
    [97,792/223,308  elapsed 18.6s]
    [102,912/223,308  elapsed 19.5s]
    [108,032/223,308  elapsed 20.5s]
    [113,152/223,308  elapsed 21.5s]
    [118,272/223,308  elapsed 22.4s]
    [123,392/223,308  elapsed 23.4s]
    [128,512/223,308  elapsed 24.4s]
    [133,632/223,308  elapsed 25.4s]
    [138,752/223,308  elapsed 26.3s]
    [143,872/223,308  elapsed 27.3s]
    [148,992/223,308  elapsed 28.3s]
    [154,112/223,308  elapsed 29.3s]
    [159,232/223,308  elapsed 30.2s]
    [164,352/223,308  elapsed 31.2s]
    [169,472/223,308  elapsed 32.2s]
    [174,592/223,308  elapsed 33.2s]
    [179,712/223,308  elapsed 34.1s]
    [184,832/223,308  elapsed 35.1s]
    [189,952/223,308  elapsed 36.1s]
    [195,072/223,308  elapsed 37.1s]
    [200,192/223,308  elapsed 38.0s]
    [205,312/223,308  elapsed 39.0s]
    [210,432/223,308  elapsed 40.0s]
    [215,552/223,308  elapsed 41.0s]
    [220,672/223,308  elapsed 41.9s]
  eval done in 42.4s
  by-popularity NDCG@10: tail=0.0016(n=29,887)  mid=0.0084(n=33,352)  head=0.0508(n=160,069)
  evaluating 223,308 users in batches of 512...
    [512/223,308  elapsed 0.1s]
    [5,632/223,308  elapsed 1.1s]
    [10,752/223,308  elapsed 2.1s]
    [15,872/223,308  elapsed 3.1s]
    [20,992/223,308  elapsed 4.0s]
    [26,112/223,308  elapsed 5.0s]
    [31,232/223,308  elapsed 6.0s]
    [36,352/223,308  elapsed 7.0s]
    [41,472/223,308  elapsed 8.0s]
    [46,592/223,308  elapsed 8.9s]
    [51,712/223,308  elapsed 9.9s]
    [56,832/223,308  elapsed 10.9s]
    [61,952/223,308  elapsed 11.9s]
    [67,072/223,308  elapsed 12.8s]
    [72,192/223,308  elapsed 13.8s]
    [77,312/223,308  elapsed 14.8s]
    [82,432/223,308  elapsed 15.8s]
    [87,552/223,308  elapsed 16.8s]
    [92,672/223,308  elapsed 17.8s]
    [97,792/223,308  elapsed 18.7s]
    [102,912/223,308  elapsed 19.7s]
    [108,032/223,308  elapsed 20.7s]
    [113,152/223,308  elapsed 21.7s]
    [118,272/223,308  elapsed 22.7s]
    [123,392/223,308  elapsed 23.6s]
    [128,512/223,308  elapsed 24.6s]
    [133,632/223,308  elapsed 25.6s]
    [138,752/223,308  elapsed 26.6s]
    [143,872/223,308  elapsed 27.6s]
    [148,992/223,308  elapsed 28.6s]
    [154,112/223,308  elapsed 29.5s]
    [159,232/223,308  elapsed 30.5s]
    [164,352/223,308  elapsed 31.5s]
    [169,472/223,308  elapsed 32.5s]
    [174,592/223,308  elapsed 33.4s]
    [179,712/223,308  elapsed 34.4s]
    [184,832/223,308  elapsed 35.4s]
    [189,952/223,308  elapsed 36.3s]
    [195,072/223,308  elapsed 37.3s]
    [200,192/223,308  elapsed 38.3s]
    [205,312/223,308  elapsed 39.3s]
    [210,432/223,308  elapsed 40.3s]
    [215,552/223,308  elapsed 41.3s]
    [220,672/223,308  elapsed 42.3s]
  eval done in 42.8s
  by-popularity NDCG@10: tail=0.0009(n=36,610)  mid=0.0056(n=35,266)  head=0.0436(n=151,432)
  epoch  14  loss=9.2442  val_NDCG=0.0379  test_NDCG=0.0306  test_HR=0.0514  (41.7s)
  evaluating 223,308 users in batches of 512...
    [512/223,308  elapsed 0.1s]
    [5,632/223,308  elapsed 1.1s]
    [10,752/223,308  elapsed 2.0s]
    [15,872/223,308  elapsed 3.0s]
    [20,992/223,308  elapsed 4.0s]
    [26,112/223,308  elapsed 5.0s]
    [31,232/223,308  elapsed 5.9s]
    [36,352/223,308  elapsed 6.9s]
    [41,472/223,308  elapsed 7.9s]
    [46,592/223,308  elapsed 8.9s]
    [51,712/223,308  elapsed 9.8s]
    [56,832/223,308  elapsed 10.8s]
    [61,952/223,308  elapsed 11.7s]
    [67,072/223,308  elapsed 12.7s]
    [72,192/223,308  elapsed 13.7s]
    [77,312/223,308  elapsed 14.6s]
    [82,432/223,308  elapsed 15.6s]
    [87,552/223,308  elapsed 16.6s]
    [92,672/223,308  elapsed 17.6s]
    [97,792/223,308  elapsed 18.5s]
    [102,912/223,308  elapsed 19.5s]
    [108,032/223,308  elapsed 20.4s]
    [113,152/223,308  elapsed 21.5s]
    [118,272/223,308  elapsed 22.4s]
    [123,392/223,308  elapsed 23.4s]
    [128,512/223,308  elapsed 24.4s]
    [133,632/223,308  elapsed 25.4s]
    [138,752/223,308  elapsed 26.3s]
    [143,872/223,308  elapsed 27.3s]
    [148,992/223,308  elapsed 28.3s]
    [154,112/223,308  elapsed 29.2s]
    [159,232/223,308  elapsed 30.2s]
    [164,352/223,308  elapsed 31.2s]
    [169,472/223,308  elapsed 32.1s]
    [174,592/223,308  elapsed 33.1s]
    [179,712/223,308  elapsed 34.1s]
    [184,832/223,308  elapsed 35.0s]
    [189,952/223,308  elapsed 36.0s]
    [195,072/223,308  elapsed 37.0s]
    [200,192/223,308  elapsed 38.0s]
    [205,312/223,308  elapsed 38.9s]
    [210,432/223,308  elapsed 39.9s]
    [215,552/223,308  elapsed 41.1s]
    [220,672/223,308  elapsed 42.6s]
  eval done in 43.2s
  by-popularity NDCG@10: tail=0.0016(n=29,887)  mid=0.0085(n=33,352)  head=0.0509(n=160,069)
  evaluating 223,308 users in batches of 512...
    [512/223,308  elapsed 0.1s]
    [5,632/223,308  elapsed 1.1s]
    [10,752/223,308  elapsed 2.1s]
    [15,872/223,308  elapsed 3.1s]
    [20,992/223,308  elapsed 4.1s]
    [26,112/223,308  elapsed 5.1s]
    [31,232/223,308  elapsed 6.1s]
    [36,352/223,308  elapsed 7.1s]
    [41,472/223,308  elapsed 8.1s]
    [46,592/223,308  elapsed 9.0s]
    [51,712/223,308  elapsed 10.0s]
    [56,832/223,308  elapsed 11.0s]
    [61,952/223,308  elapsed 12.0s]
    [67,072/223,308  elapsed 12.9s]
    [72,192/223,308  elapsed 13.9s]
    [77,312/223,308  elapsed 14.9s]
    [82,432/223,308  elapsed 15.9s]
    [87,552/223,308  elapsed 17.3s]
    [92,672/223,308  elapsed 18.8s]
    [97,792/223,308  elapsed 20.3s]
    [102,912/223,308  elapsed 21.4s]
    [108,032/223,308  elapsed 22.7s]
    [113,152/223,308  elapsed 23.8s]
    [118,272/223,308  elapsed 24.8s]
    [123,392/223,308  elapsed 25.8s]
    [128,512/223,308  elapsed 26.8s]
    [133,632/223,308  elapsed 27.7s]
    [138,752/223,308  elapsed 28.8s]
    [143,872/223,308  elapsed 29.8s]
    [148,992/223,308  elapsed 30.8s]
    [154,112/223,308  elapsed 31.9s]
    [159,232/223,308  elapsed 32.9s]
    [164,352/223,308  elapsed 34.0s]
    [169,472/223,308  elapsed 35.5s]
    [174,592/223,308  elapsed 36.7s]
    [179,712/223,308  elapsed 38.1s]
    [184,832/223,308  elapsed 39.2s]
    [189,952/223,308  elapsed 40.7s]
    [195,072/223,308  elapsed 41.9s]
    [200,192/223,308  elapsed 43.3s]
    [205,312/223,308  elapsed 44.8s]
    [210,432/223,308  elapsed 46.3s]
    [215,552/223,308  elapsed 47.5s]
    [220,672/223,308  elapsed 48.6s]
  eval done in 49.1s
  by-popularity NDCG@10: tail=0.0010(n=36,610)  mid=0.0056(n=35,266)  head=0.0436(n=151,432)
  epoch  15  loss=9.2132  val_NDCG=0.0380  test_NDCG=0.0306  test_HR=0.0515  (41.8s)
Traceback (most recent call last):
  File "C:\Users\rayxc\Documents\R\_bestrec_run\run_sasrec_sbert.py", line 3030, in <module>
    sys.exit(main())
             ^^^^^^
  File "C:\Users\rayxc\Documents\R\_bestrec_run\run_sasrec_sbert.py", line 2651, in main
    train_loss, n_pos = train_one_epoch(model, loader, opt, pad_id, DEVICE,
                        ^^^^^^^^^^^^^^^^^^^^^^^^^^^^^^^^^^^^^^^^^^^^^^^^^^^
  File "C:\Users\rayxc\Documents\R\_bestrec_run\run_sasrec_sbert.py", line 1279, in train_one_epoch
    loss = chunked_full_softmax_loss(hidden, targets, model, pad_id,
           ^^^^^^^^^^^^^^^^^^^^^^^^^^^^^^^^^^^^^^^^^^^^^^^^^^^^^^^^^
  File "C:\Users\rayxc\Documents\R\_bestrec_run\run_sasrec_sbert.py", line 1076, in chunked_full_softmax_loss
    if in_chunk.any():
       ^^^^^^^^^^^^^^
torch.AcceleratorError: CUDA error: an illegal memory access was encountered
Search for `cudaErrorIllegalAddress' in https://docs.nvidia.com/cuda/cuda-runtime-api/group__CUDART__TYPES.html for more information.
CUDA kernel errors might be asynchronously reported at some other API call, so the stacktrace below might be incorrect.
For debugging consider passing CUDA_LAUNCH_BLOCKING=1
Compile with `TORCH_USE_CUDA_DSA` to enable device-side assertions.

RUN FAILED (exit 1): results_OFFICE_COLDFUSE_base_seed20260736.json
[skip existing] results_OFFICE_COLDFUSE_base_seed20260737.json
[skip existing] results_Office_Products_COLDFUSE_confirm_seed20260737.json
[skip existing] results_OFFICE_COLDFUSE_base_seed20260738.json
[skip existing] results_Office_Products_COLDFUSE_confirm_seed20260738.json
[skip existing] results_OFFICE_COLDFUSE_base_seed20260739.json
[skip existing] results_Office_Products_COLDFUSE_confirm_seed20260739.json
[skip existing] results_OFFICE_COLDFUSE_base_seed20260740.json
[skip existing] results_Office_Products_COLDFUSE_confirm_seed20260740.json
[skip existing] results_CDS_COLDFUSE_base_seed20260736.json
[skip existing] results_CDs_and_Vinyl_COLDFUSE_confirm_seed20260736.json
[skip existing] results_CDS_COLDFUSE_base_seed20260737.json
[skip existing] results_CDs_and_Vinyl_COLDFUSE_confirm_seed20260737.json
[skip existing] results_CDS_COLDFUSE_base_seed20260738.json
[skip existing] results_CDs_and_Vinyl_COLDFUSE_confirm_seed20260738.json
[skip existing] results_CDS_COLDFUSE_base_seed20260739.json
[skip existing] results_CDs_and_Vinyl_COLDFUSE_confirm_seed20260739.json
[skip existing] results_CDS_COLDFUSE_base_seed20260740.json
[skip existing] results_CDs_and_Vinyl_COLDFUSE_confirm_seed20260740.json
COLDFUSE CONFIRM DONE: 0 ran, 63 skipped, 1 failed, 32.3 min
