== CRI pilot FULL device=mps 2026-08-01 14:27:35
== run noise=uniform seed=13
  edges+noise: view=944355, cart=198029, buy=101398
  training multi-behavior model
    epoch   1 loss 0.6917 (9.6s)
    epoch   2 loss 0.6924 (9.2s)
    epoch   3 loss 0.6927 (9.4s)
    epoch   4 loss 0.6929 (8.8s)
    epoch   5 loss 0.6930 (8.5s)
    epoch   6 loss 0.6931 (9.4s)
    epoch   7 loss 0.6931 (9.0s)
    epoch   8 loss 0.6931 (9.6s)
    epoch   9 loss 0.6931 (8.9s)
    epoch  10 loss 0.6931 (9.1s)
    epoch  11 loss 0.6931 (8.1s)
    epoch  12 loss 0.6931 (9.2s)
    epoch  13 loss 0.6931 (9.3s)
    epoch  14 loss 0.6931 (8.9s)
    epoch  15 loss 0.6931 (9.4s)
    epoch  16 loss 0.6931 (9.0s)
    epoch  17 loss 0.6931 (8.6s)
    epoch  18 loss 0.6931 (9.1s)
    epoch  19 loss 0.6931 (9.3s)
    epoch  20 loss 0.6931 (9.0s)
    epoch  21 loss 0.6931 (9.5s)
    epoch  22 loss 0.6931 (9.0s)
    epoch  23 loss 0.6931 (8.2s)
    epoch  24 loss 0.6931 (9.3s)
    epoch  25 loss 0.6931 (9.1s)
    epoch  26 loss 0.6931 (9.4s)
    epoch  27 loss 0.6931 (9.2s)
    epoch  28 loss 0.6931 (7.8s)
    epoch  29 loss 0.6931 (9.5s)
    epoch  30 loss 0.6931 (9.6s)
    epoch  31 loss 0.6931 (9.7s)
    epoch  32 loss 0.6931 (9.4s)
    epoch  33 loss 0.6931 (9.4s)
    epoch  34 loss 0.6931 (9.4s)
    epoch  35 loss 0.6931 (10.2s)
    epoch  36 loss 0.6931 (9.6s)
    epoch  37 loss 0.6931 (9.5s)
    epoch  38 loss 0.6931 (10.3s)
    epoch  39 loss 0.6931 (10.2s)
    epoch  40 loss 0.6931 (10.7s)
  training pooled control
    epoch   1 loss 0.6925 (10.8s)
    epoch   2 loss 0.6928 (11.7s)
    epoch   3 loss 0.6929 (12.1s)
    epoch   4 loss 0.6930 (11.5s)
    epoch   5 loss 0.6931 (12.3s)
    epoch   6 loss 0.6931 (12.5s)
    epoch   7 loss 0.6931 (12.4s)
    epoch   8 loss 0.6931 (11.4s)
    epoch   9 loss 0.6931 (12.8s)
    epoch  10 loss 0.6931 (12.6s)
    epoch  11 loss 0.6931 (12.6s)
    epoch  12 loss 0.6931 (11.6s)
    epoch  13 loss 0.6931 (12.2s)
    epoch  14 loss 0.6931 (12.2s)
    epoch  15 loss 0.6931 (12.0s)
    epoch  16 loss 0.6931 (11.7s)
    epoch  17 loss 0.6931 (11.4s)
    epoch  18 loss 0.6931 (12.1s)
    epoch  19 loss 0.6931 (11.8s)
    epoch  20 loss 0.6931 (11.6s)
    epoch  21 loss 0.6931 (11.9s)
    epoch  22 loss 0.6931 (11.0s)
    epoch  23 loss 0.6931 (11.4s)
    epoch  24 loss 0.6931 (11.4s)
    epoch  25 loss 0.6931 (11.6s)
    epoch  26 loss 0.6931 (11.1s)
    epoch  27 loss 0.6931 (8.8s)
    epoch  28 loss 0.6931 (11.2s)
    epoch  29 loss 0.6931 (11.7s)
    epoch  30 loss 0.6931 (11.1s)
    epoch  31 loss 0.6931 (11.1s)
    epoch  32 loss 0.6931 (10.8s)
    epoch  33 loss 0.6931 (11.4s)
    epoch  34 loss 0.6931 (10.5s)
    epoch  35 loss 0.6931 (10.1s)
    epoch  36 loss 0.6931 (11.1s)
    epoch  37 loss 0.6931 (11.3s)
    epoch  38 loss 0.6931 (9.7s)
    epoch  39 loss 0.6931 (10.7s)
    epoch  40 loss 0.6931 (11.4s)
  done in 839.8s AUCs: {"view": {"D": 0.5632343876747152, "SI_b": 0.5014977488955223, "SI_pooled": 0.4994463891034155, "Loss": 0.4784259913475233}, "cart": {"D": 0.5739859106248062, "SI_b": 0.5076231167998577, "SI_pooled": 0.4973602112357541, "Loss": 0.443424964054155}, "buy": {"D": 0.5812235926238065, "SI_b": 0.49916128725665787, "SI_pooled": 0.5043442700874707, "Loss": 0.4700181469029554}}
== run noise=uniform seed=42
  edges+noise: view=944355, cart=198029, buy=101398
  training multi-behavior model
    epoch   1 loss 0.6917 (8.9s)
    epoch   2 loss 0.6924 (7.8s)
    epoch   3 loss 0.6927 (9.8s)
    epoch   4 loss 0.6929 (9.7s)
    epoch   5 loss 0.6930 (10.0s)
    epoch   6 loss 0.6931 (8.9s)
    epoch   7 loss 0.6931 (9.7s)
    epoch   8 loss 0.6931 (9.5s)
    epoch   9 loss 0.6931 (9.8s)
    epoch  10 loss 0.6931 (9.6s)
    epoch  11 loss 0.6931 (9.2s)
    epoch  12 loss 0.6931 (9.7s)
    epoch  13 loss 0.6931 (9.8s)
    epoch  14 loss 0.6931 (9.0s)
    epoch  15 loss 0.6931 (9.0s)
    epoch  16 loss 0.6931 (9.2s)
    epoch  17 loss 0.6931 (9.5s)
    epoch  18 loss 0.6931 (9.7s)
    epoch  19 loss 0.6931 (9.8s)
    epoch  20 loss 0.6931 (8.1s)
    epoch  21 loss 0.6931 (9.6s)
    epoch  22 loss 0.6931 (9.2s)
    epoch  23 loss 0.6931 (9.4s)
    epoch  24 loss 0.6931 (9.4s)
    epoch  25 loss 0.6931 (8.9s)
    epoch  26 loss 0.6931 (9.3s)
    epoch  27 loss 0.6931 (9.7s)
    epoch  28 loss 0.6931 (9.4s)
    epoch  29 loss 0.6931 (9.0s)
    epoch  30 loss 0.6931 (9.6s)
    epoch  31 loss 0.6931 (9.6s)
    epoch  32 loss 0.6931 (9.4s)
    epoch  33 loss 0.6931 (8.4s)
    epoch  34 loss 0.6931 (9.3s)
    epoch  35 loss 0.6931 (12.1s)
    epoch  36 loss 0.6931 (9.8s)
    epoch  37 loss 0.6931 (9.5s)
    epoch  38 loss 0.6931 (9.8s)
    epoch  39 loss 0.6931 (10.1s)
    epoch  40 loss 0.6931 (10.1s)
  training pooled control
    epoch   1 loss 0.6925 (11.4s)
    epoch   2 loss 0.6928 (11.2s)
    epoch   3 loss 0.6929 (10.4s)
    epoch   4 loss 0.6930 (9.9s)
    epoch   5 loss 0.6931 (10.9s)
    epoch   6 loss 0.6931 (11.3s)
    epoch   7 loss 0.6931 (10.7s)
    epoch   8 loss 0.6931 (10.9s)
    epoch   9 loss 0.6931 (9.9s)
    epoch  10 loss 0.6931 (11.2s)
    epoch  11 loss 0.6931 (11.1s)
    epoch  12 loss 0.6931 (11.2s)
    epoch  13 loss 0.6931 (10.2s)
    epoch  14 loss 0.6931 (9.9s)
    epoch  15 loss 0.6931 (11.1s)
    epoch  16 loss 0.6931 (11.2s)
    epoch  17 loss 0.6931 (11.3s)
    epoch  18 loss 0.6931 (11.1s)
    epoch  19 loss 0.6931 (10.6s)
    epoch  20 loss 0.6931 (10.9s)
    epoch  21 loss 0.6931 (11.1s)
    epoch  22 loss 0.6931 (11.2s)
    epoch  23 loss 0.6931 (11.0s)
    epoch  24 loss 0.6931 (10.9s)
    epoch  25 loss 0.6931 (9.7s)
    epoch  26 loss 0.6931 (10.7s)
    epoch  27 loss 0.6931 (11.5s)
    epoch  28 loss 0.6931 (10.0s)
    epoch  29 loss 0.6931 (9.8s)
    epoch  30 loss 0.6931 (11.4s)
    epoch  31 loss 0.6931 (11.2s)
    epoch  32 loss 0.6931 (10.7s)
    epoch  33 loss 0.6931 (10.7s)
    epoch  34 loss 0.6931 (11.2s)
    epoch  35 loss 0.6931 (11.1s)
    epoch  36 loss 0.6931 (9.9s)
    epoch  37 loss 0.6931 (10.8s)
    epoch  38 loss 0.6931 (10.4s)
    epoch  39 loss 0.6931 (11.0s)
    epoch  40 loss 0.6931 (10.6s)
  done in 818.8s AUCs: {"view": {"D": 0.555430127565589, "SI_b": 0.5009189849767182, "SI_pooled": 0.49910821419976203, "Loss": 0.47922349846715323}, "cart": {"D": 0.5587291743663921, "SI_b": 0.49680544869225685, "SI_pooled": 0.49782517654879016, "Loss": 0.440950584103246}, "buy": {"D": 0.572196872684077, "SI_b": 0.49699034996712543, "SI_pooled": 0.5013339174662796, "Loss": 0.4663986425617128}}
== run noise=uniform seed=2026
  edges+noise: view=944355, cart=198029, buy=101398
  training multi-behavior model
    epoch   1 loss 0.6917 (8.9s)
    epoch   2 loss 0.6924 (9.4s)
    epoch   3 loss 0.6927 (8.9s)
    epoch   4 loss 0.6929 (9.3s)
    epoch   5 loss 0.6930 (9.7s)
    epoch   6 loss 0.6931 (9.7s)
    epoch   7 loss 0.6931 (8.8s)
    epoch   8 loss 0.6931 (7.8s)
    epoch   9 loss 0.6931 (9.4s)
    epoch  10 loss 0.6931 (9.5s)
    epoch  11 loss 0.6931 (9.6s)
    epoch  12 loss 0.6931 (8.5s)
    epoch  13 loss 0.6931 (9.1s)
    epoch  14 loss 0.6931 (9.4s)
    epoch  15 loss 0.6931 (9.6s)
    epoch  16 loss 0.6931 (9.1s)
    epoch  17 loss 0.6931 (9.5s)
    epoch  18 loss 0.6931 (9.4s)
    epoch  19 loss 0.6931 (8.5s)
    epoch  20 loss 0.6931 (9.3s)
    epoch  21 loss 0.6931 (9.2s)
    epoch  22 loss 0.6931 (9.4s)
    epoch  23 loss 0.6931 (9.5s)
    epoch  24 loss 0.6931 (9.4s)
    epoch  25 loss 0.6931 (8.5s)
    epoch  26 loss 0.6931 (8.7s)
    epoch  27 loss 0.6931 (9.6s)
    epoch  28 loss 0.6931 (9.5s)
    epoch  29 loss 0.6931 (9.4s)
    epoch  30 loss 0.6931 (9.0s)
    epoch  31 loss 0.6931 (9.5s)
    epoch  32 loss 0.6931 (9.1s)
    epoch  33 loss 0.6931 (9.6s)
    epoch  34 loss 0.6931 (9.3s)
    epoch  35 loss 0.6931 (9.5s)
    epoch  36 loss 0.6931 (9.0s)
    epoch  37 loss 0.6931 (9.3s)
    epoch  38 loss 0.6931 (9.2s)
    epoch  39 loss 0.6931 (9.2s)
    epoch  40 loss 0.6931 (9.8s)
  training pooled control
    epoch   1 loss 0.6925 (10.0s)
    epoch   2 loss 0.6928 (10.3s)
    epoch   3 loss 0.6929 (10.8s)
    epoch   4 loss 0.6930 (10.9s)
    epoch   5 loss 0.6931 (11.1s)
    epoch   6 loss 0.6931 (10.2s)
    epoch   7 loss 0.6931 (10.8s)
    epoch   8 loss 0.6931 (10.9s)
    epoch   9 loss 0.6931 (11.3s)
    epoch  10 loss 0.6931 (10.9s)
    epoch  11 loss 0.6931 (10.8s)
    epoch  12 loss 0.6931 (11.2s)
    epoch  13 loss 0.6931 (11.0s)
    epoch  14 loss 0.6931 (9.8s)
    epoch  15 loss 0.6931 (10.9s)
    epoch  16 loss 0.6931 (11.0s)
    epoch  17 loss 0.6931 (10.9s)
    epoch  18 loss 0.6931 (10.7s)
    epoch  19 loss 0.6931 (10.8s)
    epoch  20 loss 0.6931 (11.1s)
    epoch  21 loss 0.6931 (10.9s)
    epoch  22 loss 0.6931 (10.8s)
    epoch  23 loss 0.6931 (11.2s)
    epoch  24 loss 0.6931 (11.0s)
    epoch  25 loss 0.6931 (10.4s)
    epoch  26 loss 0.6931 (9.7s)
    epoch  27 loss 0.6931 (11.4s)
    epoch  28 loss 0.6931 (11.4s)
    epoch  29 loss 0.6931 (10.8s)
    epoch  30 loss 0.6931 (9.4s)
    epoch  31 loss 0.6931 (11.0s)
    epoch  32 loss 0.6931 (11.3s)
    epoch  33 loss 0.6931 (10.3s)
    epoch  34 loss 0.6931 (11.1s)
    epoch  35 loss 0.6931 (10.3s)
    epoch  36 loss 0.6931 (10.9s)
    epoch  37 loss 0.6931 (10.5s)
    epoch  38 loss 0.6931 (10.9s)
    epoch  39 loss 0.6931 (11.4s)
    epoch  40 loss 0.6931 (10.6s)
  done in 809.0s AUCs: {"view": {"D": 0.5621993184458483, "SI_b": 0.4972742326440706, "SI_pooled": 0.49802410694727456, "Loss": 0.4787676997874198}, "cart": {"D": 0.5686530072063707, "SI_b": 0.4926107904846504, "SI_pooled": 0.5056432703668312, "Loss": 0.44419549633442723}, "buy": {"D": 0.5809258440510023, "SI_b": 0.499338375406801, "SI_pooled": 0.5030254500319424, "Loss": 0.46404964444323726}}
== run noise=popularity seed=13
  edges+noise: view=944355, cart=198029, buy=101398
  training multi-behavior model
    epoch   1 loss 0.6917 (9.9s)
    epoch   2 loss 0.6924 (9.4s)
    epoch   3 loss 0.6927 (8.8s)
    epoch   4 loss 0.6929 (9.3s)
    epoch   5 loss 0.6930 (9.8s)
    epoch   6 loss 0.6931 (9.4s)
    epoch   7 loss 0.6931 (9.9s)
    epoch   8 loss 0.6931 (9.2s)
    epoch   9 loss 0.6931 (9.8s)
    epoch  10 loss 0.6931 (9.0s)
    epoch  11 loss 0.6931 (9.6s)
    epoch  12 loss 0.6931 (9.1s)
    epoch  13 loss 0.6931 (10.0s)
    epoch  14 loss 0.6931 (9.2s)
    epoch  15 loss 0.6931 (9.6s)
    epoch  16 loss 0.6931 (8.9s)
    epoch  17 loss 0.6931 (9.4s)
    epoch  18 loss 0.6931 (9.5s)
    epoch  19 loss 0.6931 (9.5s)
    epoch  20 loss 0.6931 (9.6s)
    epoch  21 loss 0.6931 (9.1s)
    epoch  22 loss 0.6931 (9.5s)
    epoch  23 loss 0.6931 (8.9s)
    epoch  24 loss 0.6931 (9.8s)
    epoch  25 loss 0.6931 (8.6s)
    epoch  26 loss 0.6931 (9.7s)
    epoch  27 loss 0.6931 (9.8s)
    epoch  28 loss 0.6931 (10.0s)
    epoch  29 loss 0.6931 (9.1s)
    epoch  30 loss 0.6931 (9.3s)
    epoch  31 loss 0.6931 (9.2s)
    epoch  32 loss 0.6931 (10.0s)
    epoch  33 loss 0.6931 (9.7s)
    epoch  34 loss 0.6931 (9.3s)
    epoch  35 loss 0.6931 (9.2s)
    epoch  36 loss 0.6931 (9.7s)
    epoch  37 loss 0.6931 (9.8s)
    epoch  38 loss 0.6931 (9.6s)
    epoch  39 loss 0.6931 (9.8s)
    epoch  40 loss 0.6931 (9.6s)
  training pooled control
    epoch   1 loss 0.6925 (11.3s)
    epoch   2 loss 0.6928 (10.6s)
    epoch   3 loss 0.6929 (10.7s)
    epoch   4 loss 0.6930 (11.4s)
    epoch   5 loss 0.6931 (12.2s)
    epoch   6 loss 0.6931 (7.7s)
    epoch   7 loss 0.6931 (11.3s)
    epoch   8 loss 0.6931 (12.4s)
    epoch   9 loss 0.6931 (11.7s)
    epoch  10 loss 0.6931 (141.2s)
    epoch  11 loss 0.6931 (8.2s)
    epoch  12 loss 0.6931 (9.1s)
    epoch  13 loss 0.6931 (9.5s)
    epoch  14 loss 0.6931 (8.9s)
    epoch  15 loss 0.6931 (9.3s)
    epoch  16 loss 0.6931 (9.7s)
    epoch  17 loss 0.6931 (9.2s)
    epoch  18 loss 0.6931 (8.7s)
    epoch  19 loss 0.6931 (9.1s)
    epoch  20 loss 0.6931 (9.8s)
    epoch  21 loss 0.6931 (9.5s)
    epoch  22 loss 0.6931 (9.2s)
    epoch  23 loss 0.6931 (9.9s)
    epoch  24 loss 0.6931 (10.8s)
    epoch  25 loss 0.6931 (12.8s)
    epoch  26 loss 0.6931 (14.7s)
    epoch  27 loss 0.6931 (15.1s)
    epoch  28 loss 0.6931 (19.1s)
    epoch  29 loss 0.6931 (17.1s)
    epoch  30 loss 0.6931 (18.1s)
    epoch  31 loss 0.6931 (17.2s)
    epoch  32 loss 0.6931 (15.5s)
    epoch  33 loss 0.6931 (15.1s)
    epoch  34 loss 0.6931 (14.3s)
    epoch  35 loss 0.6931 (14.7s)
    epoch  36 loss 0.6931 (14.4s)
    epoch  37 loss 0.6931 (79.7s)
    epoch  38 loss 0.6931 (8.9s)
    epoch  39 loss 0.6931 (8.4s)
    epoch  40 loss 0.6931 (8.7s)
  done in 1061.5s AUCs: {"view": {"D": 0.5551879997388289, "SI_b": 0.4995205735755439, "SI_pooled": 0.49967378698576514, "Loss": 0.5031467790931017}, "cart": {"D": 0.5686623917928315, "SI_b": 0.5004792885790064, "SI_pooled": 0.49631052762125427, "Loss": 0.49521110900011917}, "buy": {"D": 0.578982216442299, "SI_b": 0.5031614544185414, "SI_pooled": 0.5002123476095356, "Loss": 0.5081434499162331}}
== run noise=popularity seed=42
  edges+noise: view=944355, cart=198029, buy=101398
  training multi-behavior model
    epoch   1 loss 0.6917 (8.1s)
    epoch   2 loss 0.6924 (8.3s)
    epoch   3 loss 0.6927 (7.7s)
    epoch   4 loss 0.6929 (7.3s)
    epoch   5 loss 0.6930 (7.9s)
    epoch   6 loss 0.6931 (8.1s)
    epoch   7 loss 0.6931 (8.0s)
    epoch   8 loss 0.6931 (8.2s)
    epoch   9 loss 0.6931 (7.9s)
    epoch  10 loss 0.6931 (7.3s)
    epoch  11 loss 0.6931 (8.5s)
    epoch  12 loss 0.6931 (9.1s)
    epoch  13 loss 0.6931 (9.6s)
    epoch  14 loss 0.6931 (10.0s)
    epoch  15 loss 0.6931 (10.9s)
    epoch  16 loss 0.6931 (10.0s)
    epoch  17 loss 0.6931 (11.0s)
    epoch  18 loss 0.6931 (11.1s)
    epoch  19 loss 0.6931 (11.7s)
    epoch  20 loss 0.6931 (11.1s)
    epoch  21 loss 0.6931 (10.1s)
    epoch  22 loss 0.6931 (9.3s)
    epoch  23 loss 0.6931 (10.2s)
    epoch  24 loss 0.6931 (10.1s)
    epoch  25 loss 0.6931 (9.8s)
    epoch  26 loss 0.6931 (9.3s)
    epoch  27 loss 0.6931 (9.7s)
    epoch  28 loss 0.6931 (9.5s)
    epoch  29 loss 0.6931 (9.7s)
    epoch  30 loss 0.6931 (9.5s)
    epoch  31 loss 0.6931 (9.6s)
    epoch  32 loss 0.6931 (9.2s)
    epoch  33 loss 0.6931 (10.9s)
    epoch  34 loss 0.6931 (9.9s)
    epoch  35 loss 0.6931 (11.0s)
    epoch  36 loss 0.6931 (11.2s)
    epoch  37 loss 0.6931 (10.6s)
    epoch  38 loss 0.6931 (10.4s)
    epoch  39 loss 0.6931 (9.0s)
    epoch  40 loss 0.6931 (220.7s)
  training pooled control
    epoch   1 loss 0.6925 (9.7s)
    epoch   2 loss 0.6928 (8.9s)
    epoch   3 loss 0.6929 (8.6s)
    epoch   4 loss 0.6930 (9.4s)
    epoch   5 loss 0.6931 (8.9s)
    epoch   6 loss 0.6931 (8.9s)
    epoch   7 loss 0.6931 (8.7s)
    epoch   8 loss 0.6931 (8.9s)
    epoch   9 loss 0.6931 (9.2s)
    epoch  10 loss 0.6931 (9.3s)
    epoch  11 loss 0.6931 (9.2s)
    epoch  12 loss 0.6931 (9.0s)
    epoch  13 loss 0.6931 (9.4s)
    epoch  14 loss 0.6931 (9.0s)
    epoch  15 loss 0.6931 (9.5s)
    epoch  16 loss 0.6931 (9.4s)
    epoch  17 loss 0.6931 (9.3s)
    epoch  18 loss 0.6931 (10.5s)
    epoch  19 loss 0.6931 (10.6s)
    epoch  20 loss 0.6931 (11.7s)
    epoch  21 loss 0.6931 (12.2s)
    epoch  22 loss 0.6931 (12.9s)
    epoch  23 loss 0.6931 (13.1s)
    epoch  24 loss 0.6931 (13.3s)
    epoch  25 loss 0.6931 (13.2s)
    epoch  26 loss 0.6931 (14.1s)
    epoch  27 loss 0.6931 (12.1s)
    epoch  28 loss 0.6931 (12.1s)
    epoch  29 loss 0.6931 (12.0s)
    epoch  30 loss 0.6931 (12.0s)
    epoch  31 loss 0.6931 (12.5s)
    epoch  32 loss 0.6931 (11.8s)
    epoch  33 loss 0.6931 (11.6s)
    epoch  34 loss 0.6931 (11.7s)
    epoch  35 loss 0.6931 (11.9s)
    epoch  36 loss 0.6931 (11.9s)
    epoch  37 loss 0.6931 (11.6s)
    epoch  38 loss 0.6931 (11.3s)
    epoch  39 loss 0.6931 (12.3s)
    epoch  40 loss 0.6931 (12.6s)
  done in 1042.3s AUCs: {"view": {"D": 0.554232998067366, "SI_b": 0.4988686042199084, "SI_pooled": 0.5004558739687451, "Loss": 0.5076869251353997}, "cart": {"D": 0.5700150117343401, "SI_b": 0.5037786054307903, "SI_pooled": 0.5007580137899386, "Loss": 0.49387581076999837}, "buy": {"D": 0.5832951283773609, "SI_b": 0.49807373585532017, "SI_pooled": 0.5002577816540045, "Loss": 0.5131828952485306}}
== run noise=popularity seed=2026
  edges+noise: view=944355, cart=198029, buy=101398
  training multi-behavior model
    epoch   1 loss 0.6917 (8.1s)
    epoch   2 loss 0.6924 (10.5s)
    epoch   3 loss 0.6927 (10.5s)
    epoch   4 loss 0.6929 (10.4s)
    epoch   5 loss 0.6930 (10.4s)
    epoch   6 loss 0.6931 (10.2s)
    epoch   7 loss 0.6931 (9.7s)
    epoch   8 loss 0.6931 (10.2s)
    epoch   9 loss 0.6931 (10.2s)
    epoch  10 loss 0.6931 (10.9s)
    epoch  11 loss 0.6931 (10.2s)
    epoch  12 loss 0.6931 (9.4s)
    epoch  13 loss 0.6931 (9.9s)
    epoch  14 loss 0.6931 (9.9s)
    epoch  15 loss 0.6931 (9.8s)
    epoch  16 loss 0.6931 (10.0s)
    epoch  17 loss 0.6931 (9.8s)
    epoch  18 loss 0.6931 (9.8s)
    epoch  19 loss 0.6931 (9.4s)
    epoch  20 loss 0.6931 (9.7s)
    epoch  21 loss 0.6931 (9.5s)
    epoch  22 loss 0.6931 (9.6s)
    epoch  23 loss 0.6931 (9.3s)
    epoch  24 loss 0.6931 (9.8s)
    epoch  25 loss 0.6931 (9.3s)
    epoch  26 loss 0.6931 (9.7s)
    epoch  27 loss 0.6931 (10.2s)
    epoch  28 loss 0.6931 (9.8s)
    epoch  29 loss 0.6931 (9.8s)
    epoch  30 loss 0.6931 (10.1s)
    epoch  31 loss 0.6931 (9.9s)
    epoch  32 loss 0.6931 (10.6s)
    epoch  33 loss 0.6931 (10.0s)
    epoch  34 loss 0.6931 (9.3s)
    epoch  35 loss 0.6931 (10.4s)
    epoch  36 loss 0.6931 (9.8s)
    epoch  37 loss 0.6931 (9.9s)
    epoch  38 loss 0.6931 (9.9s)
    epoch  39 loss 0.6931 (9.6s)
    epoch  40 loss 0.6931 (10.1s)
  training pooled control
    epoch   1 loss 0.6925 (12.4s)
    epoch   2 loss 0.6928 (11.1s)
    epoch   3 loss 0.6929 (12.3s)
    epoch   4 loss 0.6930 (11.6s)
    epoch   5 loss 0.6931 (11.9s)
    epoch   6 loss 0.6931 (12.2s)
    epoch   7 loss 0.6931 (11.6s)
    epoch   8 loss 0.6931 (11.5s)
    epoch   9 loss 0.6931 (11.6s)
    epoch  10 loss 0.6931 (11.9s)
    epoch  11 loss 0.6931 (11.8s)
    epoch  12 loss 0.6931 (11.7s)
    epoch  13 loss 0.6931 (10.5s)
    epoch  14 loss 0.6931 (11.7s)
    epoch  15 loss 0.6931 (11.7s)
    epoch  16 loss 0.6931 (12.4s)
    epoch  17 loss 0.6931 (11.8s)
    epoch  18 loss 0.6931 (10.7s)
    epoch  19 loss 0.6931 (12.3s)
    epoch  20 loss 0.6931 (11.6s)
    epoch  21 loss 0.6931 (11.4s)
    epoch  22 loss 0.6931 (11.6s)
    epoch  23 loss 0.6931 (11.2s)
    epoch  24 loss 0.6931 (11.1s)
    epoch  25 loss 0.6931 (11.6s)
    epoch  26 loss 0.6931 (12.2s)
    epoch  27 loss 0.6931 (12.2s)
    epoch  28 loss 0.6931 (12.5s)
    epoch  29 loss 0.6931 (11.8s)
    epoch  30 loss 0.6931 (11.9s)
    epoch  31 loss 0.6931 (11.8s)
    epoch  32 loss 0.6931 (11.4s)
    epoch  33 loss 0.6931 (11.8s)
    epoch  34 loss 0.6931 (11.3s)
    epoch  35 loss 0.6931 (12.0s)
    epoch  36 loss 0.6931 (11.4s)
    epoch  37 loss 0.6931 (11.5s)
    epoch  38 loss 0.6931 (11.7s)
    epoch  39 loss 0.6931 (11.6s)
    epoch  40 loss 0.6931 (11.6s)
  done in 884.4s AUCs: {"view": {"D": 0.5551255136784983, "SI_b": 0.5008569208211385, "SI_pooled": 0.4993678951257037, "Loss": 0.5036171530755963}, "cart": {"D": 0.5751314317134794, "SI_b": 0.495516620426303, "SI_pooled": 0.5023100299660207, "Loss": 0.49505587052485156}, "buy": {"D": 0.5805146562982676, "SI_b": 0.5002115908854359, "SI_pooled": 0.5011483494164468, "Loss": 0.5100583190669853}}
== all runs complete
